#-----------------------------------------------------------
# PlanAhead v14.7
# Build 321239 by xbuild on Fri Sep 27 19:31:35 MDT 2013
# Start of session at: Mon Nov 18 17:16:12 2019
# Process ID: 5196
# Log file: C:/logic/bcdto7_seg/planAhead_run_1/planAhead.log
# Journal file: C:/logic/bcdto7_seg/planAhead_run_1/planAhead.jou
#-----------------------------------------------------------
start_gui
source C:/logic/bcdto7_seg/pa.fromHdl.tcl
update_compile_order -fileset sim_1
startgroup
set_property package_pin AF5 [get_ports {seg_data[0]}]
endgroup
startgroup
set_property package_pin AE5 [get_ports {seg_data[1]}]
endgroup
startgroup
set_property package_pin AB6 [get_ports {seg_data[2]}]
endgroup
startgroup
set_property package_pin AA6 [get_ports {seg_data[3]}]
endgroup
startgroup
set_property package_pin K26 [get_ports {seg_data[4]}]
endgroup
startgroup
set_property package_pin K25 [get_ports {seg_data[5]}]
endgroup
startgroup
set_property package_pin AC2 [get_ports {seg_data[6]}]
endgroup
startgroup
set_property package_pin AC1 [get_ports {seg_data[7]}]
endgroup
startgroup
set_property package_pin W4 [get_ports {seg_com[0]}]
endgroup
startgroup
set_property package_pin W5 [get_ports {seg_com[1]}]
endgroup
startgroup
set_property package_pin W6 [get_ports {seg_com[2]}]
endgroup
startgroup
set_property package_pin AB3 [get_ports {seg_com[3]}]
endgroup
startgroup
set_property package_pin AB4 [get_ports {seg_com[4]}]
endgroup
startgroup
set_property package_pin W1 [get_ports {seg_com[5]}]
endgroup
startgroup
set_property package_pin W2 [get_ports {seg_com[6]}]
endgroup
startgroup
set_property package_pin AD2 [get_ports {seg_com[7]}]
endgroup
startgroup
set_property package_pin Y16 [get_ports {bcd_in[0]}]
endgroup
startgroup
set_property package_pin AB15 [get_ports {bcd_in[1]}]
endgroup
startgroup
set_property package_pin AA15 [get_ports {bcd_in[2]}]
endgroup
startgroup
set_property package_pin AE15 [get_ports {bcd_in[3]}]
endgroup
startgroup
set_property package_pin AA15 [get_ports {bcd_in[2]}]
endgroup
startgroup
set_property package_pin AB15 [get_ports {bcd_in[1]}]
endgroup
save_constraints
