******************************************************************************
                  TI ARM Linker PC v5.2.2                      
******************************************************************************
>> Linked Wed Dec 22 17:12:23 2021

OUTPUT FILE NAME:   <LCD_TOUCH.out>
ENTRY POINT SYMBOL: "_c_int00"  address: 000062b1


MEMORY CONFIGURATION

         name            origin    length      used     unused   attr    fill
----------------------  --------  ---------  --------  --------  ----  --------
  FLASH                 00000000   00100000  00006c74  000f938c  R  X
  SRAM                  20000000   00040000  00028144  00017ebc  RW X


SEGMENT ALLOCATION MAP

run origin  load origin   length   init length attrs members
----------  ----------- ---------- ----------- ----- -------
00000000    00000000    00006c78   00006c78    r-x
  00000000    00000000    00000208   00000208    r-- .intvecs
  00000208    00000208    00006700   00006700    r-x .text
  00006908    00006908    000002e4   000002e4    r-- .const
  00006bf0    00006bf0    00000088   00000088    r-- .cinit
20000000    20000000    00028148   00000000    rw-
  20000000    20000000    000277bc   00000000    rw- .bss
  200277bc    200277bc    00000800   00000000    rw- .stack
  20027fc0    20027fc0    00000188   00000000    rw- .data


SECTION ALLOCATION MAP

 output                                  attributes/
section   page    origin      length       input sections
--------  ----  ----------  ----------   ----------------
.intvecs   0    00000000    00000208     
                  00000000    00000208     tm4c129xnczad_startup_ccs.obj (.intvecs)

.text      0    00000208    00006700     
                  00000208    00002eae     myLib.obj (.text)
                  000030b6    00000002     --HOLE-- [fill = 0]
                  000030b8    000010ba     rtsv7M4_T_le_v4SPD16_eabi.lib : _printfi.obj (.text)
                  00004172    00000002     --HOLE-- [fill = 0]
                  00004174    000005e8     pinout.obj (.text)
                  0000475c    00000570     touch.obj (.text)
                  00004ccc    00000328     mx66l51235f.obj (.text)
                  00004ff4    000002b4     main.obj (.text)
                  000052a8    000001fc     driverlib.lib : sysctl.obj (.text:SysCtlClockFreqSet)
                  000054a4    000001f4     rtsv7M4_T_le_v4SPD16_eabi.lib : ull_div_t2.obj (.text)
                  00005698    000001b6                                   : fd_add_t2.obj (.text)
                  0000584e    00000136                                   : fd_div_t2.obj (.text)
                  00005984    00000130     driverlib.lib : gpio.obj (.text:GPIOPadConfigSet)
                  00005ab4    00000110     rtsv7M4_T_le_v4SPD16_eabi.lib : xdscale.obj (.text)
                  00005bc4    000000fc                                   : fd_mul_t2.obj (.text)
                  00005cc0    000000be                                   : xdnorm.obj (.text)
                  00005d7e    0000009c                                   : memcpy_t2.obj (.text)
                  00005e1a    00000086                                   : fd_cmp_t2.obj (.text:__aeabi_cdcmple)
                  00005ea0    00000086                                   : fd_cmp_t2.obj (.text:__aeabi_cdrcmple)
                  00005f26    00000002     --HOLE-- [fill = 0]
                  00005f28    00000080     driverlib.lib : udma.obj (.text:uDMAChannelTransferSet)
                  00005fa8    0000007a     rtsv7M4_T_le_v4SPD16_eabi.lib : memset_t2.obj (.text)
                  00006022    00000002     --HOLE-- [fill = 0]
                  00006024    0000006c                                   : autoinit.obj (.text)
                  00006090    0000006a                                   : copy_decompress_rle.obj (.text)
                  000060fa    00000066                                   : xdunscal.obj (.text)
                  00006160    00000058     driverlib.lib : timer.obj (.text:TimerControlTrigger)
                  000061b8    00000056     rtsv7M4_T_le_v4SPD16_eabi.lib : ltoa.obj (.text)
                  0000620e    00000052                                   : ldexp.obj (.text)
                  00006260    00000050     driverlib.lib : sysctl.obj (.text:SysCtlPeripheralReset)
                  000062b0    00000050     rtsv7M4_T_le_v4SPD16_eabi.lib : boot.obj (.text)
                  00006300    0000004c                                   : atoi.obj (.text)
                  0000634c    0000004c                                   : cpy_tbl.obj (.text)
                  00006398    00000048     driverlib.lib : sysctl.obj (.text:_SysCtlFrequencyGet)
                  000063e0    00000048     rtsv7M4_T_le_v4SPD16_eabi.lib : fd_toi_t2.obj (.text)
                  00006428    00000048                                   : vsprintf.obj (.text)
                  00006470    00000048     driverlib.lib : udma.obj (.text:uDMAChannelAttributeDisable)
                  000064b8    00000044     rtsv7M4_T_le_v4SPD16_eabi.lib : exit.obj (.text)
                  000064fc    00000040                                   : signal.obj (.text)
                  0000653c    00000038                                   : fs_tod_t2.obj (.text)
                  00006574    00000036     driverlib.lib : lcd.obj (.text:LCDIDDTimingSet)
                  000065aa    00000002     --HOLE-- [fill = 0]
                  000065ac    00000034                   : sysctl.obj (.text:SysCtlPeripheralEnable)
                  000065e0    00000034     rtsv7M4_T_le_v4SPD16_eabi.lib : feraiseexcept.obj (.text)
                  00006614    00000030                                   : xdclass.obj (.text)
                  00006644    00000030                                   : xferaise.obj (.text)
                  00006674    0000002e                                   : i_tofd_t2.obj (.text)
                  000066a2    0000002e                                   : raise.obj (.text)
                  000066d0    0000002a     driverlib.lib : gpio.obj (.text:GPIODirModeSet)
                  000066fa    0000002a     rtsv7M4_T_le_v4SPD16_eabi.lib : frexp.obj (.text)
                  00006724    00000024     driverlib.lib : udma.obj (.text:uDMAChannelControlSet)
                  00006748    00000022                   : lcd.obj (.text:LCDModeSet)
                  0000676a    00000002     --HOLE-- [fill = 0]
                  0000676c    0000001c                   : sysctl.obj (.text:_SysCtlMemTimingGet)
                  00006788    0000001c     rtsv7M4_T_le_v4SPD16_eabi.lib : memccpy.obj (.text)
                  000067a4    00000018     driverlib.lib : gpio.obj (.text:GPIOPinTypeGPIOOutput)
                  000067bc    00000018     myLib.obj (.text:WriteCommand)
                  000067d4    00000018     myLib.obj (.text:WriteData)
                  000067ec    00000018     rtsv7M4_T_le_v4SPD16_eabi.lib : args_main.obj (.text)
                  00006804    00000018     driverlib.lib : udma.obj (.text:uDMAChannelEnable)
                  0000681c    00000016     rtsv7M4_T_le_v4SPD16_eabi.lib : strchr.obj (.text)
                  00006832    00000002     --HOLE-- [fill = 0]
                  00006834    00000014                                   : _lock.obj (.text)
                  00006848    00000014                                   : strlen.obj (.text)
                  0000685c    00000014     driverlib.lib : udma.obj (.text:uDMAChannelRequest)
                  00006870    00000012                   : gpio.obj (.text:GPIOPinTypeEthernetLED)
                  00006882    00000012                   : gpio.obj (.text:GPIOPinTypeLCD)
                  00006894    00000010                   : udma.obj (.text:uDMAEnable)
                  000068a4    0000000e     rtsv7M4_T_le_v4SPD16_eabi.lib : copy_decompress_none.obj (.text:decompress:none)
                  000068b2    0000000c     driverlib.lib : lcd.obj (.text:LCDIDDCommandWrite)
                  000068be    0000000c                   : lcd.obj (.text:LCDIDDDataWrite)
                  000068ca    0000000c     rtsv7M4_T_le_v4SPD16_eabi.lib : copy_zero_init.obj (.text:decompress:ZI)
                  000068d6    0000000c     tm4c129xnczad_startup_ccs.obj (.text)
                  000068e2    00000002     --HOLE-- [fill = 0]
                  000068e4    0000000c     driverlib.lib : udma.obj (.text:uDMAControlBaseSet)
                  000068f0    00000006                   : sysctl.obj (.text:SysCtlDelay)
                  000068f6    00000006     rtsv7M4_T_le_v4SPD16_eabi.lib : copy_decompress_rle.obj (.text:decompress:rle24)
                  000068fc    00000004     driverlib.lib : lcd.obj (.text:LCDDMAConfigSet)
                  00006900    00000004                   : lcd.obj (.text:LCDIDDConfigSet)
                  00006904    00000004     rtsv7M4_T_le_v4SPD16_eabi.lib : pre_init.obj (.text)

.const     0    00006908    000002e4     
                  00006908    00000120     driverlib.lib : sysctl.obj (.const:g_pppui32XTALtoVCO)
                  00006a28    00000101     rtsv7M4_T_le_v4SPD16_eabi.lib : ctype.obj (.const:.string:_ctypes_)
                  00006b29    00000003     --HOLE-- [fill = 0]
                  00006b2c    0000006c     driverlib.lib : sysctl.obj (.const:g_pui32Xtals)
                  00006b98    00000030                   : sysctl.obj (.const:g_sXTALtoMEMTIM)
                  00006bc8    0000001c     touch.obj (.const)
                  00006be4    00000008     driverlib.lib : sysctl.obj (.const)

.cinit     0    00006bf0    00000088     
                  00006bf0    0000005d     (.cinit..data.load) [load image, compression = rle]
                  00006c4d    00000003     --HOLE-- [fill = 0]
                  00006c50    0000000c     (__TI_handler_table)
                  00006c5c    00000004     --HOLE-- [fill = 0]
                  00006c60    00000008     (.cinit..bss.load) [load image, compression = zero_init]
                  00006c68    00000010     (__TI_cinit_table)

.init_array 
*          0    00000000    00000000     UNINITIALIZED

.bss       0    20000000    000277bc     UNINITIALIZED
                  20000000    0001fe00     main.obj (.bss:buffer)
                  2001fe00    00002580     myLib.obj (.bss:temp_buffer$4)
                  20022380    00002580     myLib.obj (.bss:temp_buffer$5)
                  20024900    00001540     myLib.obj (.bss:temp_buffer$2)
                  20025e40    00001540     myLib.obj (.bss:temp_buffer$3)
                  20027380    00000400     myLib.obj (.bss:pui8DMAControlTable$1)
                  20027780    00000010     (.common:g_pi16Samples)
                  20027790    00000004     (.common:g_pfnTSHandler)
                  20027794    00000004     (.common:g_ui32MX66L51235FAddr)
                  20027798    00000004     (.common:g_ui32SysClock)
                  2002779c    00000004     (.common:g_ui32TSState)
                  200277a0    00000004     (.common:rx1)
                  200277a4    00000004     (.common:rx2)
                  200277a8    00000004     (.common:ry1)
                  200277ac    00000004     (.common:ry2)
                  200277b0    00000004     (.common:user_X)
                  200277b4    00000004     (.common:user_Y)
                  200277b8    00000002     (.common:g_i16TouchX)
                  200277ba    00000002     (.common:g_i16TouchY)

.TI.noinit 
*          0    20000000    00000000     UNINITIALIZED

.stack     0    200277bc    00000800     UNINITIALIZED
                  200277bc    00000800     --HOLE--

.data      0    20027fc0    00000188     UNINITIALIZED
                  20027fc0    000000b0     rtsv7M4_T_le_v4SPD16_eabi.lib : signal.obj (.data:sigtable)
                  20028070    00000080                                   : xvalues.obj (.data)
                  200280f0    0000001c     main.obj (.data)
                  2002810c    00000017     myLib.obj (.data)
                  20028123    00000001     --HOLE--
                  20028124    00000008     rtsv7M4_T_le_v4SPD16_eabi.lib : _lock.obj (.data)
                  2002812c    00000008                                   : exit.obj (.data)
                  20028134    00000008                                   : feraiseexcept.obj (.data)
                  2002813c    00000004                                   : errno.obj (.data)
                  20028140    00000004                                   : stkdepth_vars.obj (.data)
                  20028144    00000004     touch.obj (.data)

.TI.persistent 
*          0    20027fc0    00000000     UNINITIALIZED


LINKER GENERATED COPY TABLES

__TI_cinit_table @ 00006c68 records: 2, size/record: 8, table size: 16
	.data: load addr=00006bf0, load size=0000005d bytes, run addr=20027fc0, run size=00000188 bytes, compression=rle
	.bss: load addr=00006c60, load size=00000008 bytes, run addr=20000000, run size=000277bc bytes, compression=zero_init


LINKER GENERATED HANDLER TABLE

__TI_handler_table @ 00006c50 records: 3, size/record: 4, table size: 12
	index: 0, handler: __TI_decompress_rle24
	index: 1, handler: __TI_decompress_none
	index: 2, handler: __TI_zero_init


GLOBAL SYMBOLS: SORTED ALPHABETICALLY BY Name 

address   name                       
-------   ----                       
000025a5  BUZZER_clear               
00002359  BUZZER_init                
000064b9  C$$EXIT                    
00002231  DIP_init                   
0000260d  DelayForPlay               
00001069  DrawCircle                 
00001123  DrawCircle_fill            
00000a45  DrawImage                  
00000d85  DrawLine                   
000011d9  DrawRect_fill              
000029cd  FND_clear                  
00002709  FND_init                   
000066d1  GPIODirModeSet             
00005985  GPIOPadConfigSet           
00006871  GPIOPinTypeEthernetLED     
000067a5  GPIOPinTypeGPIOOutput      
00006883  GPIOPinTypeLCD             
000068fd  LCDDMAConfigSet            
000068b3  LCDIDDCommandWrite         
00006901  LCDIDDConfigSet            
000068bf  LCDIDDDataWrite            
00006575  LCDIDDTimingSet            
00006749  LCDModeSet                 
00000209  LCD_Init                   
00002135  LED_init                   
00002fef  LineFunc                   
00004e4b  MX66L51235FBlockErase32    
00004e9d  MX66L51235FBlockErase64    
00004eef  MX66L51235FChipErase       
00004ccd  MX66L51235FInit            
00004f37  MX66L51235FPageProgram     
00004f93  MX66L51235FRead            
00004df9  MX66L51235FSectorErase     
000022b9  PUSH_init                  
00004175  PinoutSet                  
000025c5  Play                       
000050e5  PointerMessage             
0000054d  Port_Init                  
00000d03  PutPixel                   
000068d7  ResetISR                   
00000bc1  RestoreBackground          
UNDEFED   SHT$$INIT_ARRAY$$Base      
UNDEFED   SHT$$INIT_ARRAY$$Limit     
00001859  Scroll_down                
00001291  Scroll_left                
00001569  Scroll_right               
00001cad  Scroll_up                  
000020f1  SetFullFrame               
000052a9  SysCtlClockFreqSet         
000068f1  SysCtlDelay                
000065ad  SysCtlPeripheralEnable     
00006261  SysCtlPeripheralReset      
00002469  TIMER_init                 
00006161  TimerControlTrigger        
00004c57  TouchScreenCallbackSet     
00004b71  TouchScreenInit            
00004a09  TouchScreenIntHandler      
000008a5  Uart_GetCh                 
000008b5  Uart_GetKey                
000007f3  Uart_Init                  
00000931  Uart_Printf                
000008cd  Uart_PutCh                 
000008f1  Uart_PutStr                
00002651  WDTinitISR                 
000028e1  WRITE_FND                  
0000295d  WRITE_FND_DOT              
000067bd  WriteCommand               
000067d5  WriteData                  
00006615  _Dclass                    
20028070  _Denorm                    
00005cc1  _Dnorm                     
00005ab5  _Dscale                    
000060fb  _Dunscale                  
20028080  _Eps                       
2002813c  _Errno                     
20028134  _Fenv                      
00006645  _Feraise                   
20028090  _Hugeval                   
200280a0  _Inf                       
200280b0  _Nan                       
200280d0  _Rteps                     
200280c0  _Snan                      
20028138  _Tls_setup__Fenv           
200280e0  _Xbig                      
200280e8  _Zero                      
20027fbc  __STACK_END                
00000800  __STACK_SIZE               
200279bc  __STACK_TOP                
00006c68  __TI_CINIT_Base            
00006c78  __TI_CINIT_Limit           
00006c50  __TI_Handler_Table_Base    
00006c5c  __TI_Handler_Table_Limit   
00006025  __TI_auto_init             
2002812c  __TI_cleanup_ptr           
000068a5  __TI_decompress_none       
000068f7  __TI_decompress_rle24      
20028130  __TI_dtors_ptr             
00003e6d  __TI_printfi               
00000000  __TI_static_base__         
000068cb  __TI_zero_init             
00005e1b  __aeabi_cdcmpeq            
00005e1b  __aeabi_cdcmple            
00005ea1  __aeabi_cdrcmple           
000063e1  __aeabi_d2iz               
000056a3  __aeabi_dadd               
0000584f  __aeabi_ddiv               
00005bc5  __aeabi_dmul               
00005699  __aeabi_dsub               
0000653d  __aeabi_f2d                
00006675  __aeabi_i2d                
00005fa9  __aeabi_memclr             
00005fa9  __aeabi_memclr4            
00005fa9  __aeabi_memclr8            
00005d7f  __aeabi_memcpy             
00005d7f  __aeabi_memcpy4            
00005d7f  __aeabi_memcpy8            
00005fab  __aeabi_memset             
00005fab  __aeabi_memset4            
00005fab  __aeabi_memset8            
000054a5  __aeabi_uldivmod           
ffffffff  __binit__                  
ffffffff  __c_args__                 
200277bc  __stack                    
000067ed  _args_main                 
000062b1  _c_int00                   
00006a28  _ctypes_                   
20028124  _lock                      
00006843  _nop                       
0000683b  _register_lock             
00006835  _register_unlock           
00006905  _system_pre_init           
20028128  _unlock                    
000064bd  abort                      
00006301  atoi                       
ffffffff  binit                      
20000000  buffer                     
20028104  checkimage                 
200280fc  checkmade                  
20028108  checksroll                 
20028100  checktouchcnt              
200280f8  cnt_touch                  
0000634d  copy_in                    
200280f0  count                      
00002581  delay                      
000064c5  exit                       
000065e1  feraiseexcept              
000066fb  frexp                      
20028144  g_i16TouchMin              
200277b8  g_i16TouchX                
200277ba  g_i16TouchY                
00000000  g_pfnVectors               
00006bc8  g_pi32TouchParameters      
20027798  g_ui32SysClock             
0000620f  ldexp                      
000061b9  ltoa                       
00004ff5  main                       
20028140  main_func_sp               
00003047  max                        
00006789  memccpy                    
00005d7f  memcpy                     
00005fb1  memset                     
0000307f  min                        
200280f4  mode                       
000066a3  raise                      
200277a0  rx1                        
200277a4  rx2                        
200277a8  ry1                        
200277ac  ry2                        
000064fd  signal                     
0000681d  strchr                     
00006849  strlen                     
00006471  uDMAChannelAttributeDisable
00006725  uDMAChannelControlSet      
00006805  uDMAChannelEnable          
0000685d  uDMAChannelRequest         
00005f29  uDMAChannelTransferSet     
000068e5  uDMAControlBaseSet         
00006895  uDMAEnable                 
00002e25  uDrawCircle                
00002b01  uDrawLine                  
00002dd5  uDrawRect                  
00002ea7  uDrawTriangle              
000029f5  uPutPixel                  
200277b0  user_X                     
200277b4  user_Y                     
00006429  vsprintf                   


GLOBAL SYMBOLS: SORTED BY Symbol Address 

address   name                       
-------   ----                       
00000000  __TI_static_base__         
00000000  g_pfnVectors               
00000209  LCD_Init                   
0000054d  Port_Init                  
000007f3  Uart_Init                  
00000800  __STACK_SIZE               
000008a5  Uart_GetCh                 
000008b5  Uart_GetKey                
000008cd  Uart_PutCh                 
000008f1  Uart_PutStr                
00000931  Uart_Printf                
00000a45  DrawImage                  
00000bc1  RestoreBackground          
00000d03  PutPixel                   
00000d85  DrawLine                   
00001069  DrawCircle                 
00001123  DrawCircle_fill            
000011d9  DrawRect_fill              
00001291  Scroll_left                
00001569  Scroll_right               
00001859  Scroll_down                
00001cad  Scroll_up                  
000020f1  SetFullFrame               
00002135  LED_init                   
00002231  DIP_init                   
000022b9  PUSH_init                  
00002359  BUZZER_init                
00002469  TIMER_init                 
00002581  delay                      
000025a5  BUZZER_clear               
000025c5  Play                       
0000260d  DelayForPlay               
00002651  WDTinitISR                 
00002709  FND_init                   
000028e1  WRITE_FND                  
0000295d  WRITE_FND_DOT              
000029cd  FND_clear                  
000029f5  uPutPixel                  
00002b01  uDrawLine                  
00002dd5  uDrawRect                  
00002e25  uDrawCircle                
00002ea7  uDrawTriangle              
00002fef  LineFunc                   
00003047  max                        
0000307f  min                        
00003e6d  __TI_printfi               
00004175  PinoutSet                  
00004a09  TouchScreenIntHandler      
00004b71  TouchScreenInit            
00004c57  TouchScreenCallbackSet     
00004ccd  MX66L51235FInit            
00004df9  MX66L51235FSectorErase     
00004e4b  MX66L51235FBlockErase32    
00004e9d  MX66L51235FBlockErase64    
00004eef  MX66L51235FChipErase       
00004f37  MX66L51235FPageProgram     
00004f93  MX66L51235FRead            
00004ff5  main                       
000050e5  PointerMessage             
000052a9  SysCtlClockFreqSet         
000054a5  __aeabi_uldivmod           
00005699  __aeabi_dsub               
000056a3  __aeabi_dadd               
0000584f  __aeabi_ddiv               
00005985  GPIOPadConfigSet           
00005ab5  _Dscale                    
00005bc5  __aeabi_dmul               
00005cc1  _Dnorm                     
00005d7f  __aeabi_memcpy             
00005d7f  __aeabi_memcpy4            
00005d7f  __aeabi_memcpy8            
00005d7f  memcpy                     
00005e1b  __aeabi_cdcmpeq            
00005e1b  __aeabi_cdcmple            
00005ea1  __aeabi_cdrcmple           
00005f29  uDMAChannelTransferSet     
00005fa9  __aeabi_memclr             
00005fa9  __aeabi_memclr4            
00005fa9  __aeabi_memclr8            
00005fab  __aeabi_memset             
00005fab  __aeabi_memset4            
00005fab  __aeabi_memset8            
00005fb1  memset                     
00006025  __TI_auto_init             
000060fb  _Dunscale                  
00006161  TimerControlTrigger        
000061b9  ltoa                       
0000620f  ldexp                      
00006261  SysCtlPeripheralReset      
000062b1  _c_int00                   
00006301  atoi                       
0000634d  copy_in                    
000063e1  __aeabi_d2iz               
00006429  vsprintf                   
00006471  uDMAChannelAttributeDisable
000064b9  C$$EXIT                    
000064bd  abort                      
000064c5  exit                       
000064fd  signal                     
0000653d  __aeabi_f2d                
00006575  LCDIDDTimingSet            
000065ad  SysCtlPeripheralEnable     
000065e1  feraiseexcept              
00006615  _Dclass                    
00006645  _Feraise                   
00006675  __aeabi_i2d                
000066a3  raise                      
000066d1  GPIODirModeSet             
000066fb  frexp                      
00006725  uDMAChannelControlSet      
00006749  LCDModeSet                 
00006789  memccpy                    
000067a5  GPIOPinTypeGPIOOutput      
000067bd  WriteCommand               
000067d5  WriteData                  
000067ed  _args_main                 
00006805  uDMAChannelEnable          
0000681d  strchr                     
00006835  _register_unlock           
0000683b  _register_lock             
00006843  _nop                       
00006849  strlen                     
0000685d  uDMAChannelRequest         
00006871  GPIOPinTypeEthernetLED     
00006883  GPIOPinTypeLCD             
00006895  uDMAEnable                 
000068a5  __TI_decompress_none       
000068b3  LCDIDDCommandWrite         
000068bf  LCDIDDDataWrite            
000068cb  __TI_zero_init             
000068d7  ResetISR                   
000068e5  uDMAControlBaseSet         
000068f1  SysCtlDelay                
000068f7  __TI_decompress_rle24      
000068fd  LCDDMAConfigSet            
00006901  LCDIDDConfigSet            
00006905  _system_pre_init           
00006a28  _ctypes_                   
00006bc8  g_pi32TouchParameters      
00006c50  __TI_Handler_Table_Base    
00006c5c  __TI_Handler_Table_Limit   
00006c68  __TI_CINIT_Base            
00006c78  __TI_CINIT_Limit           
20000000  buffer                     
20027798  g_ui32SysClock             
200277a0  rx1                        
200277a4  rx2                        
200277a8  ry1                        
200277ac  ry2                        
200277b0  user_X                     
200277b4  user_Y                     
200277b8  g_i16TouchX                
200277ba  g_i16TouchY                
200277bc  __stack                    
200279bc  __STACK_TOP                
20027fbc  __STACK_END                
20028070  _Denorm                    
20028080  _Eps                       
20028090  _Hugeval                   
200280a0  _Inf                       
200280b0  _Nan                       
200280c0  _Snan                      
200280d0  _Rteps                     
200280e0  _Xbig                      
200280e8  _Zero                      
200280f0  count                      
200280f4  mode                       
200280f8  cnt_touch                  
200280fc  checkmade                  
20028100  checktouchcnt              
20028104  checkimage                 
20028108  checksroll                 
20028124  _lock                      
20028128  _unlock                    
2002812c  __TI_cleanup_ptr           
20028130  __TI_dtors_ptr             
20028134  _Fenv                      
20028138  _Tls_setup__Fenv           
2002813c  _Errno                     
20028140  main_func_sp               
20028144  g_i16TouchMin              
ffffffff  __binit__                  
ffffffff  __c_args__                 
ffffffff  binit                      
UNDEFED   SHT$$INIT_ARRAY$$Base      
UNDEFED   SHT$$INIT_ARRAY$$Limit     

[186 symbols]
