******************************************************************************
                  TI ARM Linker PC v5.2.5                      
******************************************************************************
>> Linked Thu Mar 08 14:11:44 2018

OUTPUT FILE NAME:   <PUSH_student.out>
ENTRY POINT SYMBOL: "_c_int00"  address: 00000a9d


MEMORY CONFIGURATION

         name            origin    length      used     unused   attr    fill
----------------------  --------  ---------  --------  --------  ----  --------
  FLASH                 00000000   00100000  00000e14  000ff1ec  R  X
  SRAM                  20000000   00040000  00000214  0003fdec  RW X


SEGMENT ALLOCATION MAP

run origin  load origin   length   init length attrs members
----------  ----------- ---------- ----------- ----- -------
00000000    00000000    00000e18   00000e18    r-x
  00000000    00000000    00000208   00000208    r-- .intvecs
  00000208    00000208    00000a28   00000a28    r-x .text
  00000c30    00000c30    000001c4   000001c4    r-- .const
  00000df8    00000df8    00000020   00000020    r-- .cinit
20000000    20000000    00000214   00000000    rw-
  20000000    20000000    00000200   00000000    rw- .stack
  20000200    20000200    00000014   00000000    rw- .data


SECTION ALLOCATION MAP

 output                                  attributes/
section   page    origin      length       input sections
--------  ----  ----------  ----------   ----------------
.intvecs   0    00000000    00000208     
                  00000000    00000208     tm4c129xnczad_startup_ccs.obj (.intvecs)

.text      0    00000208    00000a28     
                  00000208    000002d4     MyLib.obj (.text)
                  000004dc    000001fc     driverlib.lib : sysctl.obj (.text:SysCtlClockFreqSet)
                  000006d8    000001d4     main.obj (.text)
                  000008ac    0000009c     rtsv7M4_T_le_v4SPD16_eabi.lib : memcpy_t2.obj (.text)
                  00000948    0000007a                                   : memset_t2.obj (.text)
                  000009c2    00000002     --HOLE-- [fill = 0]
                  000009c4    0000006c                                   : autoinit.obj (.text)
                  00000a30    0000006a                                   : copy_decompress_rle.obj (.text)
                  00000a9a    00000002     --HOLE-- [fill = 0]
                  00000a9c    00000050                                   : boot.obj (.text)
                  00000aec    0000004c                                   : cpy_tbl.obj (.text)
                  00000b38    00000048     driverlib.lib : sysctl.obj (.text:_SysCtlFrequencyGet)
                  00000b80    00000044     rtsv7M4_T_le_v4SPD16_eabi.lib : exit.obj (.text)
                  00000bc4    0000001c     driverlib.lib : sysctl.obj (.text:_SysCtlMemTimingGet)
                  00000be0    00000018     rtsv7M4_T_le_v4SPD16_eabi.lib : args_main.obj (.text)
                  00000bf8    00000014                                   : _lock.obj (.text)
                  00000c0c    0000000e                                   : copy_decompress_none.obj (.text:decompress:none)
                  00000c1a    0000000c     tm4c129xnczad_startup_ccs.obj (.text)
                  00000c26    00000006     rtsv7M4_T_le_v4SPD16_eabi.lib : copy_decompress_rle.obj (.text:decompress:rle24)
                  00000c2c    00000004                                   : pre_init.obj (.text)

.const     0    00000c30    000001c4     
                  00000c30    00000120     driverlib.lib : sysctl.obj (.const:g_pppui32XTALtoVCO)
                  00000d50    0000006c                   : sysctl.obj (.const:g_pui32Xtals)
                  00000dbc    00000030                   : sysctl.obj (.const:g_sXTALtoMEMTIM)
                  00000dec    00000008                   : sysctl.obj (.const)

.cinit     0    00000df8    00000020     
                  00000df8    0000000f     (.cinit..data.load) [load image, compression = rle]
                  00000e07    00000001     --HOLE-- [fill = 0]
                  00000e08    00000008     (__TI_handler_table)
                  00000e10    00000008     (__TI_cinit_table)

.init_array 
*          0    00000000    00000000     UNINITIALIZED

.stack     0    20000000    00000200     UNINITIALIZED
                  20000000    00000200     --HOLE--

.data      0    20000200    00000014     UNINITIALIZED
                  20000200    00000008     rtsv7M4_T_le_v4SPD16_eabi.lib : _lock.obj (.data)
                  20000208    00000008                                   : exit.obj (.data)
                  20000210    00000004                                   : stkdepth_vars.obj (.data)

.TI.persistent 
*          0    20000200    00000000     UNINITIALIZED


LINKER GENERATED COPY TABLES

__TI_cinit_table @ 00000e10 records: 1, size/record: 8, table size: 8
	.data: load addr=00000df8, load size=0000000f bytes, run addr=20000200, run size=00000014 bytes, compression=rle


LINKER GENERATED HANDLER TABLE

__TI_handler_table @ 00000e08 records: 2, size/record: 4, table size: 8
	index: 0, handler: __TI_decompress_rle24
	index: 1, handler: __TI_decompress_none


GLOBAL SYMBOLS: SORTED ALPHABETICALLY BY Name 

address   name                    
-------   ----                    
00000b81  C$$EXIT                 
00000387  DIP_init                
00000831  LED_clear               
00000209  LED_init                
000002e7  PUSH_init               
00000c1b  ResetISR                
UNDEFED   SHT$$INIT_ARRAY$$Base   
UNDEFED   SHT$$INIT_ARRAY$$Limit  
000004dd  SysCtlClockFreqSet      
20000200  __STACK_END             
00000200  __STACK_SIZE            
20000200  __STACK_TOP             
00000e10  __TI_CINIT_Base         
00000e18  __TI_CINIT_Limit        
00000e08  __TI_Handler_Table_Base 
00000e10  __TI_Handler_Table_Limit
000009c5  __TI_auto_init          
20000208  __TI_cleanup_ptr        
00000c0d  __TI_decompress_none    
00000c27  __TI_decompress_rle24   
2000020c  __TI_dtors_ptr          
00000000  __TI_static_base__      
00000949  __aeabi_memclr          
00000949  __aeabi_memclr4         
00000949  __aeabi_memclr8         
000008ad  __aeabi_memcpy          
000008ad  __aeabi_memcpy4         
000008ad  __aeabi_memcpy8         
0000094b  __aeabi_memset          
0000094b  __aeabi_memset4         
0000094b  __aeabi_memset8         
ffffffff  __binit__               
ffffffff  __c_args__              
20000000  __stack                 
00000be1  _args_main              
00000a9d  _c_int00                
20000200  _lock                   
00000c07  _nop                    
00000bff  _register_lock          
00000bf9  _register_unlock        
00000c2d  _system_pre_init        
20000204  _unlock                 
00000b85  abort                   
ffffffff  binit                   
00000aed  copy_in                 
00000847  delay                   
00000b8d  exit                    
00000000  g_pfnVectors            
000006d9  main                    
20000210  main_func_sp            
000008ad  memcpy                  
00000951  memset                  


GLOBAL SYMBOLS: SORTED BY Symbol Address 

address   name                    
-------   ----                    
00000000  __TI_static_base__      
00000000  g_pfnVectors            
00000200  __STACK_SIZE            
00000209  LED_init                
000002e7  PUSH_init               
00000387  DIP_init                
000004dd  SysCtlClockFreqSet      
000006d9  main                    
00000831  LED_clear               
00000847  delay                   
000008ad  __aeabi_memcpy          
000008ad  __aeabi_memcpy4         
000008ad  __aeabi_memcpy8         
000008ad  memcpy                  
00000949  __aeabi_memclr          
00000949  __aeabi_memclr4         
00000949  __aeabi_memclr8         
0000094b  __aeabi_memset          
0000094b  __aeabi_memset4         
0000094b  __aeabi_memset8         
00000951  memset                  
000009c5  __TI_auto_init          
00000a9d  _c_int00                
00000aed  copy_in                 
00000b81  C$$EXIT                 
00000b85  abort                   
00000b8d  exit                    
00000be1  _args_main              
00000bf9  _register_unlock        
00000bff  _register_lock          
00000c07  _nop                    
00000c0d  __TI_decompress_none    
00000c1b  ResetISR                
00000c27  __TI_decompress_rle24   
00000c2d  _system_pre_init        
00000e08  __TI_Handler_Table_Base 
00000e10  __TI_CINIT_Base         
00000e10  __TI_Handler_Table_Limit
00000e18  __TI_CINIT_Limit        
20000000  __stack                 
20000200  __STACK_END             
20000200  __STACK_TOP             
20000200  _lock                   
20000204  _unlock                 
20000208  __TI_cleanup_ptr        
2000020c  __TI_dtors_ptr          
20000210  main_func_sp            
ffffffff  __binit__               
ffffffff  __c_args__              
ffffffff  binit                   
UNDEFED   SHT$$INIT_ARRAY$$Base   
UNDEFED   SHT$$INIT_ARRAY$$Limit  

[52 symbols]
