******************************************************************************
                  TI ARM Linker PC v5.2.0                      
******************************************************************************
>> Linked Mon Mar 16 20:55:46 2015

OUTPUT FILE NAME:   <Dip_test_final.out>
ENTRY POINT SYMBOL: "_c_int00"  address: 00000999


MEMORY CONFIGURATION

         name            origin    length      used     unused   attr    fill
----------------------  --------  ---------  --------  --------  ----  --------
  FLASH                 00000000   00100000  00000d10  000ff2f0  R  X
  SRAM                  20000000   00040000  00000214  0003fdec  RW X


SEGMENT ALLOCATION MAP

run origin  load origin   length   init length attrs members
----------  ----------- ---------- ----------- ----- -------
00000000    00000000    00000d10   00000d10    r-x
  00000000    00000000    00000208   00000208    r-- .intvecs
  00000208    00000208    00000924   00000924    r-x .text
  00000b2c    00000b2c    000001c4   000001c4    r-- .const
  00000cf0    00000cf0    00000020   00000020    r-- .cinit
20000000    20000000    00000214   00000000    rw-
  20000000    20000000    00000200   00000000    rw- .stack
  20000200    20000200    00000014   00000000    rw- .data


SECTION ALLOCATION MAP

 output                                  attributes/
section   page    origin      length       input sections
--------  ----  ----------  ----------   ----------------
.intvecs   0    00000000    00000208     
                  00000000    00000208     tm4c129xnczad_startup_ccs.obj (.intvecs)

.text      0    00000208    00000924     
                  00000208    000002d8     MyLib.obj (.text)
                  000004e0    000001fc     driverlib.lib : sysctl.obj (.text:SysCtlClockFreqSet)
                  000006dc    000000cc     main.obj (.text)
                  000007a8    0000009c     rtsv7M4_T_le_v4SPD16_eabi.lib : memcpy_t2.obj (.text)
                  00000844    0000007a                                   : memset_t2.obj (.text)
                  000008be    00000002     --HOLE-- [fill = 0]
                  000008c0    0000006c                                   : autoinit.obj (.text)
                  0000092c    0000006a                                   : copy_decompress_rle.obj (.text)
                  00000996    00000002     --HOLE-- [fill = 0]
                  00000998    00000050                                   : boot.obj (.text)
                  000009e8    0000004c                                   : cpy_tbl.obj (.text)
                  00000a34    00000048     driverlib.lib : sysctl.obj (.text:_SysCtlFrequencyGet)
                  00000a7c    00000044     rtsv7M4_T_le_v4SPD16_eabi.lib : exit.obj (.text)
                  00000ac0    0000001c     driverlib.lib : sysctl.obj (.text:_SysCtlMemTimingGet)
                  00000adc    00000018     rtsv7M4_T_le_v4SPD16_eabi.lib : args_main.obj (.text)
                  00000af4    00000014                                   : _lock.obj (.text)
                  00000b08    0000000e                                   : copy_decompress_none.obj (.text:decompress:none)
                  00000b16    0000000c     tm4c129xnczad_startup_ccs.obj (.text)
                  00000b22    00000006     rtsv7M4_T_le_v4SPD16_eabi.lib : copy_decompress_rle.obj (.text:decompress:rle24)
                  00000b28    00000004                                   : pre_init.obj (.text)

.const     0    00000b2c    000001c4     
                  00000b2c    00000120     driverlib.lib : sysctl.obj (.const:g_pppui32XTALtoVCO)
                  00000c4c    0000006c                   : sysctl.obj (.const:g_pui32Xtals)
                  00000cb8    00000030                   : sysctl.obj (.const:g_sXTALtoMEMTIM)
                  00000ce8    00000008                   : sysctl.obj (.const)

.cinit     0    00000cf0    00000020     
                  00000cf0    0000000f     (.cinit..data.load) [load image, compression = rle]
                  00000cff    00000001     --HOLE-- [fill = 0]
                  00000d00    00000008     (__TI_handler_table)
                  00000d08    00000008     (__TI_cinit_table)

.init_array 
*          0    00000000    00000000     UNINITIALIZED

.stack     0    20000000    00000200     UNINITIALIZED
                  20000000    00000200     --HOLE--

.data      0    20000200    00000014     UNINITIALIZED
                  20000200    00000008     rtsv7M4_T_le_v4SPD16_eabi.lib : _lock.obj (.data)
                  20000208    00000008                                   : exit.obj (.data)
                  20000210    00000004                                   : stkdepth_vars.obj (.data)

.TI.persistent 
*          0    20000200    00000000     UNINITIALIZED


LINKER GENERATED COPY TABLES

__TI_cinit_table @ 00000d08 records: 1, size/record: 8, table size: 8
	.data: load addr=00000cf0, load size=0000000f bytes, run addr=20000200, run size=00000014 bytes, compression=rle


LINKER GENERATED HANDLER TABLE

__TI_handler_table @ 00000d00 records: 2, size/record: 4, table size: 8
	index: 0, handler: __TI_decompress_rle24
	index: 1, handler: __TI_decompress_none


GLOBAL SYMBOLS: SORTED ALPHABETICALLY BY Name 

address   name                    
-------   ----                    
00000a7d  C$$EXIT                 
000002e3  DIP_init                
0000074b  LED_clear               
00000209  LED_init                
00000b17  ResetISR                
UNDEFED   SHT$$INIT_ARRAY$$Base   
UNDEFED   SHT$$INIT_ARRAY$$Limit  
000004e1  SysCtlClockFreqSet      
20000200  __STACK_END             
00000200  __STACK_SIZE            
20000200  __STACK_TOP             
00000d08  __TI_CINIT_Base         
00000d10  __TI_CINIT_Limit        
00000d00  __TI_Handler_Table_Base 
00000d08  __TI_Handler_Table_Limit
000008c1  __TI_auto_init          
20000208  __TI_cleanup_ptr        
00000b09  __TI_decompress_none    
00000b23  __TI_decompress_rle24   
2000020c  __TI_dtors_ptr          
00000000  __TI_static_base__      
00000845  __aeabi_memclr          
00000845  __aeabi_memclr4         
00000845  __aeabi_memclr8         
000007a9  __aeabi_memcpy          
000007a9  __aeabi_memcpy4         
000007a9  __aeabi_memcpy8         
00000847  __aeabi_memset          
00000847  __aeabi_memset4         
00000847  __aeabi_memset8         
ffffffff  __binit__               
ffffffff  __c_args__              
20000000  __stack                 
00000add  _args_main              
00000999  _c_int00                
20000200  _lock                   
00000b03  _nop                    
00000afb  _register_lock          
00000af5  _register_unlock        
00000b29  _system_pre_init        
20000204  _unlock                 
00000a81  abort                   
ffffffff  binit                   
000009e9  copy_in                 
00000761  delay                   
00000a89  exit                    
00000000  g_pfnVectors            
000006dd  main                    
20000210  main_func_sp            
000007a9  memcpy                  
0000084d  memset                  
00000377  readDipSw               


GLOBAL SYMBOLS: SORTED BY Symbol Address 

address   name                    
-------   ----                    
00000000  __TI_static_base__      
00000000  g_pfnVectors            
00000200  __STACK_SIZE            
00000209  LED_init                
000002e3  DIP_init                
00000377  readDipSw               
000004e1  SysCtlClockFreqSet      
000006dd  main                    
0000074b  LED_clear               
00000761  delay                   
000007a9  __aeabi_memcpy          
000007a9  __aeabi_memcpy4         
000007a9  __aeabi_memcpy8         
000007a9  memcpy                  
00000845  __aeabi_memclr          
00000845  __aeabi_memclr4         
00000845  __aeabi_memclr8         
00000847  __aeabi_memset          
00000847  __aeabi_memset4         
00000847  __aeabi_memset8         
0000084d  memset                  
000008c1  __TI_auto_init          
00000999  _c_int00                
000009e9  copy_in                 
00000a7d  C$$EXIT                 
00000a81  abort                   
00000a89  exit                    
00000add  _args_main              
00000af5  _register_unlock        
00000afb  _register_lock          
00000b03  _nop                    
00000b09  __TI_decompress_none    
00000b17  ResetISR                
00000b23  __TI_decompress_rle24   
00000b29  _system_pre_init        
00000d00  __TI_Handler_Table_Base 
00000d08  __TI_CINIT_Base         
00000d08  __TI_Handler_Table_Limit
00000d10  __TI_CINIT_Limit        
20000000  __stack                 
20000200  __STACK_END             
20000200  __STACK_TOP             
20000200  _lock                   
20000204  _unlock                 
20000208  __TI_cleanup_ptr        
2000020c  __TI_dtors_ptr          
20000210  main_func_sp            
ffffffff  __binit__               
ffffffff  __c_args__              
ffffffff  binit                   
UNDEFED   SHT$$INIT_ARRAY$$Base   
UNDEFED   SHT$$INIT_ARRAY$$Limit  

[52 symbols]
