******************************************************************************
                  TI ARM Linker PC v5.2.5                      
******************************************************************************
>> Linked Thu Mar 08 21:00:34 2018

OUTPUT FILE NAME:   <UART_exam.out>
ENTRY POINT SYMBOL: "_c_int00"  address: 00002499


MEMORY CONFIGURATION

         name            origin    length      used     unused   attr    fill
----------------------  --------  ---------  --------  --------  ----  --------
  FLASH                 00000000   00100000  00002c00  000fd400  R  X
  SRAM                  20000000   00040000  00000950  0003f6b0  RW X


SEGMENT ALLOCATION MAP

run origin  load origin   length   init length attrs members
----------  ----------- ---------- ----------- ----- -------
00000000    00000000    00002c04   00002c04    r-x
  00000000    00000000    00000208   00000208    r-- .intvecs
  00000208    00000208    000026dc   000026dc    r-x .text
  000028e4    000028e4    000002c8   000002c8    r-- .const
  00002bb0    00002bb0    00000054   00000054    r-- .cinit
20000000    20000000    00000950   00000000    rw-
  20000000    20000000    00000800   00000000    rw- .stack
  20000800    20000800    00000150   00000000    rw- .data


SECTION ALLOCATION MAP

 output                                  attributes/
section   page    origin      length       input sections
--------  ----  ----------  ----------   ----------------
.intvecs   0    00000000    00000208     
                  00000000    00000208     tm4c129xnczad_startup_ccs.obj (.intvecs)

.text      0    00000208    000026dc     
                  00000208    000010ba     rtsv7M4_T_le_v4SPD16_eabi.lib : _printfi.obj (.text)
                  000012c2    00000002     --HOLE-- [fill = 0]
                  000012c4    000002d0     myLib.obj (.text)
                  00001594    000001fc     driverlib.lib : sysctl.obj (.text:SysCtlClockFreqSet)
                  00001790    000001f4     rtsv7M4_T_le_v4SPD16_eabi.lib : ull_div_t2.obj (.text)
                  00001984    000001b6                                   : fd_add_t2.obj (.text)
                  00001b3a    00000002     --HOLE-- [fill = 0]
                  00001b3c    00000154     main.obj (.text)
                  00001c90    00000136     rtsv7M4_T_le_v4SPD16_eabi.lib : fd_div_t2.obj (.text)
                  00001dc6    00000002     --HOLE-- [fill = 0]
                  00001dc8    00000110                                   : xdscale.obj (.text)
                  00001ed8    000000fc                                   : fd_mul_t2.obj (.text)
                  00001fd4    000000be                                   : xdnorm.obj (.text)
                  00002092    0000009c                                   : memcpy_t2.obj (.text)
                  0000212e    00000086                                   : fd_cmp_t2.obj (.text:__aeabi_cdcmple)
                  000021b4    00000086                                   : fd_cmp_t2.obj (.text:__aeabi_cdrcmple)
                  0000223a    0000007a                                   : memset_t2.obj (.text)
                  000022b4    0000006c                                   : autoinit.obj (.text)
                  00002320    0000006a                                   : copy_decompress_rle.obj (.text)
                  0000238a    00000066                                   : xdunscal.obj (.text)
                  000023f0    00000056                                   : ltoa.obj (.text)
                  00002446    00000052                                   : ldexp.obj (.text)
                  00002498    00000050                                   : boot.obj (.text)
                  000024e8    0000004c                                   : atoi.obj (.text)
                  00002534    0000004c                                   : cpy_tbl.obj (.text)
                  00002580    00000048     driverlib.lib : sysctl.obj (.text:_SysCtlFrequencyGet)
                  000025c8    00000048     rtsv7M4_T_le_v4SPD16_eabi.lib : fd_toi_t2.obj (.text)
                  00002610    00000048                                   : vsprintf.obj (.text)
                  00002658    00000044                                   : exit.obj (.text)
                  0000269c    00000040                                   : signal.obj (.text)
                  000026dc    00000038                                   : fs_tod_t2.obj (.text)
                  00002714    00000034                                   : feraiseexcept.obj (.text)
                  00002748    00000030                                   : xdclass.obj (.text)
                  00002778    00000030                                   : xferaise.obj (.text)
                  000027a8    0000002e                                   : i_tofd_t2.obj (.text)
                  000027d6    0000002e                                   : raise.obj (.text)
                  00002804    0000002a                                   : frexp.obj (.text)
                  0000282e    00000002     --HOLE-- [fill = 0]
                  00002830    0000001c     driverlib.lib : sysctl.obj (.text:_SysCtlMemTimingGet)
                  0000284c    0000001c     rtsv7M4_T_le_v4SPD16_eabi.lib : memccpy.obj (.text)
                  00002868    00000018                                   : args_main.obj (.text)
                  00002880    00000016                                   : strchr.obj (.text)
                  00002896    00000002     --HOLE-- [fill = 0]
                  00002898    00000014                                   : _lock.obj (.text)
                  000028ac    00000014                                   : strlen.obj (.text)
                  000028c0    0000000e                                   : copy_decompress_none.obj (.text:decompress:none)
                  000028ce    0000000c     tm4c129xnczad_startup_ccs.obj (.text)
                  000028da    00000006     rtsv7M4_T_le_v4SPD16_eabi.lib : copy_decompress_rle.obj (.text:decompress:rle24)
                  000028e0    00000004                                   : pre_init.obj (.text)

.const     0    000028e4    000002c8     
                  000028e4    00000120     driverlib.lib : sysctl.obj (.const:g_pppui32XTALtoVCO)
                  00002a04    00000101     rtsv7M4_T_le_v4SPD16_eabi.lib : ctype.obj (.const:.string:_ctypes_)
                  00002b05    00000003     --HOLE-- [fill = 0]
                  00002b08    0000006c     driverlib.lib : sysctl.obj (.const:g_pui32Xtals)
                  00002b74    00000030                   : sysctl.obj (.const:g_sXTALtoMEMTIM)
                  00002ba4    00000008                   : sysctl.obj (.const)

.cinit     0    00002bb0    00000054     
                  00002bb0    00000041     (.cinit..data.load) [load image, compression = rle]
                  00002bf1    00000003     --HOLE-- [fill = 0]
                  00002bf4    00000008     (__TI_handler_table)
                  00002bfc    00000008     (__TI_cinit_table)

.init_array 
*          0    00000000    00000000     UNINITIALIZED

.stack     0    20000000    00000800     UNINITIALIZED
                  20000000    00000800     --HOLE--

.data      0    20000800    00000150     UNINITIALIZED
                  20000800    000000b0     rtsv7M4_T_le_v4SPD16_eabi.lib : signal.obj (.data:sigtable)
                  200008b0    00000080                                   : xvalues.obj (.data)
                  20000930    00000008                                   : _lock.obj (.data)
                  20000938    00000008                                   : exit.obj (.data)
                  20000940    00000008                                   : feraiseexcept.obj (.data)
                  20000948    00000004                                   : errno.obj (.data)
                  2000094c    00000004                                   : stkdepth_vars.obj (.data)

.TI.persistent 
*          0    20000800    00000000     UNINITIALIZED


LINKER GENERATED COPY TABLES

__TI_cinit_table @ 00002bfc records: 1, size/record: 8, table size: 8
	.data: load addr=00002bb0, load size=00000041 bytes, run addr=20000800, run size=00000150 bytes, compression=rle


LINKER GENERATED HANDLER TABLE

__TI_handler_table @ 00002bf4 records: 2, size/record: 4, table size: 8
	index: 0, handler: __TI_decompress_rle24
	index: 1, handler: __TI_decompress_none


GLOBAL SYMBOLS: SORTED ALPHABETICALLY BY Name 

address   name                    
-------   ----                    
00002659  C$$EXIT                 
00001377  LED_init                
000028cf  ResetISR                
UNDEFED   SHT$$INIT_ARRAY$$Base   
UNDEFED   SHT$$INIT_ARRAY$$Limit  
00001595  SysCtlClockFreqSet      
00001479  UART_getch              
00001489  UART_getkey             
000012c5  UART_init               
000014d5  UART_printf             
0000149d  UART_putch              
000014b9  UART_putstr             
00002749  _Dclass                 
200008b0  _Denorm                 
00001fd5  _Dnorm                  
00001dc9  _Dscale                 
0000238b  _Dunscale               
200008c0  _Eps                    
20000948  _Errno                  
20000940  _Fenv                   
00002779  _Feraise                
200008d0  _Hugeval                
200008e0  _Inf                    
200008f0  _Nan                    
20000910  _Rteps                  
20000900  _Snan                   
20000944  _Tls_setup__Fenv        
20000920  _Xbig                   
20000928  _Zero                   
20000800  __STACK_END             
00000800  __STACK_SIZE            
20000200  __STACK_TOP             
00002bfc  __TI_CINIT_Base         
00002c04  __TI_CINIT_Limit        
00002bf4  __TI_Handler_Table_Base 
00002bfc  __TI_Handler_Table_Limit
000022b5  __TI_auto_init          
20000938  __TI_cleanup_ptr        
000028c1  __TI_decompress_none    
000028db  __TI_decompress_rle24   
2000093c  __TI_dtors_ptr          
00000fbd  __TI_printfi            
00000000  __TI_static_base__      
0000212f  __aeabi_cdcmpeq         
0000212f  __aeabi_cdcmple         
000021b5  __aeabi_cdrcmple        
000025c9  __aeabi_d2iz            
0000198f  __aeabi_dadd            
00001c91  __aeabi_ddiv            
00001ed9  __aeabi_dmul            
00001985  __aeabi_dsub            
000026dd  __aeabi_f2d             
000027a9  __aeabi_i2d             
0000223b  __aeabi_memclr          
0000223b  __aeabi_memclr4         
0000223b  __aeabi_memclr8         
00002093  __aeabi_memcpy          
00002093  __aeabi_memcpy4         
00002093  __aeabi_memcpy8         
0000223d  __aeabi_memset          
0000223d  __aeabi_memset4         
0000223d  __aeabi_memset8         
00001791  __aeabi_uldivmod        
ffffffff  __binit__               
ffffffff  __c_args__              
20000000  __stack                 
00002869  _args_main              
00002499  _c_int00                
00002a04  _ctypes_                
20000930  _lock                   
000028a7  _nop                    
0000289f  _register_lock          
00002899  _register_unlock        
000028e1  _system_pre_init        
20000934  _unlock                 
0000265d  abort                   
000024e9  atoi                    
ffffffff  binit                   
00002535  copy_in                 
00002665  exit                    
00002715  feraiseexcept           
00002805  frexp                   
00000000  g_pfnVectors            
00002447  ldexp                   
000023f1  ltoa                    
00001b3d  main                    
2000094c  main_func_sp            
0000284d  memccpy                 
00002093  memcpy                  
00002243  memset                  
000027d7  raise                   
0000269d  signal                  
00002881  strchr                  
000028ad  strlen                  
00002611  vsprintf                


GLOBAL SYMBOLS: SORTED BY Symbol Address 

address   name                    
-------   ----                    
00000000  __TI_static_base__      
00000000  g_pfnVectors            
00000800  __STACK_SIZE            
00000fbd  __TI_printfi            
000012c5  UART_init               
00001377  LED_init                
00001479  UART_getch              
00001489  UART_getkey             
0000149d  UART_putch              
000014b9  UART_putstr             
000014d5  UART_printf             
00001595  SysCtlClockFreqSet      
00001791  __aeabi_uldivmod        
00001985  __aeabi_dsub            
0000198f  __aeabi_dadd            
00001b3d  main                    
00001c91  __aeabi_ddiv            
00001dc9  _Dscale                 
00001ed9  __aeabi_dmul            
00001fd5  _Dnorm                  
00002093  __aeabi_memcpy          
00002093  __aeabi_memcpy4         
00002093  __aeabi_memcpy8         
00002093  memcpy                  
0000212f  __aeabi_cdcmpeq         
0000212f  __aeabi_cdcmple         
000021b5  __aeabi_cdrcmple        
0000223b  __aeabi_memclr          
0000223b  __aeabi_memclr4         
0000223b  __aeabi_memclr8         
0000223d  __aeabi_memset          
0000223d  __aeabi_memset4         
0000223d  __aeabi_memset8         
00002243  memset                  
000022b5  __TI_auto_init          
0000238b  _Dunscale               
000023f1  ltoa                    
00002447  ldexp                   
00002499  _c_int00                
000024e9  atoi                    
00002535  copy_in                 
000025c9  __aeabi_d2iz            
00002611  vsprintf                
00002659  C$$EXIT                 
0000265d  abort                   
00002665  exit                    
0000269d  signal                  
000026dd  __aeabi_f2d             
00002715  feraiseexcept           
00002749  _Dclass                 
00002779  _Feraise                
000027a9  __aeabi_i2d             
000027d7  raise                   
00002805  frexp                   
0000284d  memccpy                 
00002869  _args_main              
00002881  strchr                  
00002899  _register_unlock        
0000289f  _register_lock          
000028a7  _nop                    
000028ad  strlen                  
000028c1  __TI_decompress_none    
000028cf  ResetISR                
000028db  __TI_decompress_rle24   
000028e1  _system_pre_init        
00002a04  _ctypes_                
00002bf4  __TI_Handler_Table_Base 
00002bfc  __TI_CINIT_Base         
00002bfc  __TI_Handler_Table_Limit
00002c04  __TI_CINIT_Limit        
20000000  __stack                 
20000200  __STACK_TOP             
20000800  __STACK_END             
200008b0  _Denorm                 
200008c0  _Eps                    
200008d0  _Hugeval                
200008e0  _Inf                    
200008f0  _Nan                    
20000900  _Snan                   
20000910  _Rteps                  
20000920  _Xbig                   
20000928  _Zero                   
20000930  _lock                   
20000934  _unlock                 
20000938  __TI_cleanup_ptr        
2000093c  __TI_dtors_ptr          
20000940  _Fenv                   
20000944  _Tls_setup__Fenv        
20000948  _Errno                  
2000094c  main_func_sp            
ffffffff  __binit__               
ffffffff  __c_args__              
ffffffff  binit                   
UNDEFED   SHT$$INIT_ARRAY$$Base   
UNDEFED   SHT$$INIT_ARRAY$$Limit  

[95 symbols]
