******************************************************************************
                  TI ARM Linker PC v5.2.2                      
******************************************************************************
>> Linked Mon Dec 06 13:17:50 2021

OUTPUT FILE NAME:   <LCD_Draw_figure_exam_1.out>
ENTRY POINT SYMBOL: "_c_int00"  address: 00004d7d


MEMORY CONFIGURATION

         name            origin    length      used     unused   attr    fill
----------------------  --------  ---------  --------  --------  ----  --------
  FLASH                 00000000   00100000  00005704  000fa8fc  R  X
  SRAM                  20000000   00040000  000082d8  00037d28  RW X


SEGMENT ALLOCATION MAP

run origin  load origin   length   init length attrs members
----------  ----------- ---------- ----------- ----- -------
00000000    00000000    00005708   00005708    r-x
  00000000    00000000    00000208   00000208    r-- .intvecs
  00000208    00000208    000051cc   000051cc    r-x .text
  000053d4    000053d4    000002c8   000002c8    r-- .const
  000056a0    000056a0    00000068   00000068    r-- .cinit
20000000    20000000    000082d8   00000000    rw-
  20000000    20000000    00007988   00000000    rw- .bss
  20007988    20007988    00000800   00000000    rw- .stack
  20008188    20008188    00000150   00000000    rw- .data


SECTION ALLOCATION MAP

 output                                  attributes/
section   page    origin      length       input sections
--------  ----  ----------  ----------   ----------------
.intvecs   0    00000000    00000208     
                  00000000    00000208     tm4c129xnczad_startup_ccs.obj (.intvecs)

.text      0    00000208    000051cc     
                  00000208    00001ef8     myLib.obj (.text)
                  00002100    000010ba     rtsv7M4_T_le_v4SPD16_eabi.lib : _printfi.obj (.text)
                  000031ba    00000002     --HOLE-- [fill = 0]
                  000031bc    000005e8     pinout.obj (.text)
                  000037a4    00000328     mx66l51235f.obj (.text)
                  00003acc    00000300     main.obj (.text)
                  00003dcc    000001fc     driverlib.lib : sysctl.obj (.text:SysCtlClockFreqSet)
                  00003fc8    000001f4     rtsv7M4_T_le_v4SPD16_eabi.lib : ull_div_t2.obj (.text)
                  000041bc    000001b6                                   : fd_add_t2.obj (.text)
                  00004372    00000136                                   : fd_div_t2.obj (.text)
                  000044a8    00000130     driverlib.lib : gpio.obj (.text:GPIOPadConfigSet)
                  000045d8    00000110     rtsv7M4_T_le_v4SPD16_eabi.lib : xdscale.obj (.text)
                  000046e8    000000fc                                   : fd_mul_t2.obj (.text)
                  000047e4    000000be                                   : xdnorm.obj (.text)
                  000048a2    0000009c                                   : memcpy_t2.obj (.text)
                  0000493e    00000086                                   : fd_cmp_t2.obj (.text:__aeabi_cdcmple)
                  000049c4    00000086                                   : fd_cmp_t2.obj (.text:__aeabi_cdrcmple)
                  00004a4a    00000002     --HOLE-- [fill = 0]
                  00004a4c    00000080     driverlib.lib : udma.obj (.text:uDMAChannelTransferSet)
                  00004acc    0000007a     rtsv7M4_T_le_v4SPD16_eabi.lib : memset_t2.obj (.text)
                  00004b46    00000002     --HOLE-- [fill = 0]
                  00004b48    0000006c                                   : autoinit.obj (.text)
                  00004bb4    0000006a                                   : copy_decompress_rle.obj (.text)
                  00004c1e    00000066                                   : xdunscal.obj (.text)
                  00004c84    00000056                                   : ltoa.obj (.text)
                  00004cda    00000052                                   : ldexp.obj (.text)
                  00004d2c    00000050     driverlib.lib : sysctl.obj (.text:SysCtlPeripheralReset)
                  00004d7c    00000050     rtsv7M4_T_le_v4SPD16_eabi.lib : boot.obj (.text)
                  00004dcc    0000004c                                   : atoi.obj (.text)
                  00004e18    0000004c                                   : cpy_tbl.obj (.text)
                  00004e64    00000048     driverlib.lib : sysctl.obj (.text:_SysCtlFrequencyGet)
                  00004eac    00000048     rtsv7M4_T_le_v4SPD16_eabi.lib : fd_toi_t2.obj (.text)
                  00004ef4    00000048                                   : vsprintf.obj (.text)
                  00004f3c    00000048     driverlib.lib : udma.obj (.text:uDMAChannelAttributeDisable)
                  00004f84    00000044     rtsv7M4_T_le_v4SPD16_eabi.lib : exit.obj (.text)
                  00004fc8    00000040                                   : signal.obj (.text)
                  00005008    00000038                                   : fs_tod_t2.obj (.text)
                  00005040    00000036     driverlib.lib : lcd.obj (.text:LCDIDDTimingSet)
                  00005076    00000002     --HOLE-- [fill = 0]
                  00005078    00000034                   : sysctl.obj (.text:SysCtlPeripheralEnable)
                  000050ac    00000034     rtsv7M4_T_le_v4SPD16_eabi.lib : feraiseexcept.obj (.text)
                  000050e0    00000030                                   : xdclass.obj (.text)
                  00005110    00000030                                   : xferaise.obj (.text)
                  00005140    0000002e                                   : i_tofd_t2.obj (.text)
                  0000516e    0000002e                                   : raise.obj (.text)
                  0000519c    0000002a     driverlib.lib : gpio.obj (.text:GPIODirModeSet)
                  000051c6    0000002a     rtsv7M4_T_le_v4SPD16_eabi.lib : frexp.obj (.text)
                  000051f0    00000024     driverlib.lib : udma.obj (.text:uDMAChannelControlSet)
                  00005214    00000022                   : lcd.obj (.text:LCDModeSet)
                  00005236    00000002     --HOLE-- [fill = 0]
                  00005238    0000001c                   : sysctl.obj (.text:_SysCtlMemTimingGet)
                  00005254    0000001c     rtsv7M4_T_le_v4SPD16_eabi.lib : memccpy.obj (.text)
                  00005270    00000018     driverlib.lib : gpio.obj (.text:GPIOPinTypeGPIOOutput)
                  00005288    00000018     myLib.obj (.text:WriteCommand)
                  000052a0    00000018     myLib.obj (.text:WriteData)
                  000052b8    00000018     rtsv7M4_T_le_v4SPD16_eabi.lib : args_main.obj (.text)
                  000052d0    00000018     driverlib.lib : udma.obj (.text:uDMAChannelEnable)
                  000052e8    00000016     rtsv7M4_T_le_v4SPD16_eabi.lib : strchr.obj (.text)
                  000052fe    00000002     --HOLE-- [fill = 0]
                  00005300    00000014                                   : _lock.obj (.text)
                  00005314    00000014                                   : strlen.obj (.text)
                  00005328    00000014     driverlib.lib : udma.obj (.text:uDMAChannelRequest)
                  0000533c    00000012                   : gpio.obj (.text:GPIOPinTypeEthernetLED)
                  0000534e    00000012                   : gpio.obj (.text:GPIOPinTypeLCD)
                  00005360    00000010                   : udma.obj (.text:uDMAEnable)
                  00005370    0000000e     rtsv7M4_T_le_v4SPD16_eabi.lib : copy_decompress_none.obj (.text:decompress:none)
                  0000537e    0000000c     driverlib.lib : lcd.obj (.text:LCDIDDCommandWrite)
                  0000538a    0000000c                   : lcd.obj (.text:LCDIDDDataWrite)
                  00005396    0000000c     rtsv7M4_T_le_v4SPD16_eabi.lib : copy_zero_init.obj (.text:decompress:ZI)
                  000053a2    0000000c     tm4c129xnczad_startup_ccs.obj (.text)
                  000053ae    00000002     --HOLE-- [fill = 0]
                  000053b0    0000000c     driverlib.lib : udma.obj (.text:uDMAControlBaseSet)
                  000053bc    00000006                   : sysctl.obj (.text:SysCtlDelay)
                  000053c2    00000006     rtsv7M4_T_le_v4SPD16_eabi.lib : copy_decompress_rle.obj (.text:decompress:rle24)
                  000053c8    00000004     driverlib.lib : lcd.obj (.text:LCDDMAConfigSet)
                  000053cc    00000004                   : lcd.obj (.text:LCDIDDConfigSet)
                  000053d0    00000004     rtsv7M4_T_le_v4SPD16_eabi.lib : pre_init.obj (.text)

.const     0    000053d4    000002c8     
                  000053d4    00000120     driverlib.lib : sysctl.obj (.const:g_pppui32XTALtoVCO)
                  000054f4    00000101     rtsv7M4_T_le_v4SPD16_eabi.lib : ctype.obj (.const:.string:_ctypes_)
                  000055f5    00000003     --HOLE-- [fill = 0]
                  000055f8    0000006c     driverlib.lib : sysctl.obj (.const:g_pui32Xtals)
                  00005664    00000030                   : sysctl.obj (.const:g_sXTALtoMEMTIM)
                  00005694    00000008                   : sysctl.obj (.const)

.cinit     0    000056a0    00000068     
                  000056a0    00000041     (.cinit..data.load) [load image, compression = rle]
                  000056e1    00000003     --HOLE-- [fill = 0]
                  000056e4    0000000c     (__TI_handler_table)
                  000056f0    00000008     (.cinit..bss.load) [load image, compression = zero_init]
                  000056f8    00000010     (__TI_cinit_table)

.init_array 
*          0    00000000    00000000     UNINITIALIZED

.bss       0    20000000    00007988     UNINITIALIZED
                  20000000    00002580     myLib.obj (.bss:temp_buffer$4)
                  20002580    00002580     myLib.obj (.bss:temp_buffer$5)
                  20004b00    00001540     myLib.obj (.bss:temp_buffer$2)
                  20006040    00001540     myLib.obj (.bss:temp_buffer$3)
                  20007580    00000400     myLib.obj (.bss:pui8DMAControlTable$1)
                  20007980    00000004     (.common:g_ui32MX66L51235FAddr)
                  20007984    00000004     (.common:g_ui32SysClock)

.TI.noinit 
*          0    20000000    00000000     UNINITIALIZED

.stack     0    20007988    00000800     UNINITIALIZED
                  20007988    00000800     --HOLE--

.data      0    20008188    00000150     UNINITIALIZED
                  20008188    000000b0     rtsv7M4_T_le_v4SPD16_eabi.lib : signal.obj (.data:sigtable)
                  20008238    00000080                                   : xvalues.obj (.data)
                  200082b8    00000008                                   : _lock.obj (.data)
                  200082c0    00000008                                   : exit.obj (.data)
                  200082c8    00000008                                   : feraiseexcept.obj (.data)
                  200082d0    00000004                                   : errno.obj (.data)
                  200082d4    00000004                                   : stkdepth_vars.obj (.data)

.TI.persistent 
*          0    20008188    00000000     UNINITIALIZED


LINKER GENERATED COPY TABLES

__TI_cinit_table @ 000056f8 records: 2, size/record: 8, table size: 16
	.data: load addr=000056a0, load size=00000041 bytes, run addr=20008188, run size=00000150 bytes, compression=rle
	.bss: load addr=000056f0, load size=00000008 bytes, run addr=20000000, run size=00007988 bytes, compression=zero_init


LINKER GENERATED HANDLER TABLE

__TI_handler_table @ 000056e4 records: 3, size/record: 4, table size: 12
	index: 0, handler: __TI_decompress_rle24
	index: 1, handler: __TI_decompress_none
	index: 2, handler: __TI_zero_init


GLOBAL SYMBOLS: SORTED ALPHABETICALLY BY Name 

address   name                       
-------   ----                       
000002a9  BUZZER_clear               
00000311  BUZZER_init                
00004f85  C$$EXIT                    
000002d3  DelayForPlay               
00000f99  DrawCircle                 
00000c75  DrawLine                   
00000f49  DrawRect                   
0000101b  DrawTriangle               
0000519d  GPIODirModeSet             
000044a9  GPIOPadConfigSet           
0000533d  GPIOPinTypeEthernetLED     
00005271  GPIOPinTypeGPIOOutput      
0000534f  GPIOPinTypeLCD             
000053c9  LCDDMAConfigSet            
0000537f  LCDIDDCommandWrite         
000053cd  LCDIDDConfigSet            
0000538b  LCDIDDDataWrite            
00005041  LCDIDDTimingSet            
00005215  LCDModeSet                 
00000769  LCD_Init                   
00001163  LineFunc                   
00003923  MX66L51235FBlockErase32    
00003975  MX66L51235FBlockErase64    
000039c7  MX66L51235FChipErase       
000037a5  MX66L51235FInit            
00003a0f  MX66L51235FPageProgram     
00003a6b  MX66L51235FRead            
000038d1  MX66L51235FSectorErase     
00000209  PUSH_init                  
000031bd  PinoutSet                  
000002b7  Play                       
00000bef  PutPixel                   
000053a3  ResetISR                   
00000aad  RestoreBackground          
UNDEFED   SHT$$INIT_ARRAY$$Base      
UNDEFED   SHT$$INIT_ARRAY$$Limit     
000017f5  Scroll_down                
0000122b  Scroll_left                
00001505  Scroll_right               
00001c49  Scroll_up                  
00002097  SetFullFrame               
00003dcd  SysCtlClockFreqSet         
000053bd  SysCtlDelay                
00005079  SysCtlPeripheralEnable     
00004d2d  SysCtlPeripheralReset      
0000040f  TIMER_init                 
000005b9  UART_getch                 
000005cd  UART_getkey                
00000507  UART_init                  
00000651  UART_printf                
000005f1  UART_putch                 
00000625  UART_putstr                
000004ff  WDTinitISR                 
00005289  WriteCommand               
000052a1  WriteData                  
000050e1  _Dclass                    
20008238  _Denorm                    
000047e5  _Dnorm                     
000045d9  _Dscale                    
00004c1f  _Dunscale                  
20008248  _Eps                       
200082d0  _Errno                     
200082c8  _Fenv                      
00005111  _Feraise                   
20008258  _Hugeval                   
20008268  _Inf                       
20008278  _Nan                       
20008298  _Rteps                     
20008288  _Snan                      
200082cc  _Tls_setup__Fenv           
200082a8  _Xbig                      
200082b0  _Zero                      
20008188  __STACK_END                
00000800  __STACK_SIZE               
20007b88  __STACK_TOP                
000056f8  __TI_CINIT_Base            
00005708  __TI_CINIT_Limit           
000056e4  __TI_Handler_Table_Base    
000056f0  __TI_Handler_Table_Limit   
00004b49  __TI_auto_init             
200082c0  __TI_cleanup_ptr           
00005371  __TI_decompress_none       
000053c3  __TI_decompress_rle24      
200082c4  __TI_dtors_ptr             
00002eb5  __TI_printfi               
00000000  __TI_static_base__         
00005397  __TI_zero_init             
0000493f  __aeabi_cdcmpeq            
0000493f  __aeabi_cdcmple            
000049c5  __aeabi_cdrcmple           
00004ead  __aeabi_d2iz               
000041c7  __aeabi_dadd               
00004373  __aeabi_ddiv               
000046e9  __aeabi_dmul               
000041bd  __aeabi_dsub               
00005009  __aeabi_f2d                
00005141  __aeabi_i2d                
00004acd  __aeabi_memclr             
00004acd  __aeabi_memclr4            
00004acd  __aeabi_memclr8            
000048a3  __aeabi_memcpy             
000048a3  __aeabi_memcpy4            
000048a3  __aeabi_memcpy8            
00004acf  __aeabi_memset             
00004acf  __aeabi_memset4            
00004acf  __aeabi_memset8            
00003fc9  __aeabi_uldivmod           
ffffffff  __binit__                  
ffffffff  __c_args__                 
20007988  __stack                    
000052b9  _args_main                 
00004d7d  _c_int00                   
000054f4  _ctypes_                   
200082b8  _lock                      
0000530f  _nop                       
00005307  _register_lock             
00005301  _register_unlock           
000053d1  _system_pre_init           
200082bc  _unlock                    
00004f89  abort                      
00004dcd  atoi                       
ffffffff  binit                      
00004e19  copy_in                    
000020dd  delay                      
00004f91  exit                       
000050ad  feraiseexcept              
000051c7  frexp                      
00000000  g_pfnVectors               
20007984  g_ui32SysClock             
00004cdb  ldexp                      
00004c85  ltoa                       
00003acd  main                       
200082d4  main_func_sp               
000011bb  max                        
00005255  memccpy                    
000048a3  memcpy                     
00004ad5  memset                     
000011f3  min                        
0000516f  raise                      
00004fc9  signal                     
000052e9  strchr                     
00005315  strlen                     
00004f3d  uDMAChannelAttributeDisable
000051f1  uDMAChannelControlSet      
000052d1  uDMAChannelEnable          
00005329  uDMAChannelRequest         
00004a4d  uDMAChannelTransferSet     
000053b1  uDMAControlBaseSet         
00005361  uDMAEnable                 
00004ef5  vsprintf                   


GLOBAL SYMBOLS: SORTED BY Symbol Address 

address   name                       
-------   ----                       
00000000  __TI_static_base__         
00000000  g_pfnVectors               
00000209  PUSH_init                  
000002a9  BUZZER_clear               
000002b7  Play                       
000002d3  DelayForPlay               
00000311  BUZZER_init                
0000040f  TIMER_init                 
000004ff  WDTinitISR                 
00000507  UART_init                  
000005b9  UART_getch                 
000005cd  UART_getkey                
000005f1  UART_putch                 
00000625  UART_putstr                
00000651  UART_printf                
00000769  LCD_Init                   
00000800  __STACK_SIZE               
00000aad  RestoreBackground          
00000bef  PutPixel                   
00000c75  DrawLine                   
00000f49  DrawRect                   
00000f99  DrawCircle                 
0000101b  DrawTriangle               
00001163  LineFunc                   
000011bb  max                        
000011f3  min                        
0000122b  Scroll_left                
00001505  Scroll_right               
000017f5  Scroll_down                
00001c49  Scroll_up                  
00002097  SetFullFrame               
000020dd  delay                      
00002eb5  __TI_printfi               
000031bd  PinoutSet                  
000037a5  MX66L51235FInit            
000038d1  MX66L51235FSectorErase     
00003923  MX66L51235FBlockErase32    
00003975  MX66L51235FBlockErase64    
000039c7  MX66L51235FChipErase       
00003a0f  MX66L51235FPageProgram     
00003a6b  MX66L51235FRead            
00003acd  main                       
00003dcd  SysCtlClockFreqSet         
00003fc9  __aeabi_uldivmod           
000041bd  __aeabi_dsub               
000041c7  __aeabi_dadd               
00004373  __aeabi_ddiv               
000044a9  GPIOPadConfigSet           
000045d9  _Dscale                    
000046e9  __aeabi_dmul               
000047e5  _Dnorm                     
000048a3  __aeabi_memcpy             
000048a3  __aeabi_memcpy4            
000048a3  __aeabi_memcpy8            
000048a3  memcpy                     
0000493f  __aeabi_cdcmpeq            
0000493f  __aeabi_cdcmple            
000049c5  __aeabi_cdrcmple           
00004a4d  uDMAChannelTransferSet     
00004acd  __aeabi_memclr             
00004acd  __aeabi_memclr4            
00004acd  __aeabi_memclr8            
00004acf  __aeabi_memset             
00004acf  __aeabi_memset4            
00004acf  __aeabi_memset8            
00004ad5  memset                     
00004b49  __TI_auto_init             
00004c1f  _Dunscale                  
00004c85  ltoa                       
00004cdb  ldexp                      
00004d2d  SysCtlPeripheralReset      
00004d7d  _c_int00                   
00004dcd  atoi                       
00004e19  copy_in                    
00004ead  __aeabi_d2iz               
00004ef5  vsprintf                   
00004f3d  uDMAChannelAttributeDisable
00004f85  C$$EXIT                    
00004f89  abort                      
00004f91  exit                       
00004fc9  signal                     
00005009  __aeabi_f2d                
00005041  LCDIDDTimingSet            
00005079  SysCtlPeripheralEnable     
000050ad  feraiseexcept              
000050e1  _Dclass                    
00005111  _Feraise                   
00005141  __aeabi_i2d                
0000516f  raise                      
0000519d  GPIODirModeSet             
000051c7  frexp                      
000051f1  uDMAChannelControlSet      
00005215  LCDModeSet                 
00005255  memccpy                    
00005271  GPIOPinTypeGPIOOutput      
00005289  WriteCommand               
000052a1  WriteData                  
000052b9  _args_main                 
000052d1  uDMAChannelEnable          
000052e9  strchr                     
00005301  _register_unlock           
00005307  _register_lock             
0000530f  _nop                       
00005315  strlen                     
00005329  uDMAChannelRequest         
0000533d  GPIOPinTypeEthernetLED     
0000534f  GPIOPinTypeLCD             
00005361  uDMAEnable                 
00005371  __TI_decompress_none       
0000537f  LCDIDDCommandWrite         
0000538b  LCDIDDDataWrite            
00005397  __TI_zero_init             
000053a3  ResetISR                   
000053b1  uDMAControlBaseSet         
000053bd  SysCtlDelay                
000053c3  __TI_decompress_rle24      
000053c9  LCDDMAConfigSet            
000053cd  LCDIDDConfigSet            
000053d1  _system_pre_init           
000054f4  _ctypes_                   
000056e4  __TI_Handler_Table_Base    
000056f0  __TI_Handler_Table_Limit   
000056f8  __TI_CINIT_Base            
00005708  __TI_CINIT_Limit           
20007984  g_ui32SysClock             
20007988  __stack                    
20007b88  __STACK_TOP                
20008188  __STACK_END                
20008238  _Denorm                    
20008248  _Eps                       
20008258  _Hugeval                   
20008268  _Inf                       
20008278  _Nan                       
20008288  _Snan                      
20008298  _Rteps                     
200082a8  _Xbig                      
200082b0  _Zero                      
200082b8  _lock                      
200082bc  _unlock                    
200082c0  __TI_cleanup_ptr           
200082c4  __TI_dtors_ptr             
200082c8  _Fenv                      
200082cc  _Tls_setup__Fenv           
200082d0  _Errno                     
200082d4  main_func_sp               
ffffffff  __binit__                  
ffffffff  __c_args__                 
ffffffff  binit                      
UNDEFED   SHT$$INIT_ARRAY$$Base      
UNDEFED   SHT$$INIT_ARRAY$$Limit     

[150 symbols]
