******************************************************************************
                  TI ARM Linker PC v5.2.2                      
******************************************************************************
>> Linked Tue Sep 14 17:54:24 2021

OUTPUT FILE NAME:   <TEST.out>
ENTRY POINT SYMBOL: "_c_int00"  address: 000003f9


MEMORY CONFIGURATION

         name            origin    length      used     unused   attr    fill
----------------------  --------  ---------  --------  --------  ----  --------
  FLASH                 00000000   00100000  00000570  000ffa90  R  X
  SRAM                  20000000   00040000  00000214  0003fdec  RW X


SEGMENT ALLOCATION MAP

run origin  load origin   length   init length attrs members
----------  ----------- ---------- ----------- ----- -------
00000000    00000000    00000570   00000570    r-x
  00000000    00000000    00000208   00000208    r-- .intvecs
  00000208    00000208    00000348   00000348    r-x .text
  00000550    00000550    00000020   00000020    r-- .cinit
20000000    20000000    00000214   00000000    rw-
  20000000    20000000    00000200   00000000    rw- .stack
  20000200    20000200    00000014   00000000    rw- .data


SECTION ALLOCATION MAP

 output                                  attributes/
section   page    origin      length       input sections
--------  ----  ----------  ----------   ----------------
.intvecs   0    00000000    00000208     
                  00000000    00000208     tm4c129xnczad_startup_ccs.obj (.intvecs)

.text      0    00000208    00000348     
                  00000208    0000009c     rtsv7M4_T_le_v4SPD16_eabi.lib : memcpy_t2.obj (.text)
                  000002a4    0000007a                                   : memset_t2.obj (.text)
                  0000031e    00000002     --HOLE-- [fill = 0]
                  00000320    0000006c                                   : autoinit.obj (.text)
                  0000038c    0000006a                                   : copy_decompress_rle.obj (.text)
                  000003f6    00000002     --HOLE-- [fill = 0]
                  000003f8    00000050                                   : boot.obj (.text)
                  00000448    0000004c                                   : cpy_tbl.obj (.text)
                  00000494    00000044                                   : exit.obj (.text)
                  000004d8    00000026     main.obj (.text)
                  000004fe    00000002     --HOLE-- [fill = 0]
                  00000500    00000018     rtsv7M4_T_le_v4SPD16_eabi.lib : args_main.obj (.text)
                  00000518    00000014                                   : _lock.obj (.text)
                  0000052c    0000000e                                   : copy_decompress_none.obj (.text:decompress:none)
                  0000053a    0000000c     tm4c129xnczad_startup_ccs.obj (.text)
                  00000546    00000006     rtsv7M4_T_le_v4SPD16_eabi.lib : copy_decompress_rle.obj (.text:decompress:rle24)
                  0000054c    00000004                                   : pre_init.obj (.text)

.cinit     0    00000550    00000020     
                  00000550    0000000f     (.cinit..data.load) [load image, compression = rle]
                  0000055f    00000001     --HOLE-- [fill = 0]
                  00000560    00000008     (__TI_handler_table)
                  00000568    00000008     (__TI_cinit_table)

.init_array 
*          0    00000000    00000000     UNINITIALIZED

.stack     0    20000000    00000200     UNINITIALIZED
                  20000000    00000200     --HOLE--

.data      0    20000200    00000014     UNINITIALIZED
                  20000200    00000008     rtsv7M4_T_le_v4SPD16_eabi.lib : _lock.obj (.data)
                  20000208    00000008                                   : exit.obj (.data)
                  20000210    00000004                                   : stkdepth_vars.obj (.data)

.TI.persistent 
*          0    20000200    00000000     UNINITIALIZED


LINKER GENERATED COPY TABLES

__TI_cinit_table @ 00000568 records: 1, size/record: 8, table size: 8
	.data: load addr=00000550, load size=0000000f bytes, run addr=20000200, run size=00000014 bytes, compression=rle


LINKER GENERATED HANDLER TABLE

__TI_handler_table @ 00000560 records: 2, size/record: 4, table size: 8
	index: 0, handler: __TI_decompress_rle24
	index: 1, handler: __TI_decompress_none


GLOBAL SYMBOLS: SORTED ALPHABETICALLY BY Name 

address   name                    
-------   ----                    
00000495  C$$EXIT                 
0000053b  ResetISR                
UNDEFED   SHT$$INIT_ARRAY$$Base   
UNDEFED   SHT$$INIT_ARRAY$$Limit  
20000200  __STACK_END             
00000200  __STACK_SIZE            
20000200  __STACK_TOP             
00000568  __TI_CINIT_Base         
00000570  __TI_CINIT_Limit        
00000560  __TI_Handler_Table_Base 
00000568  __TI_Handler_Table_Limit
00000321  __TI_auto_init          
20000208  __TI_cleanup_ptr        
0000052d  __TI_decompress_none    
00000547  __TI_decompress_rle24   
2000020c  __TI_dtors_ptr          
00000000  __TI_static_base__      
000002a5  __aeabi_memclr          
000002a5  __aeabi_memclr4         
000002a5  __aeabi_memclr8         
00000209  __aeabi_memcpy          
00000209  __aeabi_memcpy4         
00000209  __aeabi_memcpy8         
000002a7  __aeabi_memset          
000002a7  __aeabi_memset4         
000002a7  __aeabi_memset8         
ffffffff  __binit__               
ffffffff  __c_args__              
20000000  __stack                 
00000501  _args_main              
000003f9  _c_int00                
20000200  _lock                   
00000527  _nop                    
0000051f  _register_lock          
00000519  _register_unlock        
0000054d  _system_pre_init        
20000204  _unlock                 
00000499  abort                   
ffffffff  binit                   
00000449  copy_in                 
000004a1  exit                    
00000000  g_pfnVectors            
000004d9  main                    
20000210  main_func_sp            
00000209  memcpy                  
000002ad  memset                  


GLOBAL SYMBOLS: SORTED BY Symbol Address 

address   name                    
-------   ----                    
00000000  __TI_static_base__      
00000000  g_pfnVectors            
00000200  __STACK_SIZE            
00000209  __aeabi_memcpy          
00000209  __aeabi_memcpy4         
00000209  __aeabi_memcpy8         
00000209  memcpy                  
000002a5  __aeabi_memclr          
000002a5  __aeabi_memclr4         
000002a5  __aeabi_memclr8         
000002a7  __aeabi_memset          
000002a7  __aeabi_memset4         
000002a7  __aeabi_memset8         
000002ad  memset                  
00000321  __TI_auto_init          
000003f9  _c_int00                
00000449  copy_in                 
00000495  C$$EXIT                 
00000499  abort                   
000004a1  exit                    
000004d9  main                    
00000501  _args_main              
00000519  _register_unlock        
0000051f  _register_lock          
00000527  _nop                    
0000052d  __TI_decompress_none    
0000053b  ResetISR                
00000547  __TI_decompress_rle24   
0000054d  _system_pre_init        
00000560  __TI_Handler_Table_Base 
00000568  __TI_CINIT_Base         
00000568  __TI_Handler_Table_Limit
00000570  __TI_CINIT_Limit        
20000000  __stack                 
20000200  __STACK_END             
20000200  __STACK_TOP             
20000200  _lock                   
20000204  _unlock                 
20000208  __TI_cleanup_ptr        
2000020c  __TI_dtors_ptr          
20000210  main_func_sp            
ffffffff  __binit__               
ffffffff  __c_args__              
ffffffff  binit                   
UNDEFED   SHT$$INIT_ARRAY$$Base   
UNDEFED   SHT$$INIT_ARRAY$$Limit  

[46 symbols]
