******************************************************************************
                  TI ARM Linker PC v5.1.6                      
******************************************************************************
>> Linked Mon Mar 28 18:31:48 2016

OUTPUT FILE NAME:   <PUSH.out>
ENTRY POINT SYMBOL: "_c_int00"  address: 000007fd


MEMORY CONFIGURATION

         name            origin    length      used     unused   attr    fill
----------------------  --------  ---------  --------  --------  ----  --------
  FLASH                 00000000   00100000  00000b18  000ff4e8  R  X
  SRAM                  20000000   00040000  00000214  0003fdec  RW X


SEGMENT ALLOCATION MAP

run origin  load origin   length   init length attrs members
----------  ----------- ---------- ----------- ----- -------
00000000    00000000    00000b18   00000b18    r-x
  00000000    00000000    00000208   00000208    r-- .intvecs
  00000208    00000208    0000072c   0000072c    r-x .text
  00000934    00000934    000001c4   000001c4    r-- .const
  00000af8    00000af8    00000020   00000020    r-- .cinit
20000000    20000000    00000214   00000000    rw-
  20000000    20000000    00000200   00000000    rw- .stack
  20000200    20000200    00000014   00000000    rw- .data


SECTION ALLOCATION MAP

 output                                  attributes/
section   page    origin      length       input sections
--------  ----  ----------  ----------   ----------------
.intvecs   0    00000000    00000208     
                  00000000    00000208     tm4c129xnczad_startup_ccs.obj (.intvecs)

.init_array 
*          0    00000000    00000000     UNINITIALIZED

.text      0    00000208    0000072c     
                  00000208    000001fc     driverlib.lib : sysctl.obj (.text:SysCtlClockFreqSet)
                  00000404    000001b4     MyLib.obj (.text)
                  000005b8    0000009c     rtsv7M4_T_le_v4SPD16_eabi.lib : memcpy_t2.obj (.text)
                  00000654    00000094                                   : auto_init.obj (.text)
                  000006e8    0000006c     main.obj (.text)
                  00000754    0000005e     rtsv7M4_T_le_v4SPD16_eabi.lib : copy_decompress_rle.obj (.text)
                  000007b2    00000002     --HOLE-- [fill = 0]
                  000007b4    00000048     driverlib.lib : sysctl.obj (.text:_SysCtlFrequencyGet)
                  000007fc    00000048     rtsv7M4_T_le_v4SPD16_eabi.lib : boot.obj (.text)
                  00000844    00000044                                   : cpy_tbl.obj (.text)
                  00000888    00000044                                   : exit.obj (.text)
                  000008cc    0000001c     driverlib.lib : sysctl.obj (.text:_SysCtlMemTimingGet)
                  000008e8    00000018     rtsv7M4_T_le_v4SPD16_eabi.lib : args_main.obj (.text)
                  00000900    00000014                                   : _lock.obj (.text)
                  00000914    0000000e                                   : copy_decompress_none.obj (.text:decompress:none)
                  00000922    0000000c     tm4c129xnczad_startup_ccs.obj (.text)
                  0000092e    00000006     rtsv7M4_T_le_v4SPD16_eabi.lib : copy_decompress_rle.obj (.text:decompress:rle24)

.const     0    00000934    000001c4     
                  00000934    00000120     driverlib.lib : sysctl.obj (.const:g_pppui32XTALtoVCO)
                  00000a54    0000006c                   : sysctl.obj (.const:g_pui32Xtals)
                  00000ac0    00000030                   : sysctl.obj (.const:g_sXTALtoMEMTIM)
                  00000af0    00000008                   : sysctl.obj (.const)

.cinit     0    00000af8    00000020     
                  00000af8    0000000f     (.cinit..data.load) [load image, compression = rle]
                  00000b07    00000001     --HOLE-- [fill = 0]
                  00000b08    00000008     (__TI_handler_table)
                  00000b10    00000008     (__TI_cinit_table)

.stack     0    20000000    00000200     UNINITIALIZED
                  20000000    00000200     --HOLE--

.data      0    20000200    00000014     UNINITIALIZED
                  20000200    00000008     rtsv7M4_T_le_v4SPD16_eabi.lib : _lock.obj (.data)
                  20000208    00000008                                   : exit.obj (.data)
                  20000210    00000004                                   : stkdepth_vars.obj (.data)


LINKER GENERATED COPY TABLES

__TI_cinit_table @ 00000b10 records: 1, size/record: 8, table size: 8
	.data: load addr=00000af8, load size=0000000f bytes, run addr=20000200, run size=00000014 bytes, compression=rle


LINKER GENERATED HANDLER TABLE

__TI_handler_table @ 00000b08 records: 2, size/record: 4, table size: 8
	index: 0, handler: __TI_decompress_rle24
	index: 1, handler: __TI_decompress_none


GLOBAL SYMBOLS: SORTED ALPHABETICALLY BY Name 

address    name
--------   ----
00000889   C$$EXIT
0000070d   LED_clear
00000405   LED_init
000004e3   PUSH_init
00000923   ResetISR
UNDEFED    SHT$$INIT_ARRAY$$Base
UNDEFED    SHT$$INIT_ARRAY$$Limit
00000209   SysCtlClockFreqSet
20000200   __STACK_END
00000200   __STACK_SIZE
20000200   __STACK_TOP
00000b10   __TI_CINIT_Base
00000b18   __TI_CINIT_Limit
00000b08   __TI_Handler_Table_Base
00000b10   __TI_Handler_Table_Limit
00000001   __TI_args_main
00000655   __TI_auto_init
20000208   __TI_cleanup_ptr
00000915   __TI_decompress_none
0000092f   __TI_decompress_rle24
2000020c   __TI_dtors_ptr
00000000   __TI_static_base__
000005b9   __aeabi_memcpy
000005b9   __aeabi_memcpy4
000005b9   __aeabi_memcpy8
ffffffff   __binit__
ffffffff   __c_args__
20000000   __stack
000008e9   _args_main
000007fd   _c_int00
20000200   _lock
0000090f   _nop
00000907   _register_lock
00000901   _register_unlock
20000204   _unlock
0000088d   abort
ffffffff   binit
00000845   copy_in
00000723   delay
00000895   exit
00000000   g_pfnVectors
000006e9   main
20000210   main_func_sp
000005b9   memcpy


GLOBAL SYMBOLS: SORTED BY Symbol Address 

address    name
--------   ----
00000000   __TI_static_base__
00000000   g_pfnVectors
00000001   __TI_args_main
00000200   __STACK_SIZE
00000209   SysCtlClockFreqSet
00000405   LED_init
000004e3   PUSH_init
000005b9   __aeabi_memcpy
000005b9   __aeabi_memcpy4
000005b9   __aeabi_memcpy8
000005b9   memcpy
00000655   __TI_auto_init
000006e9   main
0000070d   LED_clear
00000723   delay
000007fd   _c_int00
00000845   copy_in
00000889   C$$EXIT
0000088d   abort
00000895   exit
000008e9   _args_main
00000901   _register_unlock
00000907   _register_lock
0000090f   _nop
00000915   __TI_decompress_none
00000923   ResetISR
0000092f   __TI_decompress_rle24
00000b08   __TI_Handler_Table_Base
00000b10   __TI_CINIT_Base
00000b10   __TI_Handler_Table_Limit
00000b18   __TI_CINIT_Limit
20000000   __stack
20000200   __STACK_END
20000200   __STACK_TOP
20000200   _lock
20000204   _unlock
20000208   __TI_cleanup_ptr
2000020c   __TI_dtors_ptr
20000210   main_func_sp
ffffffff   __binit__
ffffffff   __c_args__
ffffffff   binit
UNDEFED    SHT$$INIT_ARRAY$$Base
UNDEFED    SHT$$INIT_ARRAY$$Limit

[44 symbols]
