******************************************************************************
                  TI ARM Linker PC v5.2.2                      
******************************************************************************
>> Linked Mon Nov 01 20:52:39 2021

OUTPUT FILE NAME:   <PUSH_student.out>
ENTRY POINT SYMBOL: "_c_int00"  address: 00000a29


MEMORY CONFIGURATION

         name            origin    length      used     unused   attr    fill
----------------------  --------  ---------  --------  --------  ----  --------
  FLASH                 00000000   00100000  00000da0  000ff260  R  X
  SRAM                  20000000   00040000  00000214  0003fdec  RW X


SEGMENT ALLOCATION MAP

run origin  load origin   length   init length attrs members
----------  ----------- ---------- ----------- ----- -------
00000000    00000000    00000da0   00000da0    r-x
  00000000    00000000    00000208   00000208    r-- .intvecs
  00000208    00000208    000009b4   000009b4    r-x .text
  00000bbc    00000bbc    000001c4   000001c4    r-- .const
  00000d80    00000d80    00000020   00000020    r-- .cinit
20000000    20000000    00000214   00000000    rw-
  20000000    20000000    00000200   00000000    rw- .stack
  20000200    20000200    00000014   00000000    rw- .data


SECTION ALLOCATION MAP

 output                                  attributes/
section   page    origin      length       input sections
--------  ----  ----------  ----------   ----------------
.intvecs   0    00000000    00000208     
                  00000000    00000208     tm4c129xnczad_startup_ccs.obj (.intvecs)

.text      0    00000208    000009b4     
                  00000208    000002d4     MyLib.obj (.text)
                  000004dc    000001fc     driverlib.lib : sysctl.obj (.text:SysCtlClockFreqSet)
                  000006d8    00000160     main.obj (.text)
                  00000838    0000009c     rtsv7M4_T_le_v4SPD16_eabi.lib : memcpy_t2.obj (.text)
                  000008d4    0000007a                                   : memset_t2.obj (.text)
                  0000094e    00000002     --HOLE-- [fill = 0]
                  00000950    0000006c                                   : autoinit.obj (.text)
                  000009bc    0000006a                                   : copy_decompress_rle.obj (.text)
                  00000a26    00000002     --HOLE-- [fill = 0]
                  00000a28    00000050                                   : boot.obj (.text)
                  00000a78    0000004c                                   : cpy_tbl.obj (.text)
                  00000ac4    00000048     driverlib.lib : sysctl.obj (.text:_SysCtlFrequencyGet)
                  00000b0c    00000044     rtsv7M4_T_le_v4SPD16_eabi.lib : exit.obj (.text)
                  00000b50    0000001c     driverlib.lib : sysctl.obj (.text:_SysCtlMemTimingGet)
                  00000b6c    00000018     rtsv7M4_T_le_v4SPD16_eabi.lib : args_main.obj (.text)
                  00000b84    00000014                                   : _lock.obj (.text)
                  00000b98    0000000e                                   : copy_decompress_none.obj (.text:decompress:none)
                  00000ba6    0000000c     tm4c129xnczad_startup_ccs.obj (.text)
                  00000bb2    00000006     rtsv7M4_T_le_v4SPD16_eabi.lib : copy_decompress_rle.obj (.text:decompress:rle24)
                  00000bb8    00000004                                   : pre_init.obj (.text)

.const     0    00000bbc    000001c4     
                  00000bbc    00000120     driverlib.lib : sysctl.obj (.const:g_pppui32XTALtoVCO)
                  00000cdc    0000006c                   : sysctl.obj (.const:g_pui32Xtals)
                  00000d48    00000030                   : sysctl.obj (.const:g_sXTALtoMEMTIM)
                  00000d78    00000008                   : sysctl.obj (.const)

.cinit     0    00000d80    00000020     
                  00000d80    0000000f     (.cinit..data.load) [load image, compression = rle]
                  00000d8f    00000001     --HOLE-- [fill = 0]
                  00000d90    00000008     (__TI_handler_table)
                  00000d98    00000008     (__TI_cinit_table)

.init_array 
*          0    00000000    00000000     UNINITIALIZED

.stack     0    20000000    00000200     UNINITIALIZED
                  20000000    00000200     --HOLE--

.data      0    20000200    00000014     UNINITIALIZED
                  20000200    00000008     rtsv7M4_T_le_v4SPD16_eabi.lib : _lock.obj (.data)
                  20000208    00000008                                   : exit.obj (.data)
                  20000210    00000004                                   : stkdepth_vars.obj (.data)

.TI.persistent 
*          0    20000200    00000000     UNINITIALIZED


LINKER GENERATED COPY TABLES

__TI_cinit_table @ 00000d98 records: 1, size/record: 8, table size: 8
	.data: load addr=00000d80, load size=0000000f bytes, run addr=20000200, run size=00000014 bytes, compression=rle


LINKER GENERATED HANDLER TABLE

__TI_handler_table @ 00000d90 records: 2, size/record: 4, table size: 8
	index: 0, handler: __TI_decompress_rle24
	index: 1, handler: __TI_decompress_none


GLOBAL SYMBOLS: SORTED ALPHABETICALLY BY Name 

address   name                    
-------   ----                    
00000b0d  C$$EXIT                 
00000387  DIP_init                
000007f3  LED_clear               
00000209  LED_init                
000002e7  PUSH_init               
00000ba7  ResetISR                
UNDEFED   SHT$$INIT_ARRAY$$Base   
UNDEFED   SHT$$INIT_ARRAY$$Limit  
000004dd  SysCtlClockFreqSet      
UNDEFED   WRITE_FND               
20000200  __STACK_END             
00000200  __STACK_SIZE            
20000200  __STACK_TOP             
00000d98  __TI_CINIT_Base         
00000da0  __TI_CINIT_Limit        
00000d90  __TI_Handler_Table_Base 
00000d98  __TI_Handler_Table_Limit
00000951  __TI_auto_init          
20000208  __TI_cleanup_ptr        
00000b99  __TI_decompress_none    
00000bb3  __TI_decompress_rle24   
2000020c  __TI_dtors_ptr          
00000000  __TI_static_base__      
000008d5  __aeabi_memclr          
000008d5  __aeabi_memclr4         
000008d5  __aeabi_memclr8         
00000839  __aeabi_memcpy          
00000839  __aeabi_memcpy4         
00000839  __aeabi_memcpy8         
000008d7  __aeabi_memset          
000008d7  __aeabi_memset4         
000008d7  __aeabi_memset8         
ffffffff  __binit__               
ffffffff  __c_args__              
20000000  __stack                 
00000b6d  _args_main              
00000a29  _c_int00                
20000200  _lock                   
00000b93  _nop                    
00000b8b  _register_lock          
00000b85  _register_unlock        
00000bb9  _system_pre_init        
20000204  _unlock                 
00000b11  abort                   
ffffffff  binit                   
00000a79  copy_in                 
00000809  delay                   
00000b19  exit                    
00000000  g_pfnVectors            
000006d9  main                    
20000210  main_func_sp            
00000839  memcpy                  
000008dd  memset                  


GLOBAL SYMBOLS: SORTED BY Symbol Address 

address   name                    
-------   ----                    
00000000  __TI_static_base__      
00000000  g_pfnVectors            
00000200  __STACK_SIZE            
00000209  LED_init                
000002e7  PUSH_init               
00000387  DIP_init                
000004dd  SysCtlClockFreqSet      
000006d9  main                    
000007f3  LED_clear               
00000809  delay                   
00000839  __aeabi_memcpy          
00000839  __aeabi_memcpy4         
00000839  __aeabi_memcpy8         
00000839  memcpy                  
000008d5  __aeabi_memclr          
000008d5  __aeabi_memclr4         
000008d5  __aeabi_memclr8         
000008d7  __aeabi_memset          
000008d7  __aeabi_memset4         
000008d7  __aeabi_memset8         
000008dd  memset                  
00000951  __TI_auto_init          
00000a29  _c_int00                
00000a79  copy_in                 
00000b0d  C$$EXIT                 
00000b11  abort                   
00000b19  exit                    
00000b6d  _args_main              
00000b85  _register_unlock        
00000b8b  _register_lock          
00000b93  _nop                    
00000b99  __TI_decompress_none    
00000ba7  ResetISR                
00000bb3  __TI_decompress_rle24   
00000bb9  _system_pre_init        
00000d90  __TI_Handler_Table_Base 
00000d98  __TI_CINIT_Base         
00000d98  __TI_Handler_Table_Limit
00000da0  __TI_CINIT_Limit        
20000000  __stack                 
20000200  __STACK_END             
20000200  __STACK_TOP             
20000200  _lock                   
20000204  _unlock                 
20000208  __TI_cleanup_ptr        
2000020c  __TI_dtors_ptr          
20000210  main_func_sp            
ffffffff  __binit__               
ffffffff  __c_args__              
ffffffff  binit                   
UNDEFED   SHT$$INIT_ARRAY$$Base   
UNDEFED   SHT$$INIT_ARRAY$$Limit  
UNDEFED   WRITE_FND               

[53 symbols]
