******************************************************************************
                  TI ARM Linker PC v5.2.5                      
******************************************************************************
>> Linked Mon Mar 26 21:39:23 2018

OUTPUT FILE NAME:   <PUSH_exam.out>
ENTRY POINT SYMBOL: "_c_int00"  address: 000007f9


MEMORY CONFIGURATION

         name            origin    length      used     unused   attr    fill
----------------------  --------  ---------  --------  --------  ----  --------
  FLASH                 00000000   00100000  00000948  000ff6b8  R  X
  SRAM                  20000000   00040000  00000214  0003fdec  RW X


SEGMENT ALLOCATION MAP

run origin  load origin   length   init length attrs members
----------  ----------- ---------- ----------- ----- -------
00000000    00000000    00000948   00000948    r-x
  00000000    00000000    00000208   00000208    r-- .intvecs
  00000208    00000208    00000720   00000720    r-x .text
  00000928    00000928    00000020   00000020    r-- .cinit
20000000    20000000    00000214   00000000    rw-
  20000000    20000000    00000200   00000000    rw- .stack
  20000200    20000200    00000014   00000000    rw- .data


SECTION ALLOCATION MAP

 output                                  attributes/
section   page    origin      length       input sections
--------  ----  ----------  ----------   ----------------
.intvecs   0    00000000    00000208     
                  00000000    00000208     tm4c129xnczad_startup_ccs.obj (.intvecs)

.text      0    00000208    00000720     
                  00000208    000002d4     MyLib.obj (.text)
                  000004dc    0000012c     main.obj (.text)
                  00000608    0000009c     rtsv7M4_T_le_v4SPD16_eabi.lib : memcpy_t2.obj (.text)
                  000006a4    0000007a                                   : memset_t2.obj (.text)
                  0000071e    00000002     --HOLE-- [fill = 0]
                  00000720    0000006c                                   : autoinit.obj (.text)
                  0000078c    0000006a                                   : copy_decompress_rle.obj (.text)
                  000007f6    00000002     --HOLE-- [fill = 0]
                  000007f8    00000050                                   : boot.obj (.text)
                  00000848    0000004c                                   : cpy_tbl.obj (.text)
                  00000894    00000044                                   : exit.obj (.text)
                  000008d8    00000018                                   : args_main.obj (.text)
                  000008f0    00000014                                   : _lock.obj (.text)
                  00000904    0000000e                                   : copy_decompress_none.obj (.text:decompress:none)
                  00000912    0000000c     tm4c129xnczad_startup_ccs.obj (.text)
                  0000091e    00000006     rtsv7M4_T_le_v4SPD16_eabi.lib : copy_decompress_rle.obj (.text:decompress:rle24)
                  00000924    00000004                                   : pre_init.obj (.text)

.cinit     0    00000928    00000020     
                  00000928    0000000f     (.cinit..data.load) [load image, compression = rle]
                  00000937    00000001     --HOLE-- [fill = 0]
                  00000938    00000008     (__TI_handler_table)
                  00000940    00000008     (__TI_cinit_table)

.init_array 
*          0    00000000    00000000     UNINITIALIZED

.stack     0    20000000    00000200     UNINITIALIZED
                  20000000    00000200     --HOLE--

.data      0    20000200    00000014     UNINITIALIZED
                  20000200    00000008     rtsv7M4_T_le_v4SPD16_eabi.lib : _lock.obj (.data)
                  20000208    00000008                                   : exit.obj (.data)
                  20000210    00000004                                   : stkdepth_vars.obj (.data)

.TI.persistent 
*          0    20000200    00000000     UNINITIALIZED


LINKER GENERATED COPY TABLES

__TI_cinit_table @ 00000940 records: 1, size/record: 8, table size: 8
	.data: load addr=00000928, load size=0000000f bytes, run addr=20000200, run size=00000014 bytes, compression=rle


LINKER GENERATED HANDLER TABLE

__TI_handler_table @ 00000938 records: 2, size/record: 4, table size: 8
	index: 0, handler: __TI_decompress_rle24
	index: 1, handler: __TI_decompress_none


GLOBAL SYMBOLS: SORTED ALPHABETICALLY BY Name 

address   name                    
-------   ----                    
00000895  C$$EXIT                 
00000387  DIP_init                
000005b9  LED_clear               
00000209  LED_init                
000002e7  PUSH_init               
00000913  ResetISR                
UNDEFED   SHT$$INIT_ARRAY$$Base   
UNDEFED   SHT$$INIT_ARRAY$$Limit  
20000200  __STACK_END             
00000200  __STACK_SIZE            
20000200  __STACK_TOP             
00000940  __TI_CINIT_Base         
00000948  __TI_CINIT_Limit        
00000938  __TI_Handler_Table_Base 
00000940  __TI_Handler_Table_Limit
00000721  __TI_auto_init          
20000208  __TI_cleanup_ptr        
00000905  __TI_decompress_none    
0000091f  __TI_decompress_rle24   
2000020c  __TI_dtors_ptr          
00000000  __TI_static_base__      
000006a5  __aeabi_memclr          
000006a5  __aeabi_memclr4         
000006a5  __aeabi_memclr8         
00000609  __aeabi_memcpy          
00000609  __aeabi_memcpy4         
00000609  __aeabi_memcpy8         
000006a7  __aeabi_memset          
000006a7  __aeabi_memset4         
000006a7  __aeabi_memset8         
ffffffff  __binit__               
ffffffff  __c_args__              
20000000  __stack                 
000008d9  _args_main              
000007f9  _c_int00                
20000200  _lock                   
000008ff  _nop                    
000008f7  _register_lock          
000008f1  _register_unlock        
00000925  _system_pre_init        
20000204  _unlock                 
00000899  abort                   
ffffffff  binit                   
00000849  copy_in                 
000005cf  delay                   
000008a1  exit                    
00000000  g_pfnVectors            
000004dd  main                    
20000210  main_func_sp            
00000609  memcpy                  
000006ad  memset                  


GLOBAL SYMBOLS: SORTED BY Symbol Address 

address   name                    
-------   ----                    
00000000  __TI_static_base__      
00000000  g_pfnVectors            
00000200  __STACK_SIZE            
00000209  LED_init                
000002e7  PUSH_init               
00000387  DIP_init                
000004dd  main                    
000005b9  LED_clear               
000005cf  delay                   
00000609  __aeabi_memcpy          
00000609  __aeabi_memcpy4         
00000609  __aeabi_memcpy8         
00000609  memcpy                  
000006a5  __aeabi_memclr          
000006a5  __aeabi_memclr4         
000006a5  __aeabi_memclr8         
000006a7  __aeabi_memset          
000006a7  __aeabi_memset4         
000006a7  __aeabi_memset8         
000006ad  memset                  
00000721  __TI_auto_init          
000007f9  _c_int00                
00000849  copy_in                 
00000895  C$$EXIT                 
00000899  abort                   
000008a1  exit                    
000008d9  _args_main              
000008f1  _register_unlock        
000008f7  _register_lock          
000008ff  _nop                    
00000905  __TI_decompress_none    
00000913  ResetISR                
0000091f  __TI_decompress_rle24   
00000925  _system_pre_init        
00000938  __TI_Handler_Table_Base 
00000940  __TI_CINIT_Base         
00000940  __TI_Handler_Table_Limit
00000948  __TI_CINIT_Limit        
20000000  __stack                 
20000200  __STACK_END             
20000200  __STACK_TOP             
20000200  _lock                   
20000204  _unlock                 
20000208  __TI_cleanup_ptr        
2000020c  __TI_dtors_ptr          
20000210  main_func_sp            
ffffffff  __binit__               
ffffffff  __c_args__              
ffffffff  binit                   
UNDEFED   SHT$$INIT_ARRAY$$Base   
UNDEFED   SHT$$INIT_ARRAY$$Limit  

[51 symbols]
