******************************************************************************
                  TI ARM Linker PC v5.2.2                      
******************************************************************************
>> Linked Tue Nov 30 21:31:50 2021

OUTPUT FILE NAME:   <LCD_Draw_figure_exam_1.out>
ENTRY POINT SYMBOL: "_c_int00"  address: 00004d89


MEMORY CONFIGURATION

         name            origin    length      used     unused   attr    fill
----------------------  --------  ---------  --------  --------  ----  --------
  FLASH                 00000000   00100000  00005748  000fa8b8  R  X
  SRAM                  20000000   00040000  00028144  00017ebc  RW X


SEGMENT ALLOCATION MAP

run origin  load origin   length   init length attrs members
----------  ----------- ---------- ----------- ----- -------
00000000    00000000    00005748   00005748    r-x
  00000000    00000000    00000208   00000208    r-- .intvecs
  00000208    00000208    000051a0   000051a0    r-x .text
  000053a8    000053a8    000002c8   000002c8    r-- .const
  00005670    00005670    000000d8   000000d8    r-- .cinit
20000000    20000000    00028144   00000000    rw-
  20000000    20000000    00027788   00000000    rw- .bss
  20027788    20027788    00000800   00000000    rw- .stack
  20027f88    20027f88    000001bc   00000000    rw- .data


SECTION ALLOCATION MAP

 output                                  attributes/
section   page    origin      length       input sections
--------  ----  ----------  ----------   ----------------
.intvecs   0    00000000    00000208     
                  00000000    00000208     tm4c129xnczad_startup_ccs.obj (.intvecs)

.text      0    00000208    000051a0     
                  00000208    00001ef8     myLib.obj (.text)
                  00002100    000010ba     rtsv7M4_T_le_v4SPD16_eabi.lib : _printfi.obj (.text)
                  000031ba    00000002     --HOLE-- [fill = 0]
                  000031bc    000005e8     pinout.obj (.text)
                  000037a4    00000328     mx66l51235f.obj (.text)
                  00003acc    0000030c     main.obj (.text)
                  00003dd8    000001fc     driverlib.lib : sysctl.obj (.text:SysCtlClockFreqSet)
                  00003fd4    000001f4     rtsv7M4_T_le_v4SPD16_eabi.lib : ull_div_t2.obj (.text)
                  000041c8    000001b6                                   : fd_add_t2.obj (.text)
                  0000437e    00000136                                   : fd_div_t2.obj (.text)
                  000044b4    00000130     driverlib.lib : gpio.obj (.text:GPIOPadConfigSet)
                  000045e4    00000110     rtsv7M4_T_le_v4SPD16_eabi.lib : xdscale.obj (.text)
                  000046f4    000000fc                                   : fd_mul_t2.obj (.text)
                  000047f0    000000be                                   : xdnorm.obj (.text)
                  000048ae    0000009c                                   : memcpy_t2.obj (.text)
                  0000494a    00000086                                   : fd_cmp_t2.obj (.text:__aeabi_cdcmple)
                  000049d0    00000086                                   : fd_cmp_t2.obj (.text:__aeabi_cdrcmple)
                  00004a56    00000002     --HOLE-- [fill = 0]
                  00004a58    00000080     driverlib.lib : udma.obj (.text:uDMAChannelTransferSet)
                  00004ad8    0000007a     rtsv7M4_T_le_v4SPD16_eabi.lib : memset_t2.obj (.text)
                  00004b52    00000002     --HOLE-- [fill = 0]
                  00004b54    0000006c                                   : autoinit.obj (.text)
                  00004bc0    0000006a                                   : copy_decompress_rle.obj (.text)
                  00004c2a    00000066                                   : xdunscal.obj (.text)
                  00004c90    00000056                                   : ltoa.obj (.text)
                  00004ce6    00000052                                   : ldexp.obj (.text)
                  00004d38    00000050     driverlib.lib : sysctl.obj (.text:SysCtlPeripheralReset)
                  00004d88    00000050     rtsv7M4_T_le_v4SPD16_eabi.lib : boot.obj (.text)
                  00004dd8    0000004c                                   : atoi.obj (.text)
                  00004e24    0000004c                                   : cpy_tbl.obj (.text)
                  00004e70    00000048     driverlib.lib : sysctl.obj (.text:_SysCtlFrequencyGet)
                  00004eb8    00000048     rtsv7M4_T_le_v4SPD16_eabi.lib : fd_toi_t2.obj (.text)
                  00004f00    00000048                                   : vsprintf.obj (.text)
                  00004f48    00000048     driverlib.lib : udma.obj (.text:uDMAChannelAttributeDisable)
                  00004f90    00000044     rtsv7M4_T_le_v4SPD16_eabi.lib : exit.obj (.text)
                  00004fd4    00000040                                   : signal.obj (.text)
                  00005014    00000036     driverlib.lib : lcd.obj (.text:LCDIDDTimingSet)
                  0000504a    00000002     --HOLE-- [fill = 0]
                  0000504c    00000034                   : sysctl.obj (.text:SysCtlPeripheralEnable)
                  00005080    00000034     rtsv7M4_T_le_v4SPD16_eabi.lib : feraiseexcept.obj (.text)
                  000050b4    00000030                                   : xdclass.obj (.text)
                  000050e4    00000030                                   : xferaise.obj (.text)
                  00005114    0000002e                                   : i_tofd_t2.obj (.text)
                  00005142    0000002e                                   : raise.obj (.text)
                  00005170    0000002a     driverlib.lib : gpio.obj (.text:GPIODirModeSet)
                  0000519a    0000002a     rtsv7M4_T_le_v4SPD16_eabi.lib : frexp.obj (.text)
                  000051c4    00000024     driverlib.lib : udma.obj (.text:uDMAChannelControlSet)
                  000051e8    00000022                   : lcd.obj (.text:LCDModeSet)
                  0000520a    00000002     --HOLE-- [fill = 0]
                  0000520c    0000001c                   : sysctl.obj (.text:_SysCtlMemTimingGet)
                  00005228    0000001c     rtsv7M4_T_le_v4SPD16_eabi.lib : memccpy.obj (.text)
                  00005244    00000018     driverlib.lib : gpio.obj (.text:GPIOPinTypeGPIOOutput)
                  0000525c    00000018     myLib.obj (.text:WriteCommand)
                  00005274    00000018     myLib.obj (.text:WriteData)
                  0000528c    00000018     rtsv7M4_T_le_v4SPD16_eabi.lib : args_main.obj (.text)
                  000052a4    00000018     driverlib.lib : udma.obj (.text:uDMAChannelEnable)
                  000052bc    00000016     rtsv7M4_T_le_v4SPD16_eabi.lib : strchr.obj (.text)
                  000052d2    00000002     --HOLE-- [fill = 0]
                  000052d4    00000014                                   : _lock.obj (.text)
                  000052e8    00000014                                   : strlen.obj (.text)
                  000052fc    00000014     driverlib.lib : udma.obj (.text:uDMAChannelRequest)
                  00005310    00000012                   : gpio.obj (.text:GPIOPinTypeEthernetLED)
                  00005322    00000012                   : gpio.obj (.text:GPIOPinTypeLCD)
                  00005334    00000010                   : udma.obj (.text:uDMAEnable)
                  00005344    0000000e     rtsv7M4_T_le_v4SPD16_eabi.lib : copy_decompress_none.obj (.text:decompress:none)
                  00005352    0000000c     driverlib.lib : lcd.obj (.text:LCDIDDCommandWrite)
                  0000535e    0000000c                   : lcd.obj (.text:LCDIDDDataWrite)
                  0000536a    0000000c     rtsv7M4_T_le_v4SPD16_eabi.lib : copy_zero_init.obj (.text:decompress:ZI)
                  00005376    0000000c     tm4c129xnczad_startup_ccs.obj (.text)
                  00005382    00000002     --HOLE-- [fill = 0]
                  00005384    0000000c     driverlib.lib : udma.obj (.text:uDMAControlBaseSet)
                  00005390    00000006                   : sysctl.obj (.text:SysCtlDelay)
                  00005396    00000006     rtsv7M4_T_le_v4SPD16_eabi.lib : copy_decompress_rle.obj (.text:decompress:rle24)
                  0000539c    00000004     driverlib.lib : lcd.obj (.text:LCDDMAConfigSet)
                  000053a0    00000004                   : lcd.obj (.text:LCDIDDConfigSet)
                  000053a4    00000004     rtsv7M4_T_le_v4SPD16_eabi.lib : pre_init.obj (.text)

.const     0    000053a8    000002c8     
                  000053a8    00000120     driverlib.lib : sysctl.obj (.const:g_pppui32XTALtoVCO)
                  000054c8    00000101     rtsv7M4_T_le_v4SPD16_eabi.lib : ctype.obj (.const:.string:_ctypes_)
                  000055c9    00000003     --HOLE-- [fill = 0]
                  000055cc    0000006c     driverlib.lib : sysctl.obj (.const:g_pui32Xtals)
                  00005638    00000030                   : sysctl.obj (.const:g_sXTALtoMEMTIM)
                  00005668    00000008                   : sysctl.obj (.const)

.cinit     0    00005670    000000d8     
                  00005670    000000ad     (.cinit..data.load) [load image, compression = rle]
                  0000571d    00000003     --HOLE-- [fill = 0]
                  00005720    0000000c     (__TI_handler_table)
                  0000572c    00000004     --HOLE-- [fill = 0]
                  00005730    00000008     (.cinit..bss.load) [load image, compression = zero_init]
                  00005738    00000010     (__TI_cinit_table)

.init_array 
*          0    00000000    00000000     UNINITIALIZED

.bss       0    20000000    00027788     UNINITIALIZED
                  20000000    0001fe00     main.obj (.bss:buffer)
                  2001fe00    00002580     myLib.obj (.bss:temp_buffer$4)
                  20022380    00002580     myLib.obj (.bss:temp_buffer$5)
                  20024900    00001540     myLib.obj (.bss:temp_buffer$2)
                  20025e40    00001540     myLib.obj (.bss:temp_buffer$3)
                  20027380    00000400     myLib.obj (.bss:pui8DMAControlTable$1)
                  20027780    00000004     (.common:g_ui32MX66L51235FAddr)
                  20027784    00000004     (.common:g_ui32SysClock)

.TI.noinit 
*          0    20000000    00000000     UNINITIALIZED

.stack     0    20027788    00000800     UNINITIALIZED
                  20027788    00000800     --HOLE--

.data      0    20027f88    000001bc     UNINITIALIZED
                  20027f88    000000b0     rtsv7M4_T_le_v4SPD16_eabi.lib : signal.obj (.data:sigtable)
                  20028038    00000080                                   : xvalues.obj (.data)
                  200280b8    00000064     main.obj (.data:Melody_Name)
                  2002811c    00000008     main.obj (.data)
                  20028124    00000008     rtsv7M4_T_le_v4SPD16_eabi.lib : _lock.obj (.data)
                  2002812c    00000008                                   : exit.obj (.data)
                  20028134    00000008                                   : feraiseexcept.obj (.data)
                  2002813c    00000004                                   : errno.obj (.data)
                  20028140    00000004                                   : stkdepth_vars.obj (.data)

.TI.persistent 
*          0    20027f88    00000000     UNINITIALIZED


LINKER GENERATED COPY TABLES

__TI_cinit_table @ 00005738 records: 2, size/record: 8, table size: 16
	.data: load addr=00005670, load size=000000ad bytes, run addr=20027f88, run size=000001bc bytes, compression=rle
	.bss: load addr=00005730, load size=00000008 bytes, run addr=20000000, run size=00027788 bytes, compression=zero_init


LINKER GENERATED HANDLER TABLE

__TI_handler_table @ 00005720 records: 3, size/record: 4, table size: 12
	index: 0, handler: __TI_decompress_rle24
	index: 1, handler: __TI_decompress_none
	index: 2, handler: __TI_zero_init


GLOBAL SYMBOLS: SORTED ALPHABETICALLY BY Name 

address   name                       
-------   ----                       
000002a9  BUZZER_clear               
00000311  BUZZER_init                
00004f91  C$$EXIT                    
000002d3  DelayForPlay               
00000f99  DrawCircle                 
00000c75  DrawLine                   
00000f49  DrawRect                   
0000101b  DrawTriangle               
00005171  GPIODirModeSet             
000044b5  GPIOPadConfigSet           
00005311  GPIOPinTypeEthernetLED     
00005245  GPIOPinTypeGPIOOutput      
00005323  GPIOPinTypeLCD             
0000539d  LCDDMAConfigSet            
00005353  LCDIDDCommandWrite         
000053a1  LCDIDDConfigSet            
0000535f  LCDIDDDataWrite            
00005015  LCDIDDTimingSet            
000051e9  LCDModeSet                 
00000769  LCD_Init                   
00001163  LineFunc                   
00003923  MX66L51235FBlockErase32    
00003975  MX66L51235FBlockErase64    
000039c7  MX66L51235FChipErase       
000037a5  MX66L51235FInit            
00003a0f  MX66L51235FPageProgram     
00003a6b  MX66L51235FRead            
000038d1  MX66L51235FSectorErase     
200280b8  Melody_Name                
00000209  PUSH_init                  
000031bd  PinoutSet                  
000002b7  Play                       
00000bef  PutPixel                   
00005377  ResetISR                   
00000aad  RestoreBackground          
UNDEFED   SHT$$INIT_ARRAY$$Base      
UNDEFED   SHT$$INIT_ARRAY$$Limit     
000017f5  Scroll_down                
0000122b  Scroll_left                
00001505  Scroll_right               
00001c49  Scroll_up                  
00002097  SetFullFrame               
00003dd9  SysCtlClockFreqSet         
00005391  SysCtlDelay                
0000504d  SysCtlPeripheralEnable     
00004d39  SysCtlPeripheralReset      
0000040f  TIMER_init                 
000005b9  UART_getch                 
000005cd  UART_getkey                
00000507  UART_init                  
00000651  UART_printf                
000005f1  UART_putch                 
00000625  UART_putstr                
000004ff  WDTinitISR                 
0000525d  WriteCommand               
00005275  WriteData                  
000050b5  _Dclass                    
20028038  _Denorm                    
000047f1  _Dnorm                     
000045e5  _Dscale                    
00004c2b  _Dunscale                  
20028048  _Eps                       
2002813c  _Errno                     
20028134  _Fenv                      
000050e5  _Feraise                   
20028058  _Hugeval                   
20028068  _Inf                       
20028078  _Nan                       
20028098  _Rteps                     
20028088  _Snan                      
20028138  _Tls_setup__Fenv           
200280a8  _Xbig                      
200280b0  _Zero                      
20027f88  __STACK_END                
00000800  __STACK_SIZE               
20027988  __STACK_TOP                
00005738  __TI_CINIT_Base            
00005748  __TI_CINIT_Limit           
00005720  __TI_Handler_Table_Base    
0000572c  __TI_Handler_Table_Limit   
00004b55  __TI_auto_init             
2002812c  __TI_cleanup_ptr           
00005345  __TI_decompress_none       
00005397  __TI_decompress_rle24      
20028130  __TI_dtors_ptr             
00002eb5  __TI_printfi               
00000000  __TI_static_base__         
0000536b  __TI_zero_init             
0000494b  __aeabi_cdcmpeq            
0000494b  __aeabi_cdcmple            
000049d1  __aeabi_cdrcmple           
00004eb9  __aeabi_d2iz               
000041d3  __aeabi_dadd               
0000437f  __aeabi_ddiv               
000046f5  __aeabi_dmul               
000041c9  __aeabi_dsub               
00005115  __aeabi_i2d                
00004ad9  __aeabi_memclr             
00004ad9  __aeabi_memclr4            
00004ad9  __aeabi_memclr8            
000048af  __aeabi_memcpy             
000048af  __aeabi_memcpy4            
000048af  __aeabi_memcpy8            
00004adb  __aeabi_memset             
00004adb  __aeabi_memset4            
00004adb  __aeabi_memset8            
00003fd5  __aeabi_uldivmod           
ffffffff  __binit__                  
ffffffff  __c_args__                 
20027788  __stack                    
0000528d  _args_main                 
00004d89  _c_int00                   
000054c8  _ctypes_                   
20028124  _lock                      
000052e3  _nop                       
000052db  _register_lock             
000052d5  _register_unlock           
000053a5  _system_pre_init           
20028128  _unlock                    
00004f95  abort                      
00004dd9  atoi                       
ffffffff  binit                      
20000000  buffer                     
00004e25  copy_in                    
000020dd  delay                      
00004f9d  exit                       
00005081  feraiseexcept              
0000519b  frexp                      
00000000  g_pfnVectors               
20027784  g_ui32SysClock             
20028120  height                     
00004ce7  ldexp                      
00004c91  ltoa                       
00003d27  mDelayForPlay              
00003acd  main                       
20028140  main_func_sp               
000011bb  max                        
00005229  memccpy                    
000048af  memcpy                     
00004ae1  memset                     
000011f3  min                        
00005143  raise                      
00004fd5  signal                     
000052bd  strchr                     
000052e9  strlen                     
00004f49  uDMAChannelAttributeDisable
000051c5  uDMAChannelControlSet      
000052a5  uDMAChannelEnable          
000052fd  uDMAChannelRequest         
00004a59  uDMAChannelTransferSet     
00005385  uDMAControlBaseSet         
00005335  uDMAEnable                 
00004f01  vsprintf                   
2002811c  width                      


GLOBAL SYMBOLS: SORTED BY Symbol Address 

address   name                       
-------   ----                       
00000000  __TI_static_base__         
00000000  g_pfnVectors               
00000209  PUSH_init                  
000002a9  BUZZER_clear               
000002b7  Play                       
000002d3  DelayForPlay               
00000311  BUZZER_init                
0000040f  TIMER_init                 
000004ff  WDTinitISR                 
00000507  UART_init                  
000005b9  UART_getch                 
000005cd  UART_getkey                
000005f1  UART_putch                 
00000625  UART_putstr                
00000651  UART_printf                
00000769  LCD_Init                   
00000800  __STACK_SIZE               
00000aad  RestoreBackground          
00000bef  PutPixel                   
00000c75  DrawLine                   
00000f49  DrawRect                   
00000f99  DrawCircle                 
0000101b  DrawTriangle               
00001163  LineFunc                   
000011bb  max                        
000011f3  min                        
0000122b  Scroll_left                
00001505  Scroll_right               
000017f5  Scroll_down                
00001c49  Scroll_up                  
00002097  SetFullFrame               
000020dd  delay                      
00002eb5  __TI_printfi               
000031bd  PinoutSet                  
000037a5  MX66L51235FInit            
000038d1  MX66L51235FSectorErase     
00003923  MX66L51235FBlockErase32    
00003975  MX66L51235FBlockErase64    
000039c7  MX66L51235FChipErase       
00003a0f  MX66L51235FPageProgram     
00003a6b  MX66L51235FRead            
00003acd  main                       
00003d27  mDelayForPlay              
00003dd9  SysCtlClockFreqSet         
00003fd5  __aeabi_uldivmod           
000041c9  __aeabi_dsub               
000041d3  __aeabi_dadd               
0000437f  __aeabi_ddiv               
000044b5  GPIOPadConfigSet           
000045e5  _Dscale                    
000046f5  __aeabi_dmul               
000047f1  _Dnorm                     
000048af  __aeabi_memcpy             
000048af  __aeabi_memcpy4            
000048af  __aeabi_memcpy8            
000048af  memcpy                     
0000494b  __aeabi_cdcmpeq            
0000494b  __aeabi_cdcmple            
000049d1  __aeabi_cdrcmple           
00004a59  uDMAChannelTransferSet     
00004ad9  __aeabi_memclr             
00004ad9  __aeabi_memclr4            
00004ad9  __aeabi_memclr8            
00004adb  __aeabi_memset             
00004adb  __aeabi_memset4            
00004adb  __aeabi_memset8            
00004ae1  memset                     
00004b55  __TI_auto_init             
00004c2b  _Dunscale                  
00004c91  ltoa                       
00004ce7  ldexp                      
00004d39  SysCtlPeripheralReset      
00004d89  _c_int00                   
00004dd9  atoi                       
00004e25  copy_in                    
00004eb9  __aeabi_d2iz               
00004f01  vsprintf                   
00004f49  uDMAChannelAttributeDisable
00004f91  C$$EXIT                    
00004f95  abort                      
00004f9d  exit                       
00004fd5  signal                     
00005015  LCDIDDTimingSet            
0000504d  SysCtlPeripheralEnable     
00005081  feraiseexcept              
000050b5  _Dclass                    
000050e5  _Feraise                   
00005115  __aeabi_i2d                
00005143  raise                      
00005171  GPIODirModeSet             
0000519b  frexp                      
000051c5  uDMAChannelControlSet      
000051e9  LCDModeSet                 
00005229  memccpy                    
00005245  GPIOPinTypeGPIOOutput      
0000525d  WriteCommand               
00005275  WriteData                  
0000528d  _args_main                 
000052a5  uDMAChannelEnable          
000052bd  strchr                     
000052d5  _register_unlock           
000052db  _register_lock             
000052e3  _nop                       
000052e9  strlen                     
000052fd  uDMAChannelRequest         
00005311  GPIOPinTypeEthernetLED     
00005323  GPIOPinTypeLCD             
00005335  uDMAEnable                 
00005345  __TI_decompress_none       
00005353  LCDIDDCommandWrite         
0000535f  LCDIDDDataWrite            
0000536b  __TI_zero_init             
00005377  ResetISR                   
00005385  uDMAControlBaseSet         
00005391  SysCtlDelay                
00005397  __TI_decompress_rle24      
0000539d  LCDDMAConfigSet            
000053a1  LCDIDDConfigSet            
000053a5  _system_pre_init           
000054c8  _ctypes_                   
00005720  __TI_Handler_Table_Base    
0000572c  __TI_Handler_Table_Limit   
00005738  __TI_CINIT_Base            
00005748  __TI_CINIT_Limit           
20000000  buffer                     
20027784  g_ui32SysClock             
20027788  __stack                    
20027988  __STACK_TOP                
20027f88  __STACK_END                
20028038  _Denorm                    
20028048  _Eps                       
20028058  _Hugeval                   
20028068  _Inf                       
20028078  _Nan                       
20028088  _Snan                      
20028098  _Rteps                     
200280a8  _Xbig                      
200280b0  _Zero                      
200280b8  Melody_Name                
2002811c  width                      
20028120  height                     
20028124  _lock                      
20028128  _unlock                    
2002812c  __TI_cleanup_ptr           
20028130  __TI_dtors_ptr             
20028134  _Fenv                      
20028138  _Tls_setup__Fenv           
2002813c  _Errno                     
20028140  main_func_sp               
ffffffff  __binit__                  
ffffffff  __c_args__                 
ffffffff  binit                      
UNDEFED   SHT$$INIT_ARRAY$$Base      
UNDEFED   SHT$$INIT_ARRAY$$Limit     

[154 symbols]
