******************************************************************************
                  TI ARM Linker PC v5.2.5                      
******************************************************************************
>> Linked Tue Oct 22 14:45:00 2019

OUTPUT FILE NAME:   <BUZZER_student.out>
ENTRY POINT SYMBOL: "_c_int00"  address: 000007c5


MEMORY CONFIGURATION

         name            origin    length      used     unused   attr    fill
----------------------  --------  ---------  --------  --------  ----  --------
  FLASH                 00000000   00100000  00000b3c  000ff4c4  R  X
  SRAM                  20000000   00040000  00000214  0003fdec  RW X


SEGMENT ALLOCATION MAP

run origin  load origin   length   init length attrs members
----------  ----------- ---------- ----------- ----- -------
00000000    00000000    00000b40   00000b40    r-x
  00000000    00000000    00000208   00000208    r-- .intvecs
  00000208    00000208    00000750   00000750    r-x .text
  00000958    00000958    000001c4   000001c4    r-- .const
  00000b20    00000b20    00000020   00000020    r-- .cinit
20000000    20000000    00000214   00000000    rw-
  20000000    20000000    00000200   00000000    rw- .stack
  20000200    20000200    00000014   00000000    rw- .data


SECTION ALLOCATION MAP

 output                                  attributes/
section   page    origin      length       input sections
--------  ----  ----------  ----------   ----------------
.intvecs   0    00000000    00000208     
                  00000000    00000208     tm4c129xnczad_startup_ccs.obj (.intvecs)

.text      0    00000208    00000750     
                  00000208    000001fc     driverlib.lib : sysctl.obj (.text:SysCtlClockFreqSet)
                  00000404    00000154     MyLib.obj (.text)
                  00000558    0000009c     rtsv7M4_T_le_v4SPD16_eabi.lib : memcpy_t2.obj (.text)
                  000005f4    0000007c     main.obj (.text)
                  00000670    0000007a     rtsv7M4_T_le_v4SPD16_eabi.lib : memset_t2.obj (.text)
                  000006ea    00000002     --HOLE-- [fill = 0]
                  000006ec    0000006c                                   : autoinit.obj (.text)
                  00000758    0000006a                                   : copy_decompress_rle.obj (.text)
                  000007c2    00000002     --HOLE-- [fill = 0]
                  000007c4    00000050                                   : boot.obj (.text)
                  00000814    0000004c                                   : cpy_tbl.obj (.text)
                  00000860    00000048     driverlib.lib : sysctl.obj (.text:_SysCtlFrequencyGet)
                  000008a8    00000044     rtsv7M4_T_le_v4SPD16_eabi.lib : exit.obj (.text)
                  000008ec    0000001c     driverlib.lib : sysctl.obj (.text:_SysCtlMemTimingGet)
                  00000908    00000018     rtsv7M4_T_le_v4SPD16_eabi.lib : args_main.obj (.text)
                  00000920    00000014                                   : _lock.obj (.text)
                  00000934    0000000e                                   : copy_decompress_none.obj (.text:decompress:none)
                  00000942    0000000c     tm4c129xnczad_startup_ccs.obj (.text)
                  0000094e    00000006     rtsv7M4_T_le_v4SPD16_eabi.lib : copy_decompress_rle.obj (.text:decompress:rle24)
                  00000954    00000004                                   : pre_init.obj (.text)

.const     0    00000958    000001c4     
                  00000958    00000120     driverlib.lib : sysctl.obj (.const:g_pppui32XTALtoVCO)
                  00000a78    0000006c                   : sysctl.obj (.const:g_pui32Xtals)
                  00000ae4    00000030                   : sysctl.obj (.const:g_sXTALtoMEMTIM)
                  00000b14    00000008                   : sysctl.obj (.const)

.cinit     0    00000b20    00000020     
                  00000b20    0000000f     (.cinit..data.load) [load image, compression = rle]
                  00000b2f    00000001     --HOLE-- [fill = 0]
                  00000b30    00000008     (__TI_handler_table)
                  00000b38    00000008     (__TI_cinit_table)

.init_array 
*          0    00000000    00000000     UNINITIALIZED

.stack     0    20000000    00000200     UNINITIALIZED
                  20000000    00000200     --HOLE--

.data      0    20000200    00000014     UNINITIALIZED
                  20000200    00000008     rtsv7M4_T_le_v4SPD16_eabi.lib : _lock.obj (.data)
                  20000208    00000008                                   : exit.obj (.data)
                  20000210    00000004                                   : stkdepth_vars.obj (.data)

.TI.persistent 
*          0    20000200    00000000     UNINITIALIZED


LINKER GENERATED COPY TABLES

__TI_cinit_table @ 00000b38 records: 1, size/record: 8, table size: 8
	.data: load addr=00000b20, load size=0000000f bytes, run addr=20000200, run size=00000014 bytes, compression=rle


LINKER GENERATED HANDLER TABLE

__TI_handler_table @ 00000b30 records: 2, size/record: 4, table size: 8
	index: 0, handler: __TI_decompress_rle24
	index: 1, handler: __TI_decompress_none


GLOBAL SYMBOLS: SORTED ALPHABETICALLY BY Name 

address   name                    
-------   ----                    
00000405  BUZZER_init             
000008a9  C$$EXIT                 
00000943  ResetISR                
UNDEFED   SHT$$INIT_ARRAY$$Base   
UNDEFED   SHT$$INIT_ARRAY$$Limit  
00000209  SysCtlClockFreqSet      
20000200  __STACK_END             
00000200  __STACK_SIZE            
20000200  __STACK_TOP             
00000b38  __TI_CINIT_Base         
00000b40  __TI_CINIT_Limit        
00000b30  __TI_Handler_Table_Base 
00000b38  __TI_Handler_Table_Limit
000006ed  __TI_auto_init          
20000208  __TI_cleanup_ptr        
00000935  __TI_decompress_none    
0000094f  __TI_decompress_rle24   
2000020c  __TI_dtors_ptr          
00000000  __TI_static_base__      
00000671  __aeabi_memclr          
00000671  __aeabi_memclr4         
00000671  __aeabi_memclr8         
00000559  __aeabi_memcpy          
00000559  __aeabi_memcpy4         
00000559  __aeabi_memcpy8         
00000673  __aeabi_memset          
00000673  __aeabi_memset4         
00000673  __aeabi_memset8         
ffffffff  __binit__               
ffffffff  __c_args__              
20000000  __stack                 
00000909  _args_main              
000007c5  _c_int00                
20000200  _lock                   
0000092f  _nop                    
00000927  _register_lock          
00000921  _register_unlock        
00000955  _system_pre_init        
20000204  _unlock                 
000008ad  abort                   
ffffffff  binit                   
00000815  copy_in                 
00000645  delay                   
000008b5  exit                    
00000000  g_pfnVectors            
000005f5  main                    
20000210  main_func_sp            
00000559  memcpy                  
00000679  memset                  


GLOBAL SYMBOLS: SORTED BY Symbol Address 

address   name                    
-------   ----                    
00000000  __TI_static_base__      
00000000  g_pfnVectors            
00000200  __STACK_SIZE            
00000209  SysCtlClockFreqSet      
00000405  BUZZER_init             
00000559  __aeabi_memcpy          
00000559  __aeabi_memcpy4         
00000559  __aeabi_memcpy8         
00000559  memcpy                  
000005f5  main                    
00000645  delay                   
00000671  __aeabi_memclr          
00000671  __aeabi_memclr4         
00000671  __aeabi_memclr8         
00000673  __aeabi_memset          
00000673  __aeabi_memset4         
00000673  __aeabi_memset8         
00000679  memset                  
000006ed  __TI_auto_init          
000007c5  _c_int00                
00000815  copy_in                 
000008a9  C$$EXIT                 
000008ad  abort                   
000008b5  exit                    
00000909  _args_main              
00000921  _register_unlock        
00000927  _register_lock          
0000092f  _nop                    
00000935  __TI_decompress_none    
00000943  ResetISR                
0000094f  __TI_decompress_rle24   
00000955  _system_pre_init        
00000b30  __TI_Handler_Table_Base 
00000b38  __TI_CINIT_Base         
00000b38  __TI_Handler_Table_Limit
00000b40  __TI_CINIT_Limit        
20000000  __stack                 
20000200  __STACK_END             
20000200  __STACK_TOP             
20000200  _lock                   
20000204  _unlock                 
20000208  __TI_cleanup_ptr        
2000020c  __TI_dtors_ptr          
20000210  main_func_sp            
ffffffff  __binit__               
ffffffff  __c_args__              
ffffffff  binit                   
UNDEFED   SHT$$INIT_ARRAY$$Base   
UNDEFED   SHT$$INIT_ARRAY$$Limit  

[49 symbols]
