******************************************************************************
                  TI ARM Linker PC v5.1.6                      
******************************************************************************
>> Linked Mon Apr 04 18:57:13 2016

OUTPUT FILE NAME:   <FND.out>
ENTRY POINT SYMBOL: "_c_int00"  address: 000008f5


MEMORY CONFIGURATION

         name            origin    length      used     unused   attr    fill
----------------------  --------  ---------  --------  --------  ----  --------
  FLASH                 00000000   00100000  00000c28  000ff3d8  R  X
  SRAM                  20000000   00040000  0000022c  0003fdd4  RW X


SEGMENT ALLOCATION MAP

run origin  load origin   length   init length attrs members
----------  ----------- ---------- ----------- ----- -------
00000000    00000000    00000c28   00000c28    r-x
  00000000    00000000    00000208   00000208    r-- .intvecs
  00000208    00000208    00000824   00000824    r-x .text
  00000a2c    00000a2c    000001c4   000001c4    r-- .const
  00000bf0    00000bf0    00000038   00000038    r-- .cinit
20000000    20000000    0000022c   00000000    rw-
  20000000    20000000    00000200   00000000    rw- .stack
  20000200    20000200    0000002c   00000000    rw- .data


SECTION ALLOCATION MAP

 output                                  attributes/
section   page    origin      length       input sections
--------  ----  ----------  ----------   ----------------
.intvecs   0    00000000    00000208     
                  00000000    00000208     tm4c129xnczad_startup_ccs.obj (.intvecs)

.init_array 
*          0    00000000    00000000     UNINITIALIZED

.text      0    00000208    00000824     
                  00000208    000001fc     driverlib.lib : sysctl.obj (.text:SysCtlClockFreqSet)
                  00000404    000001c4     MyLib.obj (.text)
                  000005c8    00000154     main.obj (.text)
                  0000071c    0000009c     rtsv7M4_T_le_v4SPD16_eabi.lib : memcpy_t2.obj (.text)
                  000007b8    00000094                                   : auto_init.obj (.text)
                  0000084c    0000005e                                   : copy_decompress_rle.obj (.text)
                  000008aa    00000002     --HOLE-- [fill = 0]
                  000008ac    00000048     driverlib.lib : sysctl.obj (.text:_SysCtlFrequencyGet)
                  000008f4    00000048     rtsv7M4_T_le_v4SPD16_eabi.lib : boot.obj (.text)
                  0000093c    00000044                                   : cpy_tbl.obj (.text)
                  00000980    00000044                                   : exit.obj (.text)
                  000009c4    0000001c     driverlib.lib : sysctl.obj (.text:_SysCtlMemTimingGet)
                  000009e0    00000018     rtsv7M4_T_le_v4SPD16_eabi.lib : args_main.obj (.text)
                  000009f8    00000014                                   : _lock.obj (.text)
                  00000a0c    0000000e                                   : copy_decompress_none.obj (.text:decompress:none)
                  00000a1a    0000000c     tm4c129xnczad_startup_ccs.obj (.text)
                  00000a26    00000006     rtsv7M4_T_le_v4SPD16_eabi.lib : copy_decompress_rle.obj (.text:decompress:rle24)

.const     0    00000a2c    000001c4     
                  00000a2c    00000120     driverlib.lib : sysctl.obj (.const:g_pppui32XTALtoVCO)
                  00000b4c    0000006c                   : sysctl.obj (.const:g_pui32Xtals)
                  00000bb8    00000030                   : sysctl.obj (.const:g_sXTALtoMEMTIM)
                  00000be8    00000008                   : sysctl.obj (.const)

.cinit     0    00000bf0    00000038     
                  00000bf0    00000027     (.cinit..data.load) [load image, compression = rle]
                  00000c17    00000001     --HOLE-- [fill = 0]
                  00000c18    00000008     (__TI_handler_table)
                  00000c20    00000008     (__TI_cinit_table)

.stack     0    20000000    00000200     UNINITIALIZED
                  20000000    00000200     --HOLE--

.data      0    20000200    0000002c     UNINITIALIZED
                  20000200    00000017     main.obj (.data)
                  20000217    00000001     --HOLE--
                  20000218    00000008     rtsv7M4_T_le_v4SPD16_eabi.lib : _lock.obj (.data)
                  20000220    00000008                                   : exit.obj (.data)
                  20000228    00000004                                   : stkdepth_vars.obj (.data)


LINKER GENERATED COPY TABLES

__TI_cinit_table @ 00000c20 records: 1, size/record: 8, table size: 8
	.data: load addr=00000bf0, load size=00000027 bytes, run addr=20000200, run size=0000002c bytes, compression=rle


LINKER GENERATED HANDLER TABLE

__TI_handler_table @ 00000c18 records: 2, size/record: 4, table size: 8
	index: 0, handler: __TI_decompress_rle24
	index: 1, handler: __TI_decompress_none


GLOBAL SYMBOLS: SORTED ALPHABETICALLY BY Name 

address    name
--------   ----
00000981   C$$EXIT
000006e3   FND_clear
00000405   FND_init
00000a1b   ResetISR
UNDEFED    SHT$$INIT_ARRAY$$Base
UNDEFED    SHT$$INIT_ARRAY$$Limit
00000209   SysCtlClockFreqSet
0000060f   WRITE_FND
00000677   WRITE_FND_DOT
20000200   __STACK_END
00000200   __STACK_SIZE
20000200   __STACK_TOP
00000c20   __TI_CINIT_Base
00000c28   __TI_CINIT_Limit
00000c18   __TI_Handler_Table_Base
00000c20   __TI_Handler_Table_Limit
00000001   __TI_args_main
000007b9   __TI_auto_init
20000220   __TI_cleanup_ptr
00000a0d   __TI_decompress_none
00000a27   __TI_decompress_rle24
20000224   __TI_dtors_ptr
00000000   __TI_static_base__
0000071d   __aeabi_memcpy
0000071d   __aeabi_memcpy4
0000071d   __aeabi_memcpy8
ffffffff   __binit__
ffffffff   __c_args__
20000000   __stack
000009e1   _args_main
000008f5   _c_int00
20000218   _lock
00000a07   _nop
000009ff   _register_lock
000009f9   _register_unlock
2000021c   _unlock
00000985   abort
ffffffff   binit
0000093d   copy_in
0000098d   exit
00000000   g_pfnVectors
000005c9   main
20000228   main_func_sp
0000071d   memcpy


GLOBAL SYMBOLS: SORTED BY Symbol Address 

address    name
--------   ----
00000000   __TI_static_base__
00000000   g_pfnVectors
00000001   __TI_args_main
00000200   __STACK_SIZE
00000209   SysCtlClockFreqSet
00000405   FND_init
000005c9   main
0000060f   WRITE_FND
00000677   WRITE_FND_DOT
000006e3   FND_clear
0000071d   __aeabi_memcpy
0000071d   __aeabi_memcpy4
0000071d   __aeabi_memcpy8
0000071d   memcpy
000007b9   __TI_auto_init
000008f5   _c_int00
0000093d   copy_in
00000981   C$$EXIT
00000985   abort
0000098d   exit
000009e1   _args_main
000009f9   _register_unlock
000009ff   _register_lock
00000a07   _nop
00000a0d   __TI_decompress_none
00000a1b   ResetISR
00000a27   __TI_decompress_rle24
00000c18   __TI_Handler_Table_Base
00000c20   __TI_CINIT_Base
00000c20   __TI_Handler_Table_Limit
00000c28   __TI_CINIT_Limit
20000000   __stack
20000200   __STACK_END
20000200   __STACK_TOP
20000218   _lock
2000021c   _unlock
20000220   __TI_cleanup_ptr
20000224   __TI_dtors_ptr
20000228   main_func_sp
ffffffff   __binit__
ffffffff   __c_args__
ffffffff   binit
UNDEFED    SHT$$INIT_ARRAY$$Base
UNDEFED    SHT$$INIT_ARRAY$$Limit

[44 symbols]
