******************************************************************************
                  TI ARM Linker PC v5.2.5                      
******************************************************************************
>> Linked Tue Oct 08 13:47:41 2019

OUTPUT FILE NAME:   <FND_student.out>
ENTRY POINT SYMBOL: "_c_int00"  address: 00000aa5


MEMORY CONFIGURATION

         name            origin    length      used     unused   attr    fill
----------------------  --------  ---------  --------  --------  ----  --------
  FLASH                 00000000   00100000  00000e34  000ff1cc  R  X
  SRAM                  20000000   00040000  0000022c  0003fdd4  RW X


SEGMENT ALLOCATION MAP

run origin  load origin   length   init length attrs members
----------  ----------- ---------- ----------- ----- -------
00000000    00000000    00000e38   00000e38    r-x
  00000000    00000000    00000208   00000208    r-- .intvecs
  00000208    00000208    00000a30   00000a30    r-x .text
  00000c38    00000c38    000001c4   000001c4    r-- .const
  00000e00    00000e00    00000038   00000038    r-- .cinit
20000000    20000000    0000022c   00000000    rw-
  20000000    20000000    00000200   00000000    rw- .stack
  20000200    20000200    0000002c   00000000    rw- .data


SECTION ALLOCATION MAP

 output                                  attributes/
section   page    origin      length       input sections
--------  ----  ----------  ----------   ----------------
.intvecs   0    00000000    00000208     
                  00000000    00000208     tm4c129xnczad_startup_ccs.obj (.intvecs)

.text      0    00000208    00000a30     
                  00000208    00000460     MyLib.obj (.text)
                  00000668    000001fc     driverlib.lib : sysctl.obj (.text:SysCtlClockFreqSet)
                  00000864    0000009c     rtsv7M4_T_le_v4SPD16_eabi.lib : memcpy_t2.obj (.text)
                  00000900    0000007a                                   : memset_t2.obj (.text)
                  0000097a    00000002     --HOLE-- [fill = 0]
                  0000097c    0000006c                                   : autoinit.obj (.text)
                  000009e8    0000006a                                   : copy_decompress_rle.obj (.text)
                  00000a52    00000002     --HOLE-- [fill = 0]
                  00000a54    00000050     main.obj (.text)
                  00000aa4    00000050     rtsv7M4_T_le_v4SPD16_eabi.lib : boot.obj (.text)
                  00000af4    0000004c                                   : cpy_tbl.obj (.text)
                  00000b40    00000048     driverlib.lib : sysctl.obj (.text:_SysCtlFrequencyGet)
                  00000b88    00000044     rtsv7M4_T_le_v4SPD16_eabi.lib : exit.obj (.text)
                  00000bcc    0000001c     driverlib.lib : sysctl.obj (.text:_SysCtlMemTimingGet)
                  00000be8    00000018     rtsv7M4_T_le_v4SPD16_eabi.lib : args_main.obj (.text)
                  00000c00    00000014                                   : _lock.obj (.text)
                  00000c14    0000000e                                   : copy_decompress_none.obj (.text:decompress:none)
                  00000c22    0000000c     tm4c129xnczad_startup_ccs.obj (.text)
                  00000c2e    00000006     rtsv7M4_T_le_v4SPD16_eabi.lib : copy_decompress_rle.obj (.text:decompress:rle24)
                  00000c34    00000004                                   : pre_init.obj (.text)

.const     0    00000c38    000001c4     
                  00000c38    00000120     driverlib.lib : sysctl.obj (.const:g_pppui32XTALtoVCO)
                  00000d58    0000006c                   : sysctl.obj (.const:g_pui32Xtals)
                  00000dc4    00000030                   : sysctl.obj (.const:g_sXTALtoMEMTIM)
                  00000df4    00000008                   : sysctl.obj (.const)

.cinit     0    00000e00    00000038     
                  00000e00    00000027     (.cinit..data.load) [load image, compression = rle]
                  00000e27    00000001     --HOLE-- [fill = 0]
                  00000e28    00000008     (__TI_handler_table)
                  00000e30    00000008     (__TI_cinit_table)

.init_array 
*          0    00000000    00000000     UNINITIALIZED

.stack     0    20000000    00000200     UNINITIALIZED
                  20000000    00000200     --HOLE--

.data      0    20000200    0000002c     UNINITIALIZED
                  20000200    00000017     MyLib.obj (.data)
                  20000217    00000001     --HOLE--
                  20000218    00000008     rtsv7M4_T_le_v4SPD16_eabi.lib : _lock.obj (.data)
                  20000220    00000008                                   : exit.obj (.data)
                  20000228    00000004                                   : stkdepth_vars.obj (.data)

.TI.persistent 
*          0    20000200    00000000     UNINITIALIZED


LINKER GENERATED COPY TABLES

__TI_cinit_table @ 00000e30 records: 1, size/record: 8, table size: 8
	.data: load addr=00000e00, load size=00000027 bytes, run addr=20000200, run size=0000002c bytes, compression=rle


LINKER GENERATED HANDLER TABLE

__TI_handler_table @ 00000e28 records: 2, size/record: 4, table size: 8
	index: 0, handler: __TI_decompress_rle24
	index: 1, handler: __TI_decompress_none


GLOBAL SYMBOLS: SORTED ALPHABETICALLY BY Name 

address   name                    
-------   ----                    
00000b89  C$$EXIT                 
000003fb  DIP_init                
00000567  FND_clear               
00000209  FND_init                
0000035b  PUSH_init               
00000c23  ResetISR                
UNDEFED   SHT$$INIT_ARRAY$$Base   
UNDEFED   SHT$$INIT_ARRAY$$Limit  
00000669  SysCtlClockFreqSet      
0000049b  WRITE_FND               
000004ff  WRITE_FND_DOT           
20000200  __STACK_END             
00000200  __STACK_SIZE            
20000200  __STACK_TOP             
00000e30  __TI_CINIT_Base         
00000e38  __TI_CINIT_Limit        
00000e28  __TI_Handler_Table_Base 
00000e30  __TI_Handler_Table_Limit
0000097d  __TI_auto_init          
20000220  __TI_cleanup_ptr        
00000c15  __TI_decompress_none    
00000c2f  __TI_decompress_rle24   
20000224  __TI_dtors_ptr          
00000000  __TI_static_base__      
00000901  __aeabi_memclr          
00000901  __aeabi_memclr4         
00000901  __aeabi_memclr8         
00000865  __aeabi_memcpy          
00000865  __aeabi_memcpy4         
00000865  __aeabi_memcpy8         
00000903  __aeabi_memset          
00000903  __aeabi_memset4         
00000903  __aeabi_memset8         
ffffffff  __binit__               
ffffffff  __c_args__              
20000000  __stack                 
00000be9  _args_main              
00000aa5  _c_int00                
20000218  _lock                   
00000c0f  _nop                    
00000c07  _register_lock          
00000c01  _register_unlock        
00000c35  _system_pre_init        
2000021c  _unlock                 
00000b8d  abort                   
ffffffff  binit                   
00000af5  copy_in                 
00000b95  exit                    
00000000  g_pfnVectors            
00000a55  main                    
20000228  main_func_sp            
00000865  memcpy                  
00000909  memset                  


GLOBAL SYMBOLS: SORTED BY Symbol Address 

address   name                    
-------   ----                    
00000000  __TI_static_base__      
00000000  g_pfnVectors            
00000200  __STACK_SIZE            
00000209  FND_init                
0000035b  PUSH_init               
000003fb  DIP_init                
0000049b  WRITE_FND               
000004ff  WRITE_FND_DOT           
00000567  FND_clear               
00000669  SysCtlClockFreqSet      
00000865  __aeabi_memcpy          
00000865  __aeabi_memcpy4         
00000865  __aeabi_memcpy8         
00000865  memcpy                  
00000901  __aeabi_memclr          
00000901  __aeabi_memclr4         
00000901  __aeabi_memclr8         
00000903  __aeabi_memset          
00000903  __aeabi_memset4         
00000903  __aeabi_memset8         
00000909  memset                  
0000097d  __TI_auto_init          
00000a55  main                    
00000aa5  _c_int00                
00000af5  copy_in                 
00000b89  C$$EXIT                 
00000b8d  abort                   
00000b95  exit                    
00000be9  _args_main              
00000c01  _register_unlock        
00000c07  _register_lock          
00000c0f  _nop                    
00000c15  __TI_decompress_none    
00000c23  ResetISR                
00000c2f  __TI_decompress_rle24   
00000c35  _system_pre_init        
00000e28  __TI_Handler_Table_Base 
00000e30  __TI_CINIT_Base         
00000e30  __TI_Handler_Table_Limit
00000e38  __TI_CINIT_Limit        
20000000  __stack                 
20000200  __STACK_END             
20000200  __STACK_TOP             
20000218  _lock                   
2000021c  _unlock                 
20000220  __TI_cleanup_ptr        
20000224  __TI_dtors_ptr          
20000228  main_func_sp            
ffffffff  __binit__               
ffffffff  __c_args__              
ffffffff  binit                   
UNDEFED   SHT$$INIT_ARRAY$$Base   
UNDEFED   SHT$$INIT_ARRAY$$Limit  

[53 symbols]
