--------------------------------------------------------------------------------
Release 14.7 Trace  (nt64)
Copyright (c) 1995-2013 Xilinx, Inc.  All rights reserved.

D:\xilinx\14.7\ISE_DS\ISE\bin\nt64\unwrapped\trce.exe -intstyle ise -v 3 -s 5
-n 3 -fastpaths -xml fulladder4bit.twx fulladder4bit.ncd -o fulladder4bit.twr
fulladder4bit.pcf -ucf fulladder4bit.ucf

Design file:              fulladder4bit.ncd
Physical constraint file: fulladder4bit.pcf
Device,package,speed:     xc3s1000,fg676,-5 (PRODUCTION 1.39 2013-10-13)
Report level:             verbose report

Environment Variable      Effect 
--------------------      ------ 
NONE                      No environment variables were set
--------------------------------------------------------------------------------

INFO:Timing:2698 - No timing constraints found, doing default enumeration.
INFO:Timing:3412 - To improve timing, see the Timing Closure User Guide (UG612).
INFO:Timing:2752 - To get complete path coverage, use the unconstrained paths 
   option. All paths that are not constrained will be reported in the 
   unconstrained paths section(s) of the report.
INFO:Timing:3339 - The clock-to-out numbers in this timing report are based on 
   a 50 Ohm transmission line loading model.  For the details of this model, 
   and for more information on accounting for different loading conditions, 
   please see the device datasheet.
INFO:Timing:3390 - This architecture does not support a default System Jitter 
   value, please add SYSTEM_JITTER constraint to the UCF to modify the Clock 
   Uncertainty calculation.
INFO:Timing:3389 - This architecture does not support 'Discrete Jitter' and 
   'Phase Error' calculations, these terms will be zero in the Clock 
   Uncertainty calculation.  Please make appropriate modification to 
   SYSTEM_JITTER to account for the unsupported Discrete Jitter and Phase 
   Error.



Data Sheet report:
-----------------
All values displayed in nanoseconds (ns)

Pad to Pad
---------------+---------------+---------+
Source Pad     |Destination Pad|  Delay  |
---------------+---------------+---------+
a<0>           |cout           |   11.687|
a<0>           |sum<0>         |    8.481|
a<0>           |sum<1>         |   10.073|
a<0>           |sum<2>         |   10.701|
a<0>           |sum<3>         |   11.424|
a<1>           |cout           |   10.333|
a<1>           |sum<1>         |    8.234|
a<1>           |sum<2>         |    9.347|
a<1>           |sum<3>         |   10.070|
a<2>           |cout           |    9.374|
a<2>           |sum<2>         |    8.681|
a<2>           |sum<3>         |    9.111|
a<3>           |cout           |    8.730|
a<3>           |sum<3>         |    8.296|
b<0>           |cout           |   10.557|
b<0>           |sum<0>         |    7.734|
b<0>           |sum<1>         |    8.943|
b<0>           |sum<2>         |    9.571|
b<0>           |sum<3>         |   10.294|
b<1>           |cout           |    9.737|
b<1>           |sum<1>         |    7.943|
b<1>           |sum<2>         |    8.751|
b<1>           |sum<3>         |    9.474|
b<2>           |cout           |    8.602|
b<2>           |sum<2>         |    7.784|
b<2>           |sum<3>         |    8.339|
b<3>           |cout           |    8.433|
b<3>           |sum<3>         |    7.800|
cin            |cout           |   11.347|
cin            |sum<0>         |    8.121|
cin            |sum<1>         |    9.733|
cin            |sum<2>         |   10.361|
cin            |sum<3>         |   11.084|
---------------+---------------+---------+


Analysis completed Sun Nov 10 21:10:22 2019 
--------------------------------------------------------------------------------

Trace Settings:
-------------------------
Trace Settings 

Peak Memory Usage: 4489 MB



