******************************************************************************
                  TI ARM Linker PC v5.2.5                      
******************************************************************************
>> Linked Thu Mar 08 19:42:57 2018

OUTPUT FILE NAME:   <BUZZER.out>
ENTRY POINT SYMBOL: "_c_int00"  address: 000007cd


MEMORY CONFIGURATION

         name            origin    length      used     unused   attr    fill
----------------------  --------  ---------  --------  --------  ----  --------
  FLASH                 00000000   00100000  00000b44  000ff4bc  R  X
  SRAM                  20000000   00040000  00000214  0003fdec  RW X


SEGMENT ALLOCATION MAP

run origin  load origin   length   init length attrs members
----------  ----------- ---------- ----------- ----- -------
00000000    00000000    00000b48   00000b48    r-x
  00000000    00000000    00000208   00000208    r-- .intvecs
  00000208    00000208    00000758   00000758    r-x .text
  00000960    00000960    000001c4   000001c4    r-- .const
  00000b28    00000b28    00000020   00000020    r-- .cinit
20000000    20000000    00000214   00000000    rw-
  20000000    20000000    00000200   00000000    rw- .stack
  20000200    20000200    00000014   00000000    rw- .data


SECTION ALLOCATION MAP

 output                                  attributes/
section   page    origin      length       input sections
--------  ----  ----------  ----------   ----------------
.intvecs   0    00000000    00000208     
                  00000000    00000208     tm4c129xnczad_startup_ccs.obj (.intvecs)

.text      0    00000208    00000758     
                  00000208    000001fc     driverlib.lib : sysctl.obj (.text:SysCtlClockFreqSet)
                  00000404    00000154     MyLib.obj (.text)
                  00000558    0000009c     rtsv7M4_T_le_v4SPD16_eabi.lib : memcpy_t2.obj (.text)
                  000005f4    00000084     main.obj (.text)
                  00000678    0000007a     rtsv7M4_T_le_v4SPD16_eabi.lib : memset_t2.obj (.text)
                  000006f2    00000002     --HOLE-- [fill = 0]
                  000006f4    0000006c                                   : autoinit.obj (.text)
                  00000760    0000006a                                   : copy_decompress_rle.obj (.text)
                  000007ca    00000002     --HOLE-- [fill = 0]
                  000007cc    00000050                                   : boot.obj (.text)
                  0000081c    0000004c                                   : cpy_tbl.obj (.text)
                  00000868    00000048     driverlib.lib : sysctl.obj (.text:_SysCtlFrequencyGet)
                  000008b0    00000044     rtsv7M4_T_le_v4SPD16_eabi.lib : exit.obj (.text)
                  000008f4    0000001c     driverlib.lib : sysctl.obj (.text:_SysCtlMemTimingGet)
                  00000910    00000018     rtsv7M4_T_le_v4SPD16_eabi.lib : args_main.obj (.text)
                  00000928    00000014                                   : _lock.obj (.text)
                  0000093c    0000000e                                   : copy_decompress_none.obj (.text:decompress:none)
                  0000094a    0000000c     tm4c129xnczad_startup_ccs.obj (.text)
                  00000956    00000006     rtsv7M4_T_le_v4SPD16_eabi.lib : copy_decompress_rle.obj (.text:decompress:rle24)
                  0000095c    00000004                                   : pre_init.obj (.text)

.const     0    00000960    000001c4     
                  00000960    00000120     driverlib.lib : sysctl.obj (.const:g_pppui32XTALtoVCO)
                  00000a80    0000006c                   : sysctl.obj (.const:g_pui32Xtals)
                  00000aec    00000030                   : sysctl.obj (.const:g_sXTALtoMEMTIM)
                  00000b1c    00000008                   : sysctl.obj (.const)

.cinit     0    00000b28    00000020     
                  00000b28    0000000f     (.cinit..data.load) [load image, compression = rle]
                  00000b37    00000001     --HOLE-- [fill = 0]
                  00000b38    00000008     (__TI_handler_table)
                  00000b40    00000008     (__TI_cinit_table)

.init_array 
*          0    00000000    00000000     UNINITIALIZED

.stack     0    20000000    00000200     UNINITIALIZED
                  20000000    00000200     --HOLE--

.data      0    20000200    00000014     UNINITIALIZED
                  20000200    00000008     rtsv7M4_T_le_v4SPD16_eabi.lib : _lock.obj (.data)
                  20000208    00000008                                   : exit.obj (.data)
                  20000210    00000004                                   : stkdepth_vars.obj (.data)

.TI.persistent 
*          0    20000200    00000000     UNINITIALIZED


LINKER GENERATED COPY TABLES

__TI_cinit_table @ 00000b40 records: 1, size/record: 8, table size: 8
	.data: load addr=00000b28, load size=0000000f bytes, run addr=20000200, run size=00000014 bytes, compression=rle


LINKER GENERATED HANDLER TABLE

__TI_handler_table @ 00000b38 records: 2, size/record: 4, table size: 8
	index: 0, handler: __TI_decompress_rle24
	index: 1, handler: __TI_decompress_none


GLOBAL SYMBOLS: SORTED ALPHABETICALLY BY Name 

address   name                    
-------   ----                    
00000405  BUZZER_init             
000008b1  C$$EXIT                 
0000094b  ResetISR                
UNDEFED   SHT$$INIT_ARRAY$$Base   
UNDEFED   SHT$$INIT_ARRAY$$Limit  
00000209  SysCtlClockFreqSet      
20000200  __STACK_END             
00000200  __STACK_SIZE            
20000200  __STACK_TOP             
00000b40  __TI_CINIT_Base         
00000b48  __TI_CINIT_Limit        
00000b38  __TI_Handler_Table_Base 
00000b40  __TI_Handler_Table_Limit
000006f5  __TI_auto_init          
20000208  __TI_cleanup_ptr        
0000093d  __TI_decompress_none    
00000957  __TI_decompress_rle24   
2000020c  __TI_dtors_ptr          
00000000  __TI_static_base__      
00000679  __aeabi_memclr          
00000679  __aeabi_memclr4         
00000679  __aeabi_memclr8         
00000559  __aeabi_memcpy          
00000559  __aeabi_memcpy4         
00000559  __aeabi_memcpy8         
0000067b  __aeabi_memset          
0000067b  __aeabi_memset4         
0000067b  __aeabi_memset8         
ffffffff  __binit__               
ffffffff  __c_args__              
20000000  __stack                 
00000911  _args_main              
000007cd  _c_int00                
20000200  _lock                   
00000937  _nop                    
0000092f  _register_lock          
00000929  _register_unlock        
0000095d  _system_pre_init        
20000204  _unlock                 
000008b5  abort                   
ffffffff  binit                   
0000081d  copy_in                 
0000064f  delay                   
000008bd  exit                    
00000000  g_pfnVectors            
000005f5  main                    
20000210  main_func_sp            
00000559  memcpy                  
00000681  memset                  


GLOBAL SYMBOLS: SORTED BY Symbol Address 

address   name                    
-------   ----                    
00000000  __TI_static_base__      
00000000  g_pfnVectors            
00000200  __STACK_SIZE            
00000209  SysCtlClockFreqSet      
00000405  BUZZER_init             
00000559  __aeabi_memcpy          
00000559  __aeabi_memcpy4         
00000559  __aeabi_memcpy8         
00000559  memcpy                  
000005f5  main                    
0000064f  delay                   
00000679  __aeabi_memclr          
00000679  __aeabi_memclr4         
00000679  __aeabi_memclr8         
0000067b  __aeabi_memset          
0000067b  __aeabi_memset4         
0000067b  __aeabi_memset8         
00000681  memset                  
000006f5  __TI_auto_init          
000007cd  _c_int00                
0000081d  copy_in                 
000008b1  C$$EXIT                 
000008b5  abort                   
000008bd  exit                    
00000911  _args_main              
00000929  _register_unlock        
0000092f  _register_lock          
00000937  _nop                    
0000093d  __TI_decompress_none    
0000094b  ResetISR                
00000957  __TI_decompress_rle24   
0000095d  _system_pre_init        
00000b38  __TI_Handler_Table_Base 
00000b40  __TI_CINIT_Base         
00000b40  __TI_Handler_Table_Limit
00000b48  __TI_CINIT_Limit        
20000000  __stack                 
20000200  __STACK_END             
20000200  __STACK_TOP             
20000200  _lock                   
20000204  _unlock                 
20000208  __TI_cleanup_ptr        
2000020c  __TI_dtors_ptr          
20000210  main_func_sp            
ffffffff  __binit__               
ffffffff  __c_args__              
ffffffff  binit                   
UNDEFED   SHT$$INIT_ARRAY$$Base   
UNDEFED   SHT$$INIT_ARRAY$$Limit  

[49 symbols]
