******************************************************************************
                  TI ARM Linker PC v5.2.0                      
******************************************************************************
>> Linked Mon Apr 06 23:49:58 2015

OUTPUT FILE NAME:   <test.out>
ENTRY POINT SYMBOL: "_c_int00"  address: 00000995


MEMORY CONFIGURATION

         name            origin    length      used     unused   attr    fill
----------------------  --------  ---------  --------  --------  ----  --------
  FLASH                 00000000   00100000  00000d0c  000ff2f4  R  X
  SRAM                  20000000   00040000  00000214  0003fdec  RW X


SEGMENT ALLOCATION MAP

run origin  load origin   length   init length attrs members
----------  ----------- ---------- ----------- ----- -------
00000000    00000000    00000d10   00000d10    r-x
  00000000    00000000    00000208   00000208    r-- .intvecs
  00000208    00000208    00000920   00000920    r-x .text
  00000b28    00000b28    000001c4   000001c4    r-- .const
  00000cf0    00000cf0    00000020   00000020    r-- .cinit
20000000    20000000    00000214   00000000    rw-
  20000000    20000000    00000200   00000000    rw- .stack
  20000200    20000200    00000014   00000000    rw- .data


SECTION ALLOCATION MAP

 output                                  attributes/
section   page    origin      length       input sections
--------  ----  ----------  ----------   ----------------
.intvecs   0    00000000    00000208     
                  00000000    00000208     tm4c129xnczad_startup_ccs.obj (.intvecs)

.text      0    00000208    00000920     
                  00000208    00000240     MyLib.obj (.text)
                  00000448    000001fc     driverlib.lib : sysctl.obj (.text:SysCtlClockFreqSet)
                  00000644    00000160     main.obj (.text)
                  000007a4    0000009c     rtsv7M4_T_le_v4SPD16_eabi.lib : memcpy_t2.obj (.text)
                  00000840    0000007a                                   : memset_t2.obj (.text)
                  000008ba    00000002     --HOLE-- [fill = 0]
                  000008bc    0000006c                                   : autoinit.obj (.text)
                  00000928    0000006a                                   : copy_decompress_rle.obj (.text)
                  00000992    00000002     --HOLE-- [fill = 0]
                  00000994    00000050                                   : boot.obj (.text)
                  000009e4    0000004c                                   : cpy_tbl.obj (.text)
                  00000a30    00000048     driverlib.lib : sysctl.obj (.text:_SysCtlFrequencyGet)
                  00000a78    00000044     rtsv7M4_T_le_v4SPD16_eabi.lib : exit.obj (.text)
                  00000abc    0000001c     driverlib.lib : sysctl.obj (.text:_SysCtlMemTimingGet)
                  00000ad8    00000018     rtsv7M4_T_le_v4SPD16_eabi.lib : args_main.obj (.text)
                  00000af0    00000014                                   : _lock.obj (.text)
                  00000b04    0000000e                                   : copy_decompress_none.obj (.text:decompress:none)
                  00000b12    0000000c     tm4c129xnczad_startup_ccs.obj (.text)
                  00000b1e    00000006     rtsv7M4_T_le_v4SPD16_eabi.lib : copy_decompress_rle.obj (.text:decompress:rle24)
                  00000b24    00000004                                   : pre_init.obj (.text)

.const     0    00000b28    000001c4     
                  00000b28    00000120     driverlib.lib : sysctl.obj (.const:g_pppui32XTALtoVCO)
                  00000c48    0000006c                   : sysctl.obj (.const:g_pui32Xtals)
                  00000cb4    00000030                   : sysctl.obj (.const:g_sXTALtoMEMTIM)
                  00000ce4    00000008                   : sysctl.obj (.const)

.cinit     0    00000cf0    00000020     
                  00000cf0    0000000f     (.cinit..data.load) [load image, compression = rle]
                  00000cff    00000001     --HOLE-- [fill = 0]
                  00000d00    00000008     (__TI_handler_table)
                  00000d08    00000008     (__TI_cinit_table)

.init_array 
*          0    00000000    00000000     UNINITIALIZED

.stack     0    20000000    00000200     UNINITIALIZED
                  20000000    00000200     --HOLE--

.data      0    20000200    00000014     UNINITIALIZED
                  20000200    00000008     rtsv7M4_T_le_v4SPD16_eabi.lib : _lock.obj (.data)
                  20000208    00000008                                   : exit.obj (.data)
                  20000210    00000004                                   : stkdepth_vars.obj (.data)

.TI.persistent 
*          0    20000200    00000000     UNINITIALIZED


LINKER GENERATED COPY TABLES

__TI_cinit_table @ 00000d08 records: 1, size/record: 8, table size: 8
	.data: load addr=00000cf0, load size=0000000f bytes, run addr=20000200, run size=00000014 bytes, compression=rle


LINKER GENERATED HANDLER TABLE

__TI_handler_table @ 00000d00 records: 2, size/record: 4, table size: 8
	index: 0, handler: __TI_decompress_rle24
	index: 1, handler: __TI_decompress_none


GLOBAL SYMBOLS: SORTED ALPHABETICALLY BY Name 

address   name                    
-------   ----                    
000006ff  BUZZER_clear            
00000209  BUZZER_init             
00000a79  C$$EXIT                 
00000735  DelayForPlay            
00000719  Play                    
00000b13  ResetISR                
UNDEFED   SHT$$INIT_ARRAY$$Base   
UNDEFED   SHT$$INIT_ARRAY$$Limit  
00000449  SysCtlClockFreqSet      
0000036b  TIMER_init              
20000200  __STACK_END             
00000200  __STACK_SIZE            
20000200  __STACK_TOP             
00000d08  __TI_CINIT_Base         
00000d10  __TI_CINIT_Limit        
00000d00  __TI_Handler_Table_Base 
00000d08  __TI_Handler_Table_Limit
000008bd  __TI_auto_init          
20000208  __TI_cleanup_ptr        
00000b05  __TI_decompress_none    
00000b1f  __TI_decompress_rle24   
2000020c  __TI_dtors_ptr          
00000000  __TI_static_base__      
00000841  __aeabi_memclr          
00000841  __aeabi_memclr4         
00000841  __aeabi_memclr8         
000007a5  __aeabi_memcpy          
000007a5  __aeabi_memcpy4         
000007a5  __aeabi_memcpy8         
00000843  __aeabi_memset          
00000843  __aeabi_memset4         
00000843  __aeabi_memset8         
ffffffff  __binit__               
ffffffff  __c_args__              
20000000  __stack                 
00000ad9  _args_main              
00000995  _c_int00                
20000200  _lock                   
00000aff  _nop                    
00000af7  _register_lock          
00000af1  _register_unlock        
00000b25  _system_pre_init        
20000204  _unlock                 
00000a7d  abort                   
ffffffff  binit                   
000009e5  copy_in                 
000006e5  delay                   
00000a85  exit                    
00000000  g_pfnVectors            
00000645  main                    
20000210  main_func_sp            
000007a5  memcpy                  
00000849  memset                  


GLOBAL SYMBOLS: SORTED BY Symbol Address 

address   name                    
-------   ----                    
00000000  __TI_static_base__      
00000000  g_pfnVectors            
00000200  __STACK_SIZE            
00000209  BUZZER_init             
0000036b  TIMER_init              
00000449  SysCtlClockFreqSet      
00000645  main                    
000006e5  delay                   
000006ff  BUZZER_clear            
00000719  Play                    
00000735  DelayForPlay            
000007a5  __aeabi_memcpy          
000007a5  __aeabi_memcpy4         
000007a5  __aeabi_memcpy8         
000007a5  memcpy                  
00000841  __aeabi_memclr          
00000841  __aeabi_memclr4         
00000841  __aeabi_memclr8         
00000843  __aeabi_memset          
00000843  __aeabi_memset4         
00000843  __aeabi_memset8         
00000849  memset                  
000008bd  __TI_auto_init          
00000995  _c_int00                
000009e5  copy_in                 
00000a79  C$$EXIT                 
00000a7d  abort                   
00000a85  exit                    
00000ad9  _args_main              
00000af1  _register_unlock        
00000af7  _register_lock          
00000aff  _nop                    
00000b05  __TI_decompress_none    
00000b13  ResetISR                
00000b1f  __TI_decompress_rle24   
00000b25  _system_pre_init        
00000d00  __TI_Handler_Table_Base 
00000d08  __TI_CINIT_Base         
00000d08  __TI_Handler_Table_Limit
00000d10  __TI_CINIT_Limit        
20000000  __stack                 
20000200  __STACK_END             
20000200  __STACK_TOP             
20000200  _lock                   
20000204  _unlock                 
20000208  __TI_cleanup_ptr        
2000020c  __TI_dtors_ptr          
20000210  main_func_sp            
ffffffff  __binit__               
ffffffff  __c_args__              
ffffffff  binit                   
UNDEFED   SHT$$INIT_ARRAY$$Base   
UNDEFED   SHT$$INIT_ARRAY$$Limit  

[53 symbols]
