******************************************************************************
                  TI ARM Linker PC v5.2.2                      
******************************************************************************
>> Linked Sat Nov 13 15:27:52 2021

OUTPUT FILE NAME:   <UART_student.out>
ENTRY POINT SYMBOL: "_c_int00"  address: 00002b21


MEMORY CONFIGURATION

         name            origin    length      used     unused   attr    fill
----------------------  --------  ---------  --------  --------  ----  --------
  FLASH                 00000000   00100000  000032a0  000fcd60  R  X
  SRAM                  20000000   00040000  00000568  0003fa98  RW X


SEGMENT ALLOCATION MAP

run origin  load origin   length   init length attrs members
----------  ----------- ---------- ----------- ----- -------
00000000    00000000    000032a4   000032a4    r-x
  00000000    00000000    00000208   00000208    r-- .intvecs
  00000208    00000208    00002d64   00002d64    r-x .text
  00002f6c    00002f6c    000002c8   000002c8    r-- .const
  00003238    00003238    0000006c   0000006c    r-- .cinit
20000000    20000000    00000568   00000000    rw-
  20000000    20000000    00000400   00000000    rw- .stack
  20000400    20000400    00000168   00000000    rw- .data


SECTION ALLOCATION MAP

 output                                  attributes/
section   page    origin      length       input sections
--------  ----  ----------  ----------   ----------------
.intvecs   0    00000000    00000208     
                  00000000    00000208     tm4c129xnczad_startup_ccs.obj (.intvecs)

.text      0    00000208    00002d64     
                  00000208    000010ba     rtsv7M4_T_le_v4SPD16_eabi.lib : _printfi.obj (.text)
                  000012c2    00000002     --HOLE-- [fill = 0]
                  000012c4    0000090c     myLib.obj (.text)
                  00001bd0    000001fc     driverlib.lib : sysctl.obj (.text:SysCtlClockFreqSet)
                  00001dcc    000001f4     rtsv7M4_T_le_v4SPD16_eabi.lib : ull_div_t2.obj (.text)
                  00001fc0    000001b6                                   : fd_add_t2.obj (.text)
                  00002176    00000002     --HOLE-- [fill = 0]
                  00002178    000001a0     main.obj (.text)
                  00002318    00000136     rtsv7M4_T_le_v4SPD16_eabi.lib : fd_div_t2.obj (.text)
                  0000244e    00000002     --HOLE-- [fill = 0]
                  00002450    00000110                                   : xdscale.obj (.text)
                  00002560    000000fc                                   : fd_mul_t2.obj (.text)
                  0000265c    000000be                                   : xdnorm.obj (.text)
                  0000271a    0000009c                                   : memcpy_t2.obj (.text)
                  000027b6    00000086                                   : fd_cmp_t2.obj (.text:__aeabi_cdcmple)
                  0000283c    00000086                                   : fd_cmp_t2.obj (.text:__aeabi_cdrcmple)
                  000028c2    0000007a                                   : memset_t2.obj (.text)
                  0000293c    0000006c                                   : autoinit.obj (.text)
                  000029a8    0000006a                                   : copy_decompress_rle.obj (.text)
                  00002a12    00000066                                   : xdunscal.obj (.text)
                  00002a78    00000056                                   : ltoa.obj (.text)
                  00002ace    00000052                                   : ldexp.obj (.text)
                  00002b20    00000050                                   : boot.obj (.text)
                  00002b70    0000004c                                   : atoi.obj (.text)
                  00002bbc    0000004c                                   : cpy_tbl.obj (.text)
                  00002c08    00000048     driverlib.lib : sysctl.obj (.text:_SysCtlFrequencyGet)
                  00002c50    00000048     rtsv7M4_T_le_v4SPD16_eabi.lib : fd_toi_t2.obj (.text)
                  00002c98    00000048                                   : vsprintf.obj (.text)
                  00002ce0    00000044                                   : exit.obj (.text)
                  00002d24    00000040                                   : signal.obj (.text)
                  00002d64    00000038                                   : fs_tod_t2.obj (.text)
                  00002d9c    00000034                                   : feraiseexcept.obj (.text)
                  00002dd0    00000030                                   : xdclass.obj (.text)
                  00002e00    00000030                                   : xferaise.obj (.text)
                  00002e30    0000002e                                   : i_tofd_t2.obj (.text)
                  00002e5e    0000002e                                   : raise.obj (.text)
                  00002e8c    0000002a                                   : frexp.obj (.text)
                  00002eb6    00000002     --HOLE-- [fill = 0]
                  00002eb8    0000001c     driverlib.lib : sysctl.obj (.text:_SysCtlMemTimingGet)
                  00002ed4    0000001c     rtsv7M4_T_le_v4SPD16_eabi.lib : memccpy.obj (.text)
                  00002ef0    00000018                                   : args_main.obj (.text)
                  00002f08    00000016                                   : strchr.obj (.text)
                  00002f1e    00000002     --HOLE-- [fill = 0]
                  00002f20    00000014                                   : _lock.obj (.text)
                  00002f34    00000014                                   : strlen.obj (.text)
                  00002f48    0000000e                                   : copy_decompress_none.obj (.text:decompress:none)
                  00002f56    0000000c     tm4c129xnczad_startup_ccs.obj (.text)
                  00002f62    00000006     rtsv7M4_T_le_v4SPD16_eabi.lib : copy_decompress_rle.obj (.text:decompress:rle24)
                  00002f68    00000004                                   : pre_init.obj (.text)

.const     0    00002f6c    000002c8     
                  00002f6c    00000120     driverlib.lib : sysctl.obj (.const:g_pppui32XTALtoVCO)
                  0000308c    00000101     rtsv7M4_T_le_v4SPD16_eabi.lib : ctype.obj (.const:.string:_ctypes_)
                  0000318d    00000003     --HOLE-- [fill = 0]
                  00003190    0000006c     driverlib.lib : sysctl.obj (.const:g_pui32Xtals)
                  000031fc    00000030                   : sysctl.obj (.const:g_sXTALtoMEMTIM)
                  0000322c    00000008                   : sysctl.obj (.const)

.cinit     0    00003238    0000006c     
                  00003238    00000059     (.cinit..data.load) [load image, compression = rle]
                  00003291    00000003     --HOLE-- [fill = 0]
                  00003294    00000008     (__TI_handler_table)
                  0000329c    00000008     (__TI_cinit_table)

.init_array 
*          0    00000000    00000000     UNINITIALIZED

.stack     0    20000000    00000400     UNINITIALIZED
                  20000000    00000400     --HOLE--

.data      0    20000400    00000168     UNINITIALIZED
                  20000400    000000b0     rtsv7M4_T_le_v4SPD16_eabi.lib : signal.obj (.data:sigtable)
                  200004b0    00000080                                   : xvalues.obj (.data)
                  20000530    00000017     myLib.obj (.data)
                  20000547    00000001     --HOLE--
                  20000548    00000008     rtsv7M4_T_le_v4SPD16_eabi.lib : _lock.obj (.data)
                  20000550    00000008                                   : exit.obj (.data)
                  20000558    00000008                                   : feraiseexcept.obj (.data)
                  20000560    00000004                                   : errno.obj (.data)
                  20000564    00000004                                   : stkdepth_vars.obj (.data)

.TI.persistent 
*          0    20000400    00000000     UNINITIALIZED


LINKER GENERATED COPY TABLES

__TI_cinit_table @ 0000329c records: 1, size/record: 8, table size: 8
	.data: load addr=00003238, load size=00000059 bytes, run addr=20000400, run size=00000168 bytes, compression=rle


LINKER GENERATED HANDLER TABLE

__TI_handler_table @ 00003294 records: 2, size/record: 4, table size: 8
	index: 0, handler: __TI_decompress_rle24
	index: 1, handler: __TI_decompress_none


GLOBAL SYMBOLS: SORTED ALPHABETICALLY BY Name 

address   name                    
-------   ----                    
000015bb  BUZZER_clear            
00001685  BUZZER_init             
00002ce1  C$$EXIT                 
000015e5  DelayForPlay            
000019e5  FND_clear               
000018f1  FND_init                
00001377  LED_init                
0000151b  PUSH_init               
000015c9  Play                    
00002f57  ResetISR                
UNDEFED   SHT$$INIT_ARRAY$$Base   
UNDEFED   SHT$$INIT_ARRAY$$Limit  
00001bd1  SysCtlClockFreqSet      
000017b9  TIMER_init              
00001479  UART_getch              
00001489  UART_getkey             
000012c5  UART_init               
000014d5  UART_printf             
0000149d  UART_putch              
000014b9  UART_putstr             
000018a9  WDTinitISR              
00001a15  WRITE_FND               
00001ac1  WRITE_FND_DOT           
00002dd1  _Dclass                 
200004b0  _Denorm                 
0000265d  _Dnorm                  
00002451  _Dscale                 
00002a13  _Dunscale               
200004c0  _Eps                    
20000560  _Errno                  
20000558  _Fenv                   
00002e01  _Feraise                
200004d0  _Hugeval                
200004e0  _Inf                    
200004f0  _Nan                    
20000510  _Rteps                  
20000500  _Snan                   
2000055c  _Tls_setup__Fenv        
20000520  _Xbig                   
20000528  _Zero                   
20000400  __STACK_END             
00000400  __STACK_SIZE            
20000200  __STACK_TOP             
0000329c  __TI_CINIT_Base         
000032a4  __TI_CINIT_Limit        
00003294  __TI_Handler_Table_Base 
0000329c  __TI_Handler_Table_Limit
0000293d  __TI_auto_init          
20000550  __TI_cleanup_ptr        
00002f49  __TI_decompress_none    
00002f63  __TI_decompress_rle24   
20000554  __TI_dtors_ptr          
00000fbd  __TI_printfi            
00000000  __TI_static_base__      
000027b7  __aeabi_cdcmpeq         
000027b7  __aeabi_cdcmple         
0000283d  __aeabi_cdrcmple        
00002c51  __aeabi_d2iz            
00001fcb  __aeabi_dadd            
00002319  __aeabi_ddiv            
00002561  __aeabi_dmul            
00001fc1  __aeabi_dsub            
00002d65  __aeabi_f2d             
00002e31  __aeabi_i2d             
000028c3  __aeabi_memclr          
000028c3  __aeabi_memclr4         
000028c3  __aeabi_memclr8         
0000271b  __aeabi_memcpy          
0000271b  __aeabi_memcpy4         
0000271b  __aeabi_memcpy8         
000028c5  __aeabi_memset          
000028c5  __aeabi_memset4         
000028c5  __aeabi_memset8         
00001dcd  __aeabi_uldivmod        
ffffffff  __binit__               
ffffffff  __c_args__              
20000000  __stack                 
00002ef1  _args_main              
00002b21  _c_int00                
0000308c  _ctypes_                
20000548  _lock                   
00002f2f  _nop                    
00002f27  _register_lock          
00002f21  _register_unlock        
00002f69  _system_pre_init        
2000054c  _unlock                 
00002ce5  abort                   
00002b71  atoi                    
ffffffff  binit                   
00002bbd  copy_in                 
00001501  delay                   
00002ced  exit                    
00002d9d  feraiseexcept           
00002e8d  frexp                   
00000000  g_pfnVectors            
00002acf  ldexp                   
00002a79  ltoa                    
00002179  main                    
20000564  main_func_sp            
00002ed5  memccpy                 
0000271b  memcpy                  
000028cb  memset                  
00002e5f  raise                   
00002d25  signal                  
00002f09  strchr                  
00002f35  strlen                  
00002c99  vsprintf                


GLOBAL SYMBOLS: SORTED BY Symbol Address 

address   name                    
-------   ----                    
00000000  __TI_static_base__      
00000000  g_pfnVectors            
00000400  __STACK_SIZE            
00000fbd  __TI_printfi            
000012c5  UART_init               
00001377  LED_init                
00001479  UART_getch              
00001489  UART_getkey             
0000149d  UART_putch              
000014b9  UART_putstr             
000014d5  UART_printf             
00001501  delay                   
0000151b  PUSH_init               
000015bb  BUZZER_clear            
000015c9  Play                    
000015e5  DelayForPlay            
00001685  BUZZER_init             
000017b9  TIMER_init              
000018a9  WDTinitISR              
000018f1  FND_init                
000019e5  FND_clear               
00001a15  WRITE_FND               
00001ac1  WRITE_FND_DOT           
00001bd1  SysCtlClockFreqSet      
00001dcd  __aeabi_uldivmod        
00001fc1  __aeabi_dsub            
00001fcb  __aeabi_dadd            
00002179  main                    
00002319  __aeabi_ddiv            
00002451  _Dscale                 
00002561  __aeabi_dmul            
0000265d  _Dnorm                  
0000271b  __aeabi_memcpy          
0000271b  __aeabi_memcpy4         
0000271b  __aeabi_memcpy8         
0000271b  memcpy                  
000027b7  __aeabi_cdcmpeq         
000027b7  __aeabi_cdcmple         
0000283d  __aeabi_cdrcmple        
000028c3  __aeabi_memclr          
000028c3  __aeabi_memclr4         
000028c3  __aeabi_memclr8         
000028c5  __aeabi_memset          
000028c5  __aeabi_memset4         
000028c5  __aeabi_memset8         
000028cb  memset                  
0000293d  __TI_auto_init          
00002a13  _Dunscale               
00002a79  ltoa                    
00002acf  ldexp                   
00002b21  _c_int00                
00002b71  atoi                    
00002bbd  copy_in                 
00002c51  __aeabi_d2iz            
00002c99  vsprintf                
00002ce1  C$$EXIT                 
00002ce5  abort                   
00002ced  exit                    
00002d25  signal                  
00002d65  __aeabi_f2d             
00002d9d  feraiseexcept           
00002dd1  _Dclass                 
00002e01  _Feraise                
00002e31  __aeabi_i2d             
00002e5f  raise                   
00002e8d  frexp                   
00002ed5  memccpy                 
00002ef1  _args_main              
00002f09  strchr                  
00002f21  _register_unlock        
00002f27  _register_lock          
00002f2f  _nop                    
00002f35  strlen                  
00002f49  __TI_decompress_none    
00002f57  ResetISR                
00002f63  __TI_decompress_rle24   
00002f69  _system_pre_init        
0000308c  _ctypes_                
00003294  __TI_Handler_Table_Base 
0000329c  __TI_CINIT_Base         
0000329c  __TI_Handler_Table_Limit
000032a4  __TI_CINIT_Limit        
20000000  __stack                 
20000200  __STACK_TOP             
20000400  __STACK_END             
200004b0  _Denorm                 
200004c0  _Eps                    
200004d0  _Hugeval                
200004e0  _Inf                    
200004f0  _Nan                    
20000500  _Snan                   
20000510  _Rteps                  
20000520  _Xbig                   
20000528  _Zero                   
20000548  _lock                   
2000054c  _unlock                 
20000550  __TI_cleanup_ptr        
20000554  __TI_dtors_ptr          
20000558  _Fenv                   
2000055c  _Tls_setup__Fenv        
20000560  _Errno                  
20000564  main_func_sp            
ffffffff  __binit__               
ffffffff  __c_args__              
ffffffff  binit                   
UNDEFED   SHT$$INIT_ARRAY$$Base   
UNDEFED   SHT$$INIT_ARRAY$$Limit  

[107 symbols]
