******************************************************************************
                  TI ARM Linker PC v5.2.5                      
******************************************************************************
>> Linked Thu Mar 08 20:45:19 2018

OUTPUT FILE NAME:   <UART.out>
ENTRY POINT SYMBOL: "_c_int00"  address: 0000249d


MEMORY CONFIGURATION

         name            origin    length      used     unused   attr    fill
----------------------  --------  ---------  --------  --------  ----  --------
  FLASH                 00000000   00100000  00002c04  000fd3fc  R  X
  SRAM                  20000000   00040000  00000950  0003f6b0  RW X


SEGMENT ALLOCATION MAP

run origin  load origin   length   init length attrs members
----------  ----------- ---------- ----------- ----- -------
00000000    00000000    00002c04   00002c04    r-x
  00000000    00000000    00000208   00000208    r-- .intvecs
  00000208    00000208    000026e0   000026e0    r-x .text
  000028e8    000028e8    000002c8   000002c8    r-- .const
  00002bb0    00002bb0    00000054   00000054    r-- .cinit
20000000    20000000    00000950   00000000    rw-
  20000000    20000000    00000800   00000000    rw- .stack
  20000800    20000800    00000150   00000000    rw- .data


SECTION ALLOCATION MAP

 output                                  attributes/
section   page    origin      length       input sections
--------  ----  ----------  ----------   ----------------
.intvecs   0    00000000    00000208     
                  00000000    00000208     tm4c129xnczad_startup_ccs.obj (.intvecs)

.text      0    00000208    000026e0     
                  00000208    000010ba     rtsv7M4_T_le_v4SPD16_eabi.lib : _printfi.obj (.text)
                  000012c2    00000002     --HOLE-- [fill = 0]
                  000012c4    00000240     myLib.obj (.text)
                  00001504    000001fc     driverlib.lib : sysctl.obj (.text:SysCtlClockFreqSet)
                  00001700    000001f4     rtsv7M4_T_le_v4SPD16_eabi.lib : ull_div_t2.obj (.text)
                  000018f4    000001ec     main.obj (.text)
                  00001ae0    000001b6     rtsv7M4_T_le_v4SPD16_eabi.lib : fd_add_t2.obj (.text)
                  00001c96    00000136                                   : fd_div_t2.obj (.text)
                  00001dcc    00000110                                   : xdscale.obj (.text)
                  00001edc    000000fc                                   : fd_mul_t2.obj (.text)
                  00001fd8    000000be                                   : xdnorm.obj (.text)
                  00002096    0000009c                                   : memcpy_t2.obj (.text)
                  00002132    00000086                                   : fd_cmp_t2.obj (.text:__aeabi_cdcmple)
                  000021b8    00000086                                   : fd_cmp_t2.obj (.text:__aeabi_cdrcmple)
                  0000223e    0000007a                                   : memset_t2.obj (.text)
                  000022b8    0000006c                                   : autoinit.obj (.text)
                  00002324    0000006a                                   : copy_decompress_rle.obj (.text)
                  0000238e    00000066                                   : xdunscal.obj (.text)
                  000023f4    00000056                                   : ltoa.obj (.text)
                  0000244a    00000052                                   : ldexp.obj (.text)
                  0000249c    00000050                                   : boot.obj (.text)
                  000024ec    0000004c                                   : atoi.obj (.text)
                  00002538    0000004c                                   : cpy_tbl.obj (.text)
                  00002584    00000048     driverlib.lib : sysctl.obj (.text:_SysCtlFrequencyGet)
                  000025cc    00000048     rtsv7M4_T_le_v4SPD16_eabi.lib : fd_toi_t2.obj (.text)
                  00002614    00000048                                   : vsprintf.obj (.text)
                  0000265c    00000044                                   : exit.obj (.text)
                  000026a0    00000040                                   : signal.obj (.text)
                  000026e0    00000038                                   : fs_tod_t2.obj (.text)
                  00002718    00000034                                   : feraiseexcept.obj (.text)
                  0000274c    00000030                                   : xdclass.obj (.text)
                  0000277c    00000030                                   : xferaise.obj (.text)
                  000027ac    0000002e                                   : i_tofd_t2.obj (.text)
                  000027da    0000002e                                   : raise.obj (.text)
                  00002808    0000002a                                   : frexp.obj (.text)
                  00002832    00000002     --HOLE-- [fill = 0]
                  00002834    0000001c     driverlib.lib : sysctl.obj (.text:_SysCtlMemTimingGet)
                  00002850    0000001c     rtsv7M4_T_le_v4SPD16_eabi.lib : memccpy.obj (.text)
                  0000286c    00000018                                   : args_main.obj (.text)
                  00002884    00000016                                   : strchr.obj (.text)
                  0000289a    00000002     --HOLE-- [fill = 0]
                  0000289c    00000014                                   : _lock.obj (.text)
                  000028b0    00000014                                   : strlen.obj (.text)
                  000028c4    0000000e                                   : copy_decompress_none.obj (.text:decompress:none)
                  000028d2    0000000c     tm4c129xnczad_startup_ccs.obj (.text)
                  000028de    00000006     rtsv7M4_T_le_v4SPD16_eabi.lib : copy_decompress_rle.obj (.text:decompress:rle24)
                  000028e4    00000004                                   : pre_init.obj (.text)

.const     0    000028e8    000002c8     
                  000028e8    00000120     driverlib.lib : sysctl.obj (.const:g_pppui32XTALtoVCO)
                  00002a08    00000101     rtsv7M4_T_le_v4SPD16_eabi.lib : ctype.obj (.const:.string:_ctypes_)
                  00002b09    00000003     --HOLE-- [fill = 0]
                  00002b0c    0000006c     driverlib.lib : sysctl.obj (.const:g_pui32Xtals)
                  00002b78    00000030                   : sysctl.obj (.const:g_sXTALtoMEMTIM)
                  00002ba8    00000008                   : sysctl.obj (.const)

.cinit     0    00002bb0    00000054     
                  00002bb0    00000041     (.cinit..data.load) [load image, compression = rle]
                  00002bf1    00000003     --HOLE-- [fill = 0]
                  00002bf4    00000008     (__TI_handler_table)
                  00002bfc    00000008     (__TI_cinit_table)

.init_array 
*          0    00000000    00000000     UNINITIALIZED

.stack     0    20000000    00000800     UNINITIALIZED
                  20000000    00000800     --HOLE--

.data      0    20000800    00000150     UNINITIALIZED
                  20000800    000000b0     rtsv7M4_T_le_v4SPD16_eabi.lib : signal.obj (.data:sigtable)
                  200008b0    00000080                                   : xvalues.obj (.data)
                  20000930    00000008                                   : _lock.obj (.data)
                  20000938    00000008                                   : exit.obj (.data)
                  20000940    00000008                                   : feraiseexcept.obj (.data)
                  20000948    00000004                                   : errno.obj (.data)
                  2000094c    00000004                                   : stkdepth_vars.obj (.data)

.TI.persistent 
*          0    20000800    00000000     UNINITIALIZED


LINKER GENERATED COPY TABLES

__TI_cinit_table @ 00002bfc records: 1, size/record: 8, table size: 8
	.data: load addr=00002bb0, load size=00000041 bytes, run addr=20000800, run size=00000150 bytes, compression=rle


LINKER GENERATED HANDLER TABLE

__TI_handler_table @ 00002bf4 records: 2, size/record: 4, table size: 8
	index: 0, handler: __TI_decompress_rle24
	index: 1, handler: __TI_decompress_none


GLOBAL SYMBOLS: SORTED ALPHABETICALLY BY Name 

address   name                    
-------   ----                    
0000265d  C$$EXIT                 
00001377  LED_init                
000028d3  ResetISR                
UNDEFED   SHT$$INIT_ARRAY$$Base   
UNDEFED   SHT$$INIT_ARRAY$$Limit  
00001505  SysCtlClockFreqSet      
000019a7  Uart_GetCh              
000019b7  Uart_GetKey             
000012c5  Uart_Init               
00001a03  Uart_Printf             
000019cb  Uart_PutCh              
000019e7  Uart_PutStr             
0000274d  _Dclass                 
200008b0  _Denorm                 
00001fd9  _Dnorm                  
00001dcd  _Dscale                 
0000238f  _Dunscale               
200008c0  _Eps                    
20000948  _Errno                  
20000940  _Fenv                   
0000277d  _Feraise                
200008d0  _Hugeval                
200008e0  _Inf                    
200008f0  _Nan                    
20000910  _Rteps                  
20000900  _Snan                   
20000944  _Tls_setup__Fenv        
20000920  _Xbig                   
20000928  _Zero                   
20000800  __STACK_END             
00000800  __STACK_SIZE            
20000200  __STACK_TOP             
00002bfc  __TI_CINIT_Base         
00002c04  __TI_CINIT_Limit        
00002bf4  __TI_Handler_Table_Base 
00002bfc  __TI_Handler_Table_Limit
000022b9  __TI_auto_init          
20000938  __TI_cleanup_ptr        
000028c5  __TI_decompress_none    
000028df  __TI_decompress_rle24   
2000093c  __TI_dtors_ptr          
00000fbd  __TI_printfi            
00000000  __TI_static_base__      
00002133  __aeabi_cdcmpeq         
00002133  __aeabi_cdcmple         
000021b9  __aeabi_cdrcmple        
000025cd  __aeabi_d2iz            
00001aeb  __aeabi_dadd            
00001c97  __aeabi_ddiv            
00001edd  __aeabi_dmul            
00001ae1  __aeabi_dsub            
000026e1  __aeabi_f2d             
000027ad  __aeabi_i2d             
0000223f  __aeabi_memclr          
0000223f  __aeabi_memclr4         
0000223f  __aeabi_memclr8         
00002097  __aeabi_memcpy          
00002097  __aeabi_memcpy4         
00002097  __aeabi_memcpy8         
00002241  __aeabi_memset          
00002241  __aeabi_memset4         
00002241  __aeabi_memset8         
00001701  __aeabi_uldivmod        
ffffffff  __binit__               
ffffffff  __c_args__              
20000000  __stack                 
0000286d  _args_main              
0000249d  _c_int00                
00002a08  _ctypes_                
20000930  _lock                   
000028ab  _nop                    
000028a3  _register_lock          
0000289d  _register_unlock        
000028e5  _system_pre_init        
20000934  _unlock                 
00002661  abort                   
000024ed  atoi                    
ffffffff  binit                   
00002539  copy_in                 
00002669  exit                    
00002719  feraiseexcept           
00002809  frexp                   
00000000  g_pfnVectors            
0000244b  ldexp                   
000023f5  ltoa                    
000018f5  main                    
2000094c  main_func_sp            
00002851  memccpy                 
00002097  memcpy                  
00002247  memset                  
000027db  raise                   
000026a1  signal                  
00002885  strchr                  
000028b1  strlen                  
00002615  vsprintf                


GLOBAL SYMBOLS: SORTED BY Symbol Address 

address   name                    
-------   ----                    
00000000  __TI_static_base__      
00000000  g_pfnVectors            
00000800  __STACK_SIZE            
00000fbd  __TI_printfi            
000012c5  Uart_Init               
00001377  LED_init                
00001505  SysCtlClockFreqSet      
00001701  __aeabi_uldivmod        
000018f5  main                    
000019a7  Uart_GetCh              
000019b7  Uart_GetKey             
000019cb  Uart_PutCh              
000019e7  Uart_PutStr             
00001a03  Uart_Printf             
00001ae1  __aeabi_dsub            
00001aeb  __aeabi_dadd            
00001c97  __aeabi_ddiv            
00001dcd  _Dscale                 
00001edd  __aeabi_dmul            
00001fd9  _Dnorm                  
00002097  __aeabi_memcpy          
00002097  __aeabi_memcpy4         
00002097  __aeabi_memcpy8         
00002097  memcpy                  
00002133  __aeabi_cdcmpeq         
00002133  __aeabi_cdcmple         
000021b9  __aeabi_cdrcmple        
0000223f  __aeabi_memclr          
0000223f  __aeabi_memclr4         
0000223f  __aeabi_memclr8         
00002241  __aeabi_memset          
00002241  __aeabi_memset4         
00002241  __aeabi_memset8         
00002247  memset                  
000022b9  __TI_auto_init          
0000238f  _Dunscale               
000023f5  ltoa                    
0000244b  ldexp                   
0000249d  _c_int00                
000024ed  atoi                    
00002539  copy_in                 
000025cd  __aeabi_d2iz            
00002615  vsprintf                
0000265d  C$$EXIT                 
00002661  abort                   
00002669  exit                    
000026a1  signal                  
000026e1  __aeabi_f2d             
00002719  feraiseexcept           
0000274d  _Dclass                 
0000277d  _Feraise                
000027ad  __aeabi_i2d             
000027db  raise                   
00002809  frexp                   
00002851  memccpy                 
0000286d  _args_main              
00002885  strchr                  
0000289d  _register_unlock        
000028a3  _register_lock          
000028ab  _nop                    
000028b1  strlen                  
000028c5  __TI_decompress_none    
000028d3  ResetISR                
000028df  __TI_decompress_rle24   
000028e5  _system_pre_init        
00002a08  _ctypes_                
00002bf4  __TI_Handler_Table_Base 
00002bfc  __TI_CINIT_Base         
00002bfc  __TI_Handler_Table_Limit
00002c04  __TI_CINIT_Limit        
20000000  __stack                 
20000200  __STACK_TOP             
20000800  __STACK_END             
200008b0  _Denorm                 
200008c0  _Eps                    
200008d0  _Hugeval                
200008e0  _Inf                    
200008f0  _Nan                    
20000900  _Snan                   
20000910  _Rteps                  
20000920  _Xbig                   
20000928  _Zero                   
20000930  _lock                   
20000934  _unlock                 
20000938  __TI_cleanup_ptr        
2000093c  __TI_dtors_ptr          
20000940  _Fenv                   
20000944  _Tls_setup__Fenv        
20000948  _Errno                  
2000094c  main_func_sp            
ffffffff  __binit__               
ffffffff  __c_args__              
ffffffff  binit                   
UNDEFED   SHT$$INIT_ARRAY$$Base   
UNDEFED   SHT$$INIT_ARRAY$$Limit  

[95 symbols]
