******************************************************************************
                  TI ARM Linker PC v5.2.2                      
******************************************************************************
>> Linked Wed Nov 03 17:42:48 2021

OUTPUT FILE NAME:   <FND_student.out>
ENTRY POINT SYMBOL: "_c_int00"  address: 00000e2d


MEMORY CONFIGURATION

         name            origin    length      used     unused   attr    fill
----------------------  --------  ---------  --------  --------  ----  --------
  FLASH                 00000000   00100000  000011c4  000fee3c  R  X
  SRAM                  20000000   00040000  00000234  0003fdcc  RW X


SEGMENT ALLOCATION MAP

run origin  load origin   length   init length attrs members
----------  ----------- ---------- ----------- ----- -------
00000000    00000000    000011c8   000011c8    r-x
  00000000    00000000    00000208   00000208    r-- .intvecs
  00000208    00000208    00000db8   00000db8    r-x .text
  00000fc0    00000fc0    000001c4   000001c4    r-- .const
  00001188    00001188    00000040   00000040    r-- .cinit
20000000    20000000    00000234   00000000    rw-
  20000000    20000000    00000200   00000000    rw- .stack
  20000200    20000200    00000034   00000000    rw- .data


SECTION ALLOCATION MAP

 output                                  attributes/
section   page    origin      length       input sections
--------  ----  ----------  ----------   ----------------
.intvecs   0    00000000    00000208     
                  00000000    00000208     tm4c129xnczad_startup_ccs.obj (.intvecs)

.text      0    00000208    00000db8     
                  00000208    0000062c     MyLib.obj (.text)
                  00000834    0000020c     main.obj (.text)
                  00000a40    000001fc     driverlib.lib : sysctl.obj (.text:SysCtlClockFreqSet)
                  00000c3c    0000009c     rtsv7M4_T_le_v4SPD16_eabi.lib : memcpy_t2.obj (.text)
                  00000cd8    0000007a                                   : memset_t2.obj (.text)
                  00000d52    00000002     --HOLE-- [fill = 0]
                  00000d54    0000006c                                   : autoinit.obj (.text)
                  00000dc0    0000006a                                   : copy_decompress_rle.obj (.text)
                  00000e2a    00000002     --HOLE-- [fill = 0]
                  00000e2c    00000050                                   : boot.obj (.text)
                  00000e7c    0000004c                                   : cpy_tbl.obj (.text)
                  00000ec8    00000048     driverlib.lib : sysctl.obj (.text:_SysCtlFrequencyGet)
                  00000f10    00000044     rtsv7M4_T_le_v4SPD16_eabi.lib : exit.obj (.text)
                  00000f54    0000001c     driverlib.lib : sysctl.obj (.text:_SysCtlMemTimingGet)
                  00000f70    00000018     rtsv7M4_T_le_v4SPD16_eabi.lib : args_main.obj (.text)
                  00000f88    00000014                                   : _lock.obj (.text)
                  00000f9c    0000000e                                   : copy_decompress_none.obj (.text:decompress:none)
                  00000faa    0000000c     tm4c129xnczad_startup_ccs.obj (.text)
                  00000fb6    00000006     rtsv7M4_T_le_v4SPD16_eabi.lib : copy_decompress_rle.obj (.text:decompress:rle24)
                  00000fbc    00000004                                   : pre_init.obj (.text)

.const     0    00000fc0    000001c4     
                  00000fc0    00000120     driverlib.lib : sysctl.obj (.const:g_pppui32XTALtoVCO)
                  000010e0    0000006c                   : sysctl.obj (.const:g_pui32Xtals)
                  0000114c    00000030                   : sysctl.obj (.const:g_sXTALtoMEMTIM)
                  0000117c    00000008                   : sysctl.obj (.const)

.cinit     0    00001188    00000040     
                  00001188    00000030     (.cinit..data.load) [load image, compression = rle]
                  000011b8    00000008     (__TI_handler_table)
                  000011c0    00000008     (__TI_cinit_table)

.init_array 
*          0    00000000    00000000     UNINITIALIZED

.stack     0    20000000    00000200     UNINITIALIZED
                  20000000    00000200     --HOLE--

.data      0    20000200    00000034     UNINITIALIZED
                  20000200    00000017     MyLib.obj (.data)
                  20000217    00000001     --HOLE--
                  20000218    00000008     rtsv7M4_T_le_v4SPD16_eabi.lib : _lock.obj (.data)
                  20000220    00000008                                   : exit.obj (.data)
                  20000228    00000006     main.obj (.data)
                  2000022e    00000002     --HOLE--
                  20000230    00000004     rtsv7M4_T_le_v4SPD16_eabi.lib : stkdepth_vars.obj (.data)

.TI.persistent 
*          0    20000200    00000000     UNINITIALIZED


LINKER GENERATED COPY TABLES

__TI_cinit_table @ 000011c0 records: 1, size/record: 8, table size: 8
	.data: load addr=00001188, load size=00000030 bytes, run addr=20000200, run size=00000034 bytes, compression=rle


LINKER GENERATED HANDLER TABLE

__TI_handler_table @ 000011b8 records: 2, size/record: 4, table size: 8
	index: 0, handler: __TI_decompress_rle24
	index: 1, handler: __TI_decompress_none


GLOBAL SYMBOLS: SORTED ALPHABETICALLY BY Name 

address   name                    
-------   ----                    
00000f11  C$$EXIT                 
0000055f  DIP_init                
00000769  FND_clear               
00000209  FND_init                
000003c9  LED_init                
000004bf  PUSH_init               
00000fab  ResetISR                
UNDEFED   SHT$$INIT_ARRAY$$Base   
UNDEFED   SHT$$INIT_ARRAY$$Limit  
00000a41  SysCtlClockFreqSet      
00000645  WRITE_FND               
000006f5  WRITE_FND_DOT           
00000995  WRITE_FND_MINUS         
20000200  __STACK_END             
00000200  __STACK_SIZE            
20000200  __STACK_TOP             
000011c0  __TI_CINIT_Base         
000011c8  __TI_CINIT_Limit        
000011b8  __TI_Handler_Table_Base 
000011c0  __TI_Handler_Table_Limit
00000d55  __TI_auto_init          
20000220  __TI_cleanup_ptr        
00000f9d  __TI_decompress_none    
00000fb7  __TI_decompress_rle24   
20000224  __TI_dtors_ptr          
00000000  __TI_static_base__      
00000cd9  __aeabi_memclr          
00000cd9  __aeabi_memclr4         
00000cd9  __aeabi_memclr8         
00000c3d  __aeabi_memcpy          
00000c3d  __aeabi_memcpy4         
00000c3d  __aeabi_memcpy8         
00000cdb  __aeabi_memset          
00000cdb  __aeabi_memset4         
00000cdb  __aeabi_memset8         
ffffffff  __binit__               
ffffffff  __c_args__              
20000000  __stack                 
00000f71  _args_main              
00000e2d  _c_int00                
20000218  _lock                   
00000f97  _nop                    
00000f8f  _register_lock          
00000f89  _register_unlock        
00000fbd  _system_pre_init        
2000021c  _unlock                 
00000f15  abort                   
ffffffff  binit                   
00000e7d  copy_in                 
0000097b  delay                   
00000f1d  exit                    
00000000  g_pfnVectors            
00000835  main                    
20000230  main_func_sp            
00000c3d  memcpy                  
00000ce1  memset                  


GLOBAL SYMBOLS: SORTED BY Symbol Address 

address   name                    
-------   ----                    
00000000  __TI_static_base__      
00000000  g_pfnVectors            
00000200  __STACK_SIZE            
00000209  FND_init                
000003c9  LED_init                
000004bf  PUSH_init               
0000055f  DIP_init                
00000645  WRITE_FND               
000006f5  WRITE_FND_DOT           
00000769  FND_clear               
00000835  main                    
0000097b  delay                   
00000995  WRITE_FND_MINUS         
00000a41  SysCtlClockFreqSet      
00000c3d  __aeabi_memcpy          
00000c3d  __aeabi_memcpy4         
00000c3d  __aeabi_memcpy8         
00000c3d  memcpy                  
00000cd9  __aeabi_memclr          
00000cd9  __aeabi_memclr4         
00000cd9  __aeabi_memclr8         
00000cdb  __aeabi_memset          
00000cdb  __aeabi_memset4         
00000cdb  __aeabi_memset8         
00000ce1  memset                  
00000d55  __TI_auto_init          
00000e2d  _c_int00                
00000e7d  copy_in                 
00000f11  C$$EXIT                 
00000f15  abort                   
00000f1d  exit                    
00000f71  _args_main              
00000f89  _register_unlock        
00000f8f  _register_lock          
00000f97  _nop                    
00000f9d  __TI_decompress_none    
00000fab  ResetISR                
00000fb7  __TI_decompress_rle24   
00000fbd  _system_pre_init        
000011b8  __TI_Handler_Table_Base 
000011c0  __TI_CINIT_Base         
000011c0  __TI_Handler_Table_Limit
000011c8  __TI_CINIT_Limit        
20000000  __stack                 
20000200  __STACK_END             
20000200  __STACK_TOP             
20000218  _lock                   
2000021c  _unlock                 
20000220  __TI_cleanup_ptr        
20000224  __TI_dtors_ptr          
20000230  main_func_sp            
ffffffff  __binit__               
ffffffff  __c_args__              
ffffffff  binit                   
UNDEFED   SHT$$INIT_ARRAY$$Base   
UNDEFED   SHT$$INIT_ARRAY$$Limit  

[56 symbols]
