******************************************************************************
                  TI ARM Linker PC v5.2.0                      
******************************************************************************
>> Linked Fri Feb 27 21:27:08 2015

OUTPUT FILE NAME:   <FND_test.out>
ENTRY POINT SYMBOL: "_c_int00"  address: 00000969


MEMORY CONFIGURATION

         name            origin    length      used     unused   attr    fill
----------------------  --------  ---------  --------  --------  ----  --------
  FLASH                 00000000   00100000  00000cf8  000ff308  R  X
  SRAM                  20000000   00040000  0000022c  0003fdd4  RW X


SEGMENT ALLOCATION MAP

run origin  load origin   length   init length attrs members
----------  ----------- ---------- ----------- ----- -------
00000000    00000000    00000cf8   00000cf8    r-x
  00000000    00000000    00000208   00000208    r-- .intvecs
  00000208    00000208    000008f4   000008f4    r-x .text
  00000afc    00000afc    000001c4   000001c4    r-- .const
  00000cc0    00000cc0    00000038   00000038    r-- .cinit
20000000    20000000    0000022c   00000000    rw-
  20000000    20000000    00000200   00000000    rw- .stack
  20000200    20000200    0000002c   00000000    rw- .data


SECTION ALLOCATION MAP

 output                                  attributes/
section   page    origin      length       input sections
--------  ----  ----------  ----------   ----------------
.intvecs   0    00000000    00000208     
                  00000000    00000208     tm4c129xnczad_startup_ccs.obj (.intvecs)

.text      0    00000208    000008f4     
                  00000208    00000374     main.obj (.text)
                  0000057c    000001fc     driverlib.lib : sysctl.obj (.text:SysCtlClockFreqSet)
                  00000778    0000009c     rtsv7M4_T_le_v4SPD16_eabi.lib : memcpy_t2.obj (.text)
                  00000814    0000007a                                   : memset_t2.obj (.text)
                  0000088e    00000002     --HOLE-- [fill = 0]
                  00000890    0000006c                                   : autoinit.obj (.text)
                  000008fc    0000006a                                   : copy_decompress_rle.obj (.text)
                  00000966    00000002     --HOLE-- [fill = 0]
                  00000968    00000050                                   : boot.obj (.text)
                  000009b8    0000004c                                   : cpy_tbl.obj (.text)
                  00000a04    00000048     driverlib.lib : sysctl.obj (.text:_SysCtlFrequencyGet)
                  00000a4c    00000044     rtsv7M4_T_le_v4SPD16_eabi.lib : exit.obj (.text)
                  00000a90    0000001c     driverlib.lib : sysctl.obj (.text:_SysCtlMemTimingGet)
                  00000aac    00000018     rtsv7M4_T_le_v4SPD16_eabi.lib : args_main.obj (.text)
                  00000ac4    00000014                                   : _lock.obj (.text)
                  00000ad8    0000000e                                   : copy_decompress_none.obj (.text:decompress:none)
                  00000ae6    0000000c     tm4c129xnczad_startup_ccs.obj (.text)
                  00000af2    00000006     rtsv7M4_T_le_v4SPD16_eabi.lib : copy_decompress_rle.obj (.text:decompress:rle24)
                  00000af8    00000004                                   : pre_init.obj (.text)

.const     0    00000afc    000001c4     
                  00000afc    00000120     driverlib.lib : sysctl.obj (.const:g_pppui32XTALtoVCO)
                  00000c1c    0000006c                   : sysctl.obj (.const:g_pui32Xtals)
                  00000c88    00000030                   : sysctl.obj (.const:g_sXTALtoMEMTIM)
                  00000cb8    00000008                   : sysctl.obj (.const)

.cinit     0    00000cc0    00000038     
                  00000cc0    00000027     (.cinit..data.load) [load image, compression = rle]
                  00000ce7    00000001     --HOLE-- [fill = 0]
                  00000ce8    00000008     (__TI_handler_table)
                  00000cf0    00000008     (__TI_cinit_table)

.init_array 
*          0    00000000    00000000     UNINITIALIZED

.stack     0    20000000    00000200     UNINITIALIZED
                  20000000    00000200     --HOLE--

.data      0    20000200    0000002c     UNINITIALIZED
                  20000200    00000017     main.obj (.data)
                  20000217    00000001     --HOLE--
                  20000218    00000008     rtsv7M4_T_le_v4SPD16_eabi.lib : _lock.obj (.data)
                  20000220    00000008                                   : exit.obj (.data)
                  20000228    00000004                                   : stkdepth_vars.obj (.data)

.TI.persistent 
*          0    20000200    00000000     UNINITIALIZED


LINKER GENERATED COPY TABLES

__TI_cinit_table @ 00000cf0 records: 1, size/record: 8, table size: 8
	.data: load addr=00000cc0, load size=00000027 bytes, run addr=20000200, run size=0000002c bytes, compression=rle


LINKER GENERATED HANDLER TABLE

__TI_handler_table @ 00000ce8 records: 2, size/record: 4, table size: 8
	index: 0, handler: __TI_decompress_rle24
	index: 1, handler: __TI_decompress_none


GLOBAL SYMBOLS: SORTED ALPHABETICALLY BY Name 

address   name                    
-------   ----                    
00000a4d  C$$EXIT                 
00000471  CLEAR_FND               
00000ae7  ResetISR                
UNDEFED   SHT$$INIT_ARRAY$$Base   
UNDEFED   SHT$$INIT_ARRAY$$Limit  
0000057d  SysCtlClockFreqSet      
000003a5  WRITE_FND               
00000409  WRITE_FND_DOT           
20000200  __STACK_END             
00000200  __STACK_SIZE            
20000200  __STACK_TOP             
00000cf0  __TI_CINIT_Base         
00000cf8  __TI_CINIT_Limit        
00000ce8  __TI_Handler_Table_Base 
00000cf0  __TI_Handler_Table_Limit
00000891  __TI_auto_init          
20000220  __TI_cleanup_ptr        
00000ad9  __TI_decompress_none    
00000af3  __TI_decompress_rle24   
20000224  __TI_dtors_ptr          
00000000  __TI_static_base__      
00000815  __aeabi_memclr          
00000815  __aeabi_memclr4         
00000815  __aeabi_memclr8         
00000779  __aeabi_memcpy          
00000779  __aeabi_memcpy4         
00000779  __aeabi_memcpy8         
00000817  __aeabi_memset          
00000817  __aeabi_memset4         
00000817  __aeabi_memset8         
ffffffff  __binit__               
ffffffff  __c_args__              
20000000  __stack                 
00000aad  _args_main              
00000969  _c_int00                
20000218  _lock                   
00000ad3  _nop                    
00000acb  _register_lock          
00000ac5  _register_unlock        
00000af9  _system_pre_init        
2000021c  _unlock                 
00000a51  abort                   
ffffffff  binit                   
000009b9  copy_in                 
00000a59  exit                    
00000000  g_pfnVectors            
00000209  init                    
0000048b  main                    
20000228  main_func_sp            
00000779  memcpy                  
0000081d  memset                  


GLOBAL SYMBOLS: SORTED BY Symbol Address 

address   name                    
-------   ----                    
00000000  __TI_static_base__      
00000000  g_pfnVectors            
00000200  __STACK_SIZE            
00000209  init                    
000003a5  WRITE_FND               
00000409  WRITE_FND_DOT           
00000471  CLEAR_FND               
0000048b  main                    
0000057d  SysCtlClockFreqSet      
00000779  __aeabi_memcpy          
00000779  __aeabi_memcpy4         
00000779  __aeabi_memcpy8         
00000779  memcpy                  
00000815  __aeabi_memclr          
00000815  __aeabi_memclr4         
00000815  __aeabi_memclr8         
00000817  __aeabi_memset          
00000817  __aeabi_memset4         
00000817  __aeabi_memset8         
0000081d  memset                  
00000891  __TI_auto_init          
00000969  _c_int00                
000009b9  copy_in                 
00000a4d  C$$EXIT                 
00000a51  abort                   
00000a59  exit                    
00000aad  _args_main              
00000ac5  _register_unlock        
00000acb  _register_lock          
00000ad3  _nop                    
00000ad9  __TI_decompress_none    
00000ae7  ResetISR                
00000af3  __TI_decompress_rle24   
00000af9  _system_pre_init        
00000ce8  __TI_Handler_Table_Base 
00000cf0  __TI_CINIT_Base         
00000cf0  __TI_Handler_Table_Limit
00000cf8  __TI_CINIT_Limit        
20000000  __stack                 
20000200  __STACK_END             
20000200  __STACK_TOP             
20000218  _lock                   
2000021c  _unlock                 
20000220  __TI_cleanup_ptr        
20000224  __TI_dtors_ptr          
20000228  main_func_sp            
ffffffff  __binit__               
ffffffff  __c_args__              
ffffffff  binit                   
UNDEFED   SHT$$INIT_ARRAY$$Base   
UNDEFED   SHT$$INIT_ARRAY$$Limit  

[51 symbols]
