******************************************************************************
                  TI ARM Linker PC v5.2.2                      
******************************************************************************
>> Linked Wed Nov 03 17:27:42 2021

OUTPUT FILE NAME:   <BUZZER_Timer.out>
ENTRY POINT SYMBOL: "_c_int00"  address: 0000119d


MEMORY CONFIGURATION

         name            origin    length      used     unused   attr    fill
----------------------  --------  ---------  --------  --------  ----  --------
  FLASH                 00000000   00100000  0000154c  000feab4  R  X
  SRAM                  20000000   00040000  0000022c  0003fdd4  RW X


SEGMENT ALLOCATION MAP

run origin  load origin   length   init length attrs members
----------  ----------- ---------- ----------- ----- -------
00000000    00000000    00001550   00001550    r-x
  00000000    00000000    00000208   00000208    r-- .intvecs
  00000208    00000208    00001128   00001128    r-x .text
  00001330    00001330    000001e4   000001e4    r-- .const
  00001518    00001518    00000038   00000038    r-- .cinit
20000000    20000000    0000022c   00000000    rw-
  20000000    20000000    00000200   00000000    rw- .stack
  20000200    20000200    0000002c   00000000    rw- .data


SECTION ALLOCATION MAP

 output                                  attributes/
section   page    origin      length       input sections
--------  ----  ----------  ----------   ----------------
.intvecs   0    00000000    00000208     
                  00000000    00000208     tm4c129xnczad_startup_ccs.obj (.intvecs)

.text      0    00000208    00001128     
                  00000208    00000978     MyLib.obj (.text)
                  00000b80    00000230     main.obj (.text)
                  00000db0    000001fc     driverlib.lib : sysctl.obj (.text:SysCtlClockFreqSet)
                  00000fac    0000009c     rtsv7M4_T_le_v4SPD16_eabi.lib : memcpy_t2.obj (.text)
                  00001048    0000007a                                   : memset_t2.obj (.text)
                  000010c2    00000002     --HOLE-- [fill = 0]
                  000010c4    0000006c                                   : autoinit.obj (.text)
                  00001130    0000006a                                   : copy_decompress_rle.obj (.text)
                  0000119a    00000002     --HOLE-- [fill = 0]
                  0000119c    00000050                                   : boot.obj (.text)
                  000011ec    0000004c                                   : cpy_tbl.obj (.text)
                  00001238    00000048     driverlib.lib : sysctl.obj (.text:_SysCtlFrequencyGet)
                  00001280    00000044     rtsv7M4_T_le_v4SPD16_eabi.lib : exit.obj (.text)
                  000012c4    0000001c     driverlib.lib : sysctl.obj (.text:_SysCtlMemTimingGet)
                  000012e0    00000018     rtsv7M4_T_le_v4SPD16_eabi.lib : args_main.obj (.text)
                  000012f8    00000014                                   : _lock.obj (.text)
                  0000130c    0000000e                                   : copy_decompress_none.obj (.text:decompress:none)
                  0000131a    0000000c     tm4c129xnczad_startup_ccs.obj (.text)
                  00001326    00000006     rtsv7M4_T_le_v4SPD16_eabi.lib : copy_decompress_rle.obj (.text:decompress:rle24)
                  0000132c    00000004                                   : pre_init.obj (.text)

.const     0    00001330    000001e4     
                  00001330    00000120     driverlib.lib : sysctl.obj (.const:g_pppui32XTALtoVCO)
                  00001450    0000006c                   : sysctl.obj (.const:g_pui32Xtals)
                  000014bc    00000030                   : sysctl.obj (.const:g_sXTALtoMEMTIM)
                  000014ec    00000020     main.obj (.const)
                  0000150c    00000008     driverlib.lib : sysctl.obj (.const)

.cinit     0    00001518    00000038     
                  00001518    00000027     (.cinit..data.load) [load image, compression = rle]
                  0000153f    00000001     --HOLE-- [fill = 0]
                  00001540    00000008     (__TI_handler_table)
                  00001548    00000008     (__TI_cinit_table)

.init_array 
*          0    00000000    00000000     UNINITIALIZED

.stack     0    20000000    00000200     UNINITIALIZED
                  20000000    00000200     --HOLE--

.data      0    20000200    0000002c     UNINITIALIZED
                  20000200    00000017     MyLib.obj (.data)
                  20000217    00000001     --HOLE--
                  20000218    00000008     rtsv7M4_T_le_v4SPD16_eabi.lib : _lock.obj (.data)
                  20000220    00000008                                   : exit.obj (.data)
                  20000228    00000004                                   : stkdepth_vars.obj (.data)

.TI.persistent 
*          0    20000200    00000000     UNINITIALIZED


LINKER GENERATED COPY TABLES

__TI_cinit_table @ 00001548 records: 1, size/record: 8, table size: 8
	.data: load addr=00001518, load size=00000027 bytes, run addr=20000200, run size=0000002c bytes, compression=rle


LINKER GENERATED HANDLER TABLE

__TI_handler_table @ 00001540 records: 2, size/record: 4, table size: 8
	index: 0, handler: __TI_decompress_rle24
	index: 1, handler: __TI_decompress_none


GLOBAL SYMBOLS: SORTED ALPHABETICALLY BY Name 

address   name                    
-------   ----                    
00000d4f  BUZZEROFF               
00000d47  BUZZERON                
00000411  BUZZER_clear            
00000209  BUZZER_init             
00001281  C$$EXIT                 
000008e5  DIP_init                
0000043b  DelayForPlay            
00000ab9  FND_clear               
000004b9  FND_init                
000006ed  LED_init                
00000801  PUSH_init               
0000041f  Play                    
0000131b  ResetISR                
UNDEFED   SHT$$INIT_ARRAY$$Base   
UNDEFED   SHT$$INIT_ARRAY$$Limit  
00000db1  SysCtlClockFreqSet      
00000307  TIMER_init              
00000d33  TimerEn                 
00000479  WDTinitISR              
000009c5  WRITE_FND               
00000a3d  WRITE_FND_DOT           
20000200  __STACK_END             
00000200  __STACK_SIZE            
20000200  __STACK_TOP             
00001548  __TI_CINIT_Base         
00001550  __TI_CINIT_Limit        
00001540  __TI_Handler_Table_Base 
00001548  __TI_Handler_Table_Limit
000010c5  __TI_auto_init          
20000220  __TI_cleanup_ptr        
0000130d  __TI_decompress_none    
00001327  __TI_decompress_rle24   
20000224  __TI_dtors_ptr          
00000000  __TI_static_base__      
00001049  __aeabi_memclr          
00001049  __aeabi_memclr4         
00001049  __aeabi_memclr8         
00000fad  __aeabi_memcpy          
00000fad  __aeabi_memcpy4         
00000fad  __aeabi_memcpy8         
0000104b  __aeabi_memset          
0000104b  __aeabi_memset4         
0000104b  __aeabi_memset8         
ffffffff  __binit__               
ffffffff  __c_args__              
20000000  __stack                 
000012e1  _args_main              
0000119d  _c_int00                
20000218  _lock                   
00001307  _nop                    
000012ff  _register_lock          
000012f9  _register_unlock        
0000132d  _system_pre_init        
2000021c  _unlock                 
00001285  abort                   
ffffffff  binit                   
000011ed  copy_in                 
000003f7  delay                   
0000128d  exit                    
00000000  g_pfnVectors            
00000b81  main                    
20000228  main_func_sp            
00000fad  memcpy                  
00001051  memset                  


GLOBAL SYMBOLS: SORTED BY Symbol Address 

address   name                    
-------   ----                    
00000000  __TI_static_base__      
00000000  g_pfnVectors            
00000200  __STACK_SIZE            
00000209  BUZZER_init             
00000307  TIMER_init              
000003f7  delay                   
00000411  BUZZER_clear            
0000041f  Play                    
0000043b  DelayForPlay            
00000479  WDTinitISR              
000004b9  FND_init                
000006ed  LED_init                
00000801  PUSH_init               
000008e5  DIP_init                
000009c5  WRITE_FND               
00000a3d  WRITE_FND_DOT           
00000ab9  FND_clear               
00000b81  main                    
00000d33  TimerEn                 
00000d47  BUZZERON                
00000d4f  BUZZEROFF               
00000db1  SysCtlClockFreqSet      
00000fad  __aeabi_memcpy          
00000fad  __aeabi_memcpy4         
00000fad  __aeabi_memcpy8         
00000fad  memcpy                  
00001049  __aeabi_memclr          
00001049  __aeabi_memclr4         
00001049  __aeabi_memclr8         
0000104b  __aeabi_memset          
0000104b  __aeabi_memset4         
0000104b  __aeabi_memset8         
00001051  memset                  
000010c5  __TI_auto_init          
0000119d  _c_int00                
000011ed  copy_in                 
00001281  C$$EXIT                 
00001285  abort                   
0000128d  exit                    
000012e1  _args_main              
000012f9  _register_unlock        
000012ff  _register_lock          
00001307  _nop                    
0000130d  __TI_decompress_none    
0000131b  ResetISR                
00001327  __TI_decompress_rle24   
0000132d  _system_pre_init        
00001540  __TI_Handler_Table_Base 
00001548  __TI_CINIT_Base         
00001548  __TI_Handler_Table_Limit
00001550  __TI_CINIT_Limit        
20000000  __stack                 
20000200  __STACK_END             
20000200  __STACK_TOP             
20000218  _lock                   
2000021c  _unlock                 
20000220  __TI_cleanup_ptr        
20000224  __TI_dtors_ptr          
20000228  main_func_sp            
ffffffff  __binit__               
ffffffff  __c_args__              
ffffffff  binit                   
UNDEFED   SHT$$INIT_ARRAY$$Base   
UNDEFED   SHT$$INIT_ARRAY$$Limit  

[64 symbols]
