******************************************************************************
                  TI ARM Linker PC v5.2.2                      
******************************************************************************
>> Linked Tue Oct 05 14:43:21 2021

OUTPUT FILE NAME:   <LED_student.out>
ENTRY POINT SYMBOL: "_c_int00"  address: 00000945


MEMORY CONFIGURATION

         name            origin    length      used     unused   attr    fill
----------------------  --------  ---------  --------  --------  ----  --------
  FLASH                 00000000   00100000  00000cbc  000ff344  R  X
  SRAM                  20000000   00040000  00000214  0003fdec  RW X


SEGMENT ALLOCATION MAP

run origin  load origin   length   init length attrs members
----------  ----------- ---------- ----------- ----- -------
00000000    00000000    00000cc0   00000cc0    r-x
  00000000    00000000    00000208   00000208    r-- .intvecs
  00000208    00000208    000008d0   000008d0    r-x .text
  00000ad8    00000ad8    000001c4   000001c4    r-- .const
  00000ca0    00000ca0    00000020   00000020    r-- .cinit
20000000    20000000    00000214   00000000    rw-
  20000000    20000000    00000200   00000000    rw- .stack
  20000200    20000200    00000014   00000000    rw- .data


SECTION ALLOCATION MAP

 output                                  attributes/
section   page    origin      length       input sections
--------  ----  ----------  ----------   ----------------
.intvecs   0    00000000    00000208     
                  00000000    00000208     tm4c129xnczad_startup_ccs.obj (.intvecs)

.text      0    00000208    000008d0     
                  00000208    00000204     main.obj (.text)
                  0000040c    000001fc     driverlib.lib : sysctl.obj (.text:SysCtlClockFreqSet)
                  00000608    0000014c     MyLib.obj (.text)
                  00000754    0000009c     rtsv7M4_T_le_v4SPD16_eabi.lib : memcpy_t2.obj (.text)
                  000007f0    0000007a                                   : memset_t2.obj (.text)
                  0000086a    00000002     --HOLE-- [fill = 0]
                  0000086c    0000006c                                   : autoinit.obj (.text)
                  000008d8    0000006a                                   : copy_decompress_rle.obj (.text)
                  00000942    00000002     --HOLE-- [fill = 0]
                  00000944    00000050                                   : boot.obj (.text)
                  00000994    0000004c                                   : cpy_tbl.obj (.text)
                  000009e0    00000048     driverlib.lib : sysctl.obj (.text:_SysCtlFrequencyGet)
                  00000a28    00000044     rtsv7M4_T_le_v4SPD16_eabi.lib : exit.obj (.text)
                  00000a6c    0000001c     driverlib.lib : sysctl.obj (.text:_SysCtlMemTimingGet)
                  00000a88    00000018     rtsv7M4_T_le_v4SPD16_eabi.lib : args_main.obj (.text)
                  00000aa0    00000014                                   : _lock.obj (.text)
                  00000ab4    0000000e                                   : copy_decompress_none.obj (.text:decompress:none)
                  00000ac2    0000000c     tm4c129xnczad_startup_ccs.obj (.text)
                  00000ace    00000006     rtsv7M4_T_le_v4SPD16_eabi.lib : copy_decompress_rle.obj (.text:decompress:rle24)
                  00000ad4    00000004                                   : pre_init.obj (.text)

.const     0    00000ad8    000001c4     
                  00000ad8    00000120     driverlib.lib : sysctl.obj (.const:g_pppui32XTALtoVCO)
                  00000bf8    0000006c                   : sysctl.obj (.const:g_pui32Xtals)
                  00000c64    00000030                   : sysctl.obj (.const:g_sXTALtoMEMTIM)
                  00000c94    00000008                   : sysctl.obj (.const)

.cinit     0    00000ca0    00000020     
                  00000ca0    0000000f     (.cinit..data.load) [load image, compression = rle]
                  00000caf    00000001     --HOLE-- [fill = 0]
                  00000cb0    00000008     (__TI_handler_table)
                  00000cb8    00000008     (__TI_cinit_table)

.init_array 
*          0    00000000    00000000     UNINITIALIZED

.stack     0    20000000    00000200     UNINITIALIZED
                  20000000    00000200     --HOLE--

.data      0    20000200    00000014     UNINITIALIZED
                  20000200    00000008     rtsv7M4_T_le_v4SPD16_eabi.lib : _lock.obj (.data)
                  20000208    00000008                                   : exit.obj (.data)
                  20000210    00000004                                   : stkdepth_vars.obj (.data)

.TI.persistent 
*          0    20000200    00000000     UNINITIALIZED


LINKER GENERATED COPY TABLES

__TI_cinit_table @ 00000cb8 records: 1, size/record: 8, table size: 8
	.data: load addr=00000ca0, load size=0000000f bytes, run addr=20000200, run size=00000014 bytes, compression=rle


LINKER GENERATED HANDLER TABLE

__TI_handler_table @ 00000cb0 records: 2, size/record: 4, table size: 8
	index: 0, handler: __TI_decompress_rle24
	index: 1, handler: __TI_decompress_none


GLOBAL SYMBOLS: SORTED ALPHABETICALLY BY Name 

address   name                    
-------   ----                    
00000a29  C$$EXIT                 
00000287  LED_Binary_Up_Counting  
00000257  LED_clear               
00000609  LED_init                
00000307  LLED_DOWNCOUNT          
000002cf  LLED_UPCOUNT            
000003a3  MLED_DOWNCOUNT          
00000ac3  ResetISR                
UNDEFED   SHT$$INIT_ARRAY$$Base   
UNDEFED   SHT$$INIT_ARRAY$$Limit  
0000040d  SysCtlClockFreqSet      
20000200  __STACK_END             
00000200  __STACK_SIZE            
20000200  __STACK_TOP             
00000cb8  __TI_CINIT_Base         
00000cc0  __TI_CINIT_Limit        
00000cb0  __TI_Handler_Table_Base 
00000cb8  __TI_Handler_Table_Limit
0000086d  __TI_auto_init          
20000208  __TI_cleanup_ptr        
00000ab5  __TI_decompress_none    
00000acf  __TI_decompress_rle24   
2000020c  __TI_dtors_ptr          
00000000  __TI_static_base__      
000007f1  __aeabi_memclr          
000007f1  __aeabi_memclr4         
000007f1  __aeabi_memclr8         
00000755  __aeabi_memcpy          
00000755  __aeabi_memcpy4         
00000755  __aeabi_memcpy8         
000007f3  __aeabi_memset          
000007f3  __aeabi_memset4         
000007f3  __aeabi_memset8         
ffffffff  __binit__               
ffffffff  __c_args__              
20000000  __stack                 
00000a89  _args_main              
00000945  _c_int00                
20000200  _lock                   
00000aaf  _nop                    
00000aa7  _register_lock          
00000aa1  _register_unlock        
00000ad5  _system_pre_init        
20000204  _unlock                 
00000a2d  abort                   
ffffffff  binit                   
0000033b  change                  
00000995  copy_in                 
0000026d  delay                   
00000a35  exit                    
00000000  g_pfnVectors            
00000209  main                    
20000210  main_func_sp            
00000755  memcpy                  
000007f9  memset                  


GLOBAL SYMBOLS: SORTED BY Symbol Address 

address   name                    
-------   ----                    
00000000  __TI_static_base__      
00000000  g_pfnVectors            
00000200  __STACK_SIZE            
00000209  main                    
00000257  LED_clear               
0000026d  delay                   
00000287  LED_Binary_Up_Counting  
000002cf  LLED_UPCOUNT            
00000307  LLED_DOWNCOUNT          
0000033b  change                  
000003a3  MLED_DOWNCOUNT          
0000040d  SysCtlClockFreqSet      
00000609  LED_init                
00000755  __aeabi_memcpy          
00000755  __aeabi_memcpy4         
00000755  __aeabi_memcpy8         
00000755  memcpy                  
000007f1  __aeabi_memclr          
000007f1  __aeabi_memclr4         
000007f1  __aeabi_memclr8         
000007f3  __aeabi_memset          
000007f3  __aeabi_memset4         
000007f3  __aeabi_memset8         
000007f9  memset                  
0000086d  __TI_auto_init          
00000945  _c_int00                
00000995  copy_in                 
00000a29  C$$EXIT                 
00000a2d  abort                   
00000a35  exit                    
00000a89  _args_main              
00000aa1  _register_unlock        
00000aa7  _register_lock          
00000aaf  _nop                    
00000ab5  __TI_decompress_none    
00000ac3  ResetISR                
00000acf  __TI_decompress_rle24   
00000ad5  _system_pre_init        
00000cb0  __TI_Handler_Table_Base 
00000cb8  __TI_CINIT_Base         
00000cb8  __TI_Handler_Table_Limit
00000cc0  __TI_CINIT_Limit        
20000000  __stack                 
20000200  __STACK_END             
20000200  __STACK_TOP             
20000200  _lock                   
20000204  _unlock                 
20000208  __TI_cleanup_ptr        
2000020c  __TI_dtors_ptr          
20000210  main_func_sp            
ffffffff  __binit__               
ffffffff  __c_args__              
ffffffff  binit                   
UNDEFED   SHT$$INIT_ARRAY$$Base   
UNDEFED   SHT$$INIT_ARRAY$$Limit  

[55 symbols]
