******************************************************************************
                  TI ARM Linker PC v5.2.5                      
******************************************************************************
>> Linked Thu Feb 22 15:08:37 2018

OUTPUT FILE NAME:   <DIP.out>
ENTRY POINT SYMBOL: "_c_int00"  address: 000008e1


MEMORY CONFIGURATION

         name            origin    length      used     unused   attr    fill
----------------------  --------  ---------  --------  --------  ----  --------
  FLASH                 00000000   00100000  00000c58  000ff3a8  R  X
  SRAM                  20000000   00040000  00000214  0003fdec  RW X


SEGMENT ALLOCATION MAP

run origin  load origin   length   init length attrs members
----------  ----------- ---------- ----------- ----- -------
00000000    00000000    00000c58   00000c58    r-x
  00000000    00000000    00000208   00000208    r-- .intvecs
  00000208    00000208    0000086c   0000086c    r-x .text
  00000a74    00000a74    000001c4   000001c4    r-- .const
  00000c38    00000c38    00000020   00000020    r-- .cinit
20000000    20000000    00000214   00000000    rw-
  20000000    20000000    00000200   00000000    rw- .stack
  20000200    20000200    00000014   00000000    rw- .data


SECTION ALLOCATION MAP

 output                                  attributes/
section   page    origin      length       input sections
--------  ----  ----------  ----------   ----------------
.intvecs   0    00000000    00000208     
                  00000000    00000208     tm4c129xnczad_startup_ccs.obj (.intvecs)

.text      0    00000208    0000086c     
                  00000208    000001fc     driverlib.lib : sysctl.obj (.text:SysCtlClockFreqSet)
                  00000404    000001ec     MyLib.obj (.text)
                  000005f0    00000100     main.obj (.text)
                  000006f0    0000009c     rtsv7M4_T_le_v4SPD16_eabi.lib : memcpy_t2.obj (.text)
                  0000078c    0000007a                                   : memset_t2.obj (.text)
                  00000806    00000002     --HOLE-- [fill = 0]
                  00000808    0000006c                                   : autoinit.obj (.text)
                  00000874    0000006a                                   : copy_decompress_rle.obj (.text)
                  000008de    00000002     --HOLE-- [fill = 0]
                  000008e0    00000050                                   : boot.obj (.text)
                  00000930    0000004c                                   : cpy_tbl.obj (.text)
                  0000097c    00000048     driverlib.lib : sysctl.obj (.text:_SysCtlFrequencyGet)
                  000009c4    00000044     rtsv7M4_T_le_v4SPD16_eabi.lib : exit.obj (.text)
                  00000a08    0000001c     driverlib.lib : sysctl.obj (.text:_SysCtlMemTimingGet)
                  00000a24    00000018     rtsv7M4_T_le_v4SPD16_eabi.lib : args_main.obj (.text)
                  00000a3c    00000014                                   : _lock.obj (.text)
                  00000a50    0000000e                                   : copy_decompress_none.obj (.text:decompress:none)
                  00000a5e    0000000c     tm4c129xnczad_startup_ccs.obj (.text)
                  00000a6a    00000006     rtsv7M4_T_le_v4SPD16_eabi.lib : copy_decompress_rle.obj (.text:decompress:rle24)
                  00000a70    00000004                                   : pre_init.obj (.text)

.const     0    00000a74    000001c4     
                  00000a74    00000120     driverlib.lib : sysctl.obj (.const:g_pppui32XTALtoVCO)
                  00000b94    0000006c                   : sysctl.obj (.const:g_pui32Xtals)
                  00000c00    00000030                   : sysctl.obj (.const:g_sXTALtoMEMTIM)
                  00000c30    00000008                   : sysctl.obj (.const)

.cinit     0    00000c38    00000020     
                  00000c38    0000000f     (.cinit..data.load) [load image, compression = rle]
                  00000c47    00000001     --HOLE-- [fill = 0]
                  00000c48    00000008     (__TI_handler_table)
                  00000c50    00000008     (__TI_cinit_table)

.init_array 
*          0    00000000    00000000     UNINITIALIZED

.stack     0    20000000    00000200     UNINITIALIZED
                  20000000    00000200     --HOLE--

.data      0    20000200    00000014     UNINITIALIZED
                  20000200    00000008     rtsv7M4_T_le_v4SPD16_eabi.lib : _lock.obj (.data)
                  20000208    00000008                                   : exit.obj (.data)
                  20000210    00000004                                   : stkdepth_vars.obj (.data)

.TI.persistent 
*          0    20000200    00000000     UNINITIALIZED


LINKER GENERATED COPY TABLES

__TI_cinit_table @ 00000c50 records: 1, size/record: 8, table size: 8
	.data: load addr=00000c38, load size=0000000f bytes, run addr=20000200, run size=00000014 bytes, compression=rle


LINKER GENERATED HANDLER TABLE

__TI_handler_table @ 00000c48 records: 2, size/record: 4, table size: 8
	index: 0, handler: __TI_decompress_rle24
	index: 1, handler: __TI_decompress_none


GLOBAL SYMBOLS: SORTED ALPHABETICALLY BY Name 

address   name                    
-------   ----                    
000009c5  C$$EXIT                 
000004e3  DIP_init                
0000068d  LED_clear               
00000405  LED_init                
00000a5f  ResetISR                
UNDEFED   SHT$$INIT_ARRAY$$Base   
UNDEFED   SHT$$INIT_ARRAY$$Limit  
00000209  SysCtlClockFreqSet      
20000200  __STACK_END             
00000200  __STACK_SIZE            
20000200  __STACK_TOP             
00000c50  __TI_CINIT_Base         
00000c58  __TI_CINIT_Limit        
00000c48  __TI_Handler_Table_Base 
00000c50  __TI_Handler_Table_Limit
00000809  __TI_auto_init          
20000208  __TI_cleanup_ptr        
00000a51  __TI_decompress_none    
00000a6b  __TI_decompress_rle24   
2000020c  __TI_dtors_ptr          
00000000  __TI_static_base__      
0000078d  __aeabi_memclr          
0000078d  __aeabi_memclr4         
0000078d  __aeabi_memclr8         
000006f1  __aeabi_memcpy          
000006f1  __aeabi_memcpy4         
000006f1  __aeabi_memcpy8         
0000078f  __aeabi_memset          
0000078f  __aeabi_memset4         
0000078f  __aeabi_memset8         
ffffffff  __binit__               
ffffffff  __c_args__              
20000000  __stack                 
00000a25  _args_main              
000008e1  _c_int00                
20000200  _lock                   
00000a4b  _nop                    
00000a43  _register_lock          
00000a3d  _register_unlock        
00000a71  _system_pre_init        
20000204  _unlock                 
000009c9  abort                   
ffffffff  binit                   
00000931  copy_in                 
000006a3  delay                   
000009d1  exit                    
00000000  g_pfnVectors            
000005f1  main                    
20000210  main_func_sp            
000006f1  memcpy                  
00000795  memset                  


GLOBAL SYMBOLS: SORTED BY Symbol Address 

address   name                    
-------   ----                    
00000000  __TI_static_base__      
00000000  g_pfnVectors            
00000200  __STACK_SIZE            
00000209  SysCtlClockFreqSet      
00000405  LED_init                
000004e3  DIP_init                
000005f1  main                    
0000068d  LED_clear               
000006a3  delay                   
000006f1  __aeabi_memcpy          
000006f1  __aeabi_memcpy4         
000006f1  __aeabi_memcpy8         
000006f1  memcpy                  
0000078d  __aeabi_memclr          
0000078d  __aeabi_memclr4         
0000078d  __aeabi_memclr8         
0000078f  __aeabi_memset          
0000078f  __aeabi_memset4         
0000078f  __aeabi_memset8         
00000795  memset                  
00000809  __TI_auto_init          
000008e1  _c_int00                
00000931  copy_in                 
000009c5  C$$EXIT                 
000009c9  abort                   
000009d1  exit                    
00000a25  _args_main              
00000a3d  _register_unlock        
00000a43  _register_lock          
00000a4b  _nop                    
00000a51  __TI_decompress_none    
00000a5f  ResetISR                
00000a6b  __TI_decompress_rle24   
00000a71  _system_pre_init        
00000c48  __TI_Handler_Table_Base 
00000c50  __TI_CINIT_Base         
00000c50  __TI_Handler_Table_Limit
00000c58  __TI_CINIT_Limit        
20000000  __stack                 
20000200  __STACK_END             
20000200  __STACK_TOP             
20000200  _lock                   
20000204  _unlock                 
20000208  __TI_cleanup_ptr        
2000020c  __TI_dtors_ptr          
20000210  main_func_sp            
ffffffff  __binit__               
ffffffff  __c_args__              
ffffffff  binit                   
UNDEFED   SHT$$INIT_ARRAY$$Base   
UNDEFED   SHT$$INIT_ARRAY$$Limit  

[51 symbols]
