******************************************************************************
                  TI ARM Linker PC v5.2.0                      
******************************************************************************
>> Linked Fri Feb 27 16:30:57 2015

OUTPUT FILE NAME:   <DIP_test.out>
ENTRY POINT SYMBOL: "_c_int00"  address: 0000094d


MEMORY CONFIGURATION

         name            origin    length      used     unused   attr    fill
----------------------  --------  ---------  --------  --------  ----  --------
  FLASH                 00000000   00100000  00000cc4  000ff33c  R  X
  SRAM                  20000000   00040000  00000214  0003fdec  RW X


SEGMENT ALLOCATION MAP

run origin  load origin   length   init length attrs members
----------  ----------- ---------- ----------- ----- -------
00000000    00000000    00000cc8   00000cc8    r-x
  00000000    00000000    00000208   00000208    r-- .intvecs
  00000208    00000208    000008d8   000008d8    r-x .text
  00000ae0    00000ae0    000001c4   000001c4    r-- .const
  00000ca8    00000ca8    00000020   00000020    r-- .cinit
20000000    20000000    00000214   00000000    rw-
  20000000    20000000    00000200   00000000    rw- .stack
  20000200    20000200    00000014   00000000    rw- .data


SECTION ALLOCATION MAP

 output                                  attributes/
section   page    origin      length       input sections
--------  ----  ----------  ----------   ----------------
.intvecs   0    00000000    00000208     
                  00000000    00000208     tm4c129xnczad_startup_ccs.obj (.intvecs)

.text      0    00000208    000008d8     
                  00000208    00000358     main.obj (.text)
                  00000560    000001fc     driverlib.lib : sysctl.obj (.text:SysCtlClockFreqSet)
                  0000075c    0000009c     rtsv7M4_T_le_v4SPD16_eabi.lib : memcpy_t2.obj (.text)
                  000007f8    0000007a                                   : memset_t2.obj (.text)
                  00000872    00000002     --HOLE-- [fill = 0]
                  00000874    0000006c                                   : autoinit.obj (.text)
                  000008e0    0000006a                                   : copy_decompress_rle.obj (.text)
                  0000094a    00000002     --HOLE-- [fill = 0]
                  0000094c    00000050                                   : boot.obj (.text)
                  0000099c    0000004c                                   : cpy_tbl.obj (.text)
                  000009e8    00000048     driverlib.lib : sysctl.obj (.text:_SysCtlFrequencyGet)
                  00000a30    00000044     rtsv7M4_T_le_v4SPD16_eabi.lib : exit.obj (.text)
                  00000a74    0000001c     driverlib.lib : sysctl.obj (.text:_SysCtlMemTimingGet)
                  00000a90    00000018     rtsv7M4_T_le_v4SPD16_eabi.lib : args_main.obj (.text)
                  00000aa8    00000014                                   : _lock.obj (.text)
                  00000abc    0000000e                                   : copy_decompress_none.obj (.text:decompress:none)
                  00000aca    0000000c     tm4c129xnczad_startup_ccs.obj (.text)
                  00000ad6    00000006     rtsv7M4_T_le_v4SPD16_eabi.lib : copy_decompress_rle.obj (.text:decompress:rle24)
                  00000adc    00000004                                   : pre_init.obj (.text)

.const     0    00000ae0    000001c4     
                  00000ae0    00000120     driverlib.lib : sysctl.obj (.const:g_pppui32XTALtoVCO)
                  00000c00    0000006c                   : sysctl.obj (.const:g_pui32Xtals)
                  00000c6c    00000030                   : sysctl.obj (.const:g_sXTALtoMEMTIM)
                  00000c9c    00000008                   : sysctl.obj (.const)

.cinit     0    00000ca8    00000020     
                  00000ca8    0000000f     (.cinit..data.load) [load image, compression = rle]
                  00000cb7    00000001     --HOLE-- [fill = 0]
                  00000cb8    00000008     (__TI_handler_table)
                  00000cc0    00000008     (__TI_cinit_table)

.init_array 
*          0    00000000    00000000     UNINITIALIZED

.stack     0    20000000    00000200     UNINITIALIZED
                  20000000    00000200     --HOLE--

.data      0    20000200    00000014     UNINITIALIZED
                  20000200    00000008     rtsv7M4_T_le_v4SPD16_eabi.lib : _lock.obj (.data)
                  20000208    00000008                                   : exit.obj (.data)
                  20000210    00000004                                   : stkdepth_vars.obj (.data)

.TI.persistent 
*          0    20000200    00000000     UNINITIALIZED


LINKER GENERATED COPY TABLES

__TI_cinit_table @ 00000cc0 records: 1, size/record: 8, table size: 8
	.data: load addr=00000ca8, load size=0000000f bytes, run addr=20000200, run size=00000014 bytes, compression=rle


LINKER GENERATED HANDLER TABLE

__TI_handler_table @ 00000cb8 records: 2, size/record: 4, table size: 8
	index: 0, handler: __TI_decompress_rle24
	index: 1, handler: __TI_decompress_none


GLOBAL SYMBOLS: SORTED ALPHABETICALLY BY Name 

address   name                    
-------   ----                    
00000a31  C$$EXIT                 
00000acb  ResetISR                
UNDEFED   SHT$$INIT_ARRAY$$Base   
UNDEFED   SHT$$INIT_ARRAY$$Limit  
00000561  SysCtlClockFreqSet      
20000200  __STACK_END             
00000200  __STACK_SIZE            
20000200  __STACK_TOP             
00000cc0  __TI_CINIT_Base         
00000cc8  __TI_CINIT_Limit        
00000cb8  __TI_Handler_Table_Base 
00000cc0  __TI_Handler_Table_Limit
00000875  __TI_auto_init          
20000208  __TI_cleanup_ptr        
00000abd  __TI_decompress_none    
00000ad7  __TI_decompress_rle24   
2000020c  __TI_dtors_ptr          
00000000  __TI_static_base__      
000007f9  __aeabi_memclr          
000007f9  __aeabi_memclr4         
000007f9  __aeabi_memclr8         
0000075d  __aeabi_memcpy          
0000075d  __aeabi_memcpy4         
0000075d  __aeabi_memcpy8         
000007fb  __aeabi_memset          
000007fb  __aeabi_memset4         
000007fb  __aeabi_memset8         
ffffffff  __binit__               
ffffffff  __c_args__              
20000000  __stack                 
00000a91  _args_main              
0000094d  _c_int00                
20000200  _lock                   
00000ab7  _nop                    
00000aaf  _register_lock          
00000aa9  _register_unlock        
00000add  _system_pre_init        
20000204  _unlock                 
00000a35  abort                   
ffffffff  binit                   
0000099d  copy_in                 
00000a3d  exit                    
00000000  g_pfnVectors            
00000209  init                    
0000035d  main                    
20000210  main_func_sp            
0000075d  memcpy                  
00000801  memset                  


GLOBAL SYMBOLS: SORTED BY Symbol Address 

address   name                    
-------   ----                    
00000000  __TI_static_base__      
00000000  g_pfnVectors            
00000200  __STACK_SIZE            
00000209  init                    
0000035d  main                    
00000561  SysCtlClockFreqSet      
0000075d  __aeabi_memcpy          
0000075d  __aeabi_memcpy4         
0000075d  __aeabi_memcpy8         
0000075d  memcpy                  
000007f9  __aeabi_memclr          
000007f9  __aeabi_memclr4         
000007f9  __aeabi_memclr8         
000007fb  __aeabi_memset          
000007fb  __aeabi_memset4         
000007fb  __aeabi_memset8         
00000801  memset                  
00000875  __TI_auto_init          
0000094d  _c_int00                
0000099d  copy_in                 
00000a31  C$$EXIT                 
00000a35  abort                   
00000a3d  exit                    
00000a91  _args_main              
00000aa9  _register_unlock        
00000aaf  _register_lock          
00000ab7  _nop                    
00000abd  __TI_decompress_none    
00000acb  ResetISR                
00000ad7  __TI_decompress_rle24   
00000add  _system_pre_init        
00000cb8  __TI_Handler_Table_Base 
00000cc0  __TI_CINIT_Base         
00000cc0  __TI_Handler_Table_Limit
00000cc8  __TI_CINIT_Limit        
20000000  __stack                 
20000200  __STACK_END             
20000200  __STACK_TOP             
20000200  _lock                   
20000204  _unlock                 
20000208  __TI_cleanup_ptr        
2000020c  __TI_dtors_ptr          
20000210  main_func_sp            
ffffffff  __binit__               
ffffffff  __c_args__              
ffffffff  binit                   
UNDEFED   SHT$$INIT_ARRAY$$Base   
UNDEFED   SHT$$INIT_ARRAY$$Limit  

[48 symbols]
