MO bcd_to_seg_mod NULL bcd_to_seg_mod.v vlg20/bcd__to__seg__mod.bin 1575880822
MO second_two_digits NULL second_two_digits.v vlg18/second__two__digits.bin 1575880822
MO second_1 NULL second_1.v vlg48/second__1.bin 1575880822
MO bcd_counter NULL bcd_counter.v vlg08/bcd__counter.bin 1575880822
MO second_10 NULL second_10.v vlg18/second__10.bin 1575880822
MO mod_6_counter NULL mod_6_counter.v vlg48/mod__6__counter.bin 1575880822
MO freq_div_N NULL freq_div_N.v vlg6D/freq__div___n.bin 1575880822
