******************************************************************************
                  TI ARM Linker PC v5.2.5                      
******************************************************************************
>> Linked Thu Feb 22 14:55:44 2018

OUTPUT FILE NAME:   <LED.out>
ENTRY POINT SYMBOL: "_c_int00"  address: 0000080d


MEMORY CONFIGURATION

         name            origin    length      used     unused   attr    fill
----------------------  --------  ---------  --------  --------  ----  --------
  FLASH                 00000000   00100000  00000b84  000ff47c  R  X
  SRAM                  20000000   00040000  00000214  0003fdec  RW X


SEGMENT ALLOCATION MAP

run origin  load origin   length   init length attrs members
----------  ----------- ---------- ----------- ----- -------
00000000    00000000    00000b88   00000b88    r-x
  00000000    00000000    00000208   00000208    r-- .intvecs
  00000208    00000208    00000798   00000798    r-x .text
  000009a0    000009a0    000001c4   000001c4    r-- .const
  00000b68    00000b68    00000020   00000020    r-- .cinit
20000000    20000000    00000214   00000000    rw-
  20000000    20000000    00000200   00000000    rw- .stack
  20000200    20000200    00000014   00000000    rw- .data


SECTION ALLOCATION MAP

 output                                  attributes/
section   page    origin      length       input sections
--------  ----  ----------  ----------   ----------------
.intvecs   0    00000000    00000208     
                  00000000    00000208     tm4c129xnczad_startup_ccs.obj (.intvecs)

.text      0    00000208    00000798     
                  00000208    000001fc     driverlib.lib : sysctl.obj (.text:SysCtlClockFreqSet)
                  00000404    0000014c     MyLib.obj (.text)
                  00000550    000000cc     main.obj (.text)
                  0000061c    0000009c     rtsv7M4_T_le_v4SPD16_eabi.lib : memcpy_t2.obj (.text)
                  000006b8    0000007a                                   : memset_t2.obj (.text)
                  00000732    00000002     --HOLE-- [fill = 0]
                  00000734    0000006c                                   : autoinit.obj (.text)
                  000007a0    0000006a                                   : copy_decompress_rle.obj (.text)
                  0000080a    00000002     --HOLE-- [fill = 0]
                  0000080c    00000050                                   : boot.obj (.text)
                  0000085c    0000004c                                   : cpy_tbl.obj (.text)
                  000008a8    00000048     driverlib.lib : sysctl.obj (.text:_SysCtlFrequencyGet)
                  000008f0    00000044     rtsv7M4_T_le_v4SPD16_eabi.lib : exit.obj (.text)
                  00000934    0000001c     driverlib.lib : sysctl.obj (.text:_SysCtlMemTimingGet)
                  00000950    00000018     rtsv7M4_T_le_v4SPD16_eabi.lib : args_main.obj (.text)
                  00000968    00000014                                   : _lock.obj (.text)
                  0000097c    0000000e                                   : copy_decompress_none.obj (.text:decompress:none)
                  0000098a    0000000c     tm4c129xnczad_startup_ccs.obj (.text)
                  00000996    00000006     rtsv7M4_T_le_v4SPD16_eabi.lib : copy_decompress_rle.obj (.text:decompress:rle24)
                  0000099c    00000004                                   : pre_init.obj (.text)

.const     0    000009a0    000001c4     
                  000009a0    00000120     driverlib.lib : sysctl.obj (.const:g_pppui32XTALtoVCO)
                  00000ac0    0000006c                   : sysctl.obj (.const:g_pui32Xtals)
                  00000b2c    00000030                   : sysctl.obj (.const:g_sXTALtoMEMTIM)
                  00000b5c    00000008                   : sysctl.obj (.const)

.cinit     0    00000b68    00000020     
                  00000b68    0000000f     (.cinit..data.load) [load image, compression = rle]
                  00000b77    00000001     --HOLE-- [fill = 0]
                  00000b78    00000008     (__TI_handler_table)
                  00000b80    00000008     (__TI_cinit_table)

.init_array 
*          0    00000000    00000000     UNINITIALIZED

.stack     0    20000000    00000200     UNINITIALIZED
                  20000000    00000200     --HOLE--

.data      0    20000200    00000014     UNINITIALIZED
                  20000200    00000008     rtsv7M4_T_le_v4SPD16_eabi.lib : _lock.obj (.data)
                  20000208    00000008                                   : exit.obj (.data)
                  20000210    00000004                                   : stkdepth_vars.obj (.data)

.TI.persistent 
*          0    20000200    00000000     UNINITIALIZED


LINKER GENERATED COPY TABLES

__TI_cinit_table @ 00000b80 records: 1, size/record: 8, table size: 8
	.data: load addr=00000b68, load size=0000000f bytes, run addr=20000200, run size=00000014 bytes, compression=rle


LINKER GENERATED HANDLER TABLE

__TI_handler_table @ 00000b78 records: 2, size/record: 4, table size: 8
	index: 0, handler: __TI_decompress_rle24
	index: 1, handler: __TI_decompress_none


GLOBAL SYMBOLS: SORTED ALPHABETICALLY BY Name 

address   name                    
-------   ----                    
000008f1  C$$EXIT                 
000005d7  LED_clear               
00000405  LED_init                
0000098b  ResetISR                
UNDEFED   SHT$$INIT_ARRAY$$Base   
UNDEFED   SHT$$INIT_ARRAY$$Limit  
00000209  SysCtlClockFreqSet      
20000200  __STACK_END             
00000200  __STACK_SIZE            
20000200  __STACK_TOP             
00000b80  __TI_CINIT_Base         
00000b88  __TI_CINIT_Limit        
00000b78  __TI_Handler_Table_Base 
00000b80  __TI_Handler_Table_Limit
00000735  __TI_auto_init          
20000208  __TI_cleanup_ptr        
0000097d  __TI_decompress_none    
00000997  __TI_decompress_rle24   
2000020c  __TI_dtors_ptr          
00000000  __TI_static_base__      
000006b9  __aeabi_memclr          
000006b9  __aeabi_memclr4         
000006b9  __aeabi_memclr8         
0000061d  __aeabi_memcpy          
0000061d  __aeabi_memcpy4         
0000061d  __aeabi_memcpy8         
000006bb  __aeabi_memset          
000006bb  __aeabi_memset4         
000006bb  __aeabi_memset8         
ffffffff  __binit__               
ffffffff  __c_args__              
20000000  __stack                 
00000951  _args_main              
0000080d  _c_int00                
20000200  _lock                   
00000977  _nop                    
0000096f  _register_lock          
00000969  _register_unlock        
0000099d  _system_pre_init        
20000204  _unlock                 
000008f5  abort                   
ffffffff  binit                   
0000085d  copy_in                 
000005ed  delay                   
000008fd  exit                    
00000000  g_pfnVectors            
00000551  main                    
20000210  main_func_sp            
0000061d  memcpy                  
000006c1  memset                  


GLOBAL SYMBOLS: SORTED BY Symbol Address 

address   name                    
-------   ----                    
00000000  __TI_static_base__      
00000000  g_pfnVectors            
00000200  __STACK_SIZE            
00000209  SysCtlClockFreqSet      
00000405  LED_init                
00000551  main                    
000005d7  LED_clear               
000005ed  delay                   
0000061d  __aeabi_memcpy          
0000061d  __aeabi_memcpy4         
0000061d  __aeabi_memcpy8         
0000061d  memcpy                  
000006b9  __aeabi_memclr          
000006b9  __aeabi_memclr4         
000006b9  __aeabi_memclr8         
000006bb  __aeabi_memset          
000006bb  __aeabi_memset4         
000006bb  __aeabi_memset8         
000006c1  memset                  
00000735  __TI_auto_init          
0000080d  _c_int00                
0000085d  copy_in                 
000008f1  C$$EXIT                 
000008f5  abort                   
000008fd  exit                    
00000951  _args_main              
00000969  _register_unlock        
0000096f  _register_lock          
00000977  _nop                    
0000097d  __TI_decompress_none    
0000098b  ResetISR                
00000997  __TI_decompress_rle24   
0000099d  _system_pre_init        
00000b78  __TI_Handler_Table_Base 
00000b80  __TI_CINIT_Base         
00000b80  __TI_Handler_Table_Limit
00000b88  __TI_CINIT_Limit        
20000000  __stack                 
20000200  __STACK_END             
20000200  __STACK_TOP             
20000200  _lock                   
20000204  _unlock                 
20000208  __TI_cleanup_ptr        
2000020c  __TI_dtors_ptr          
20000210  main_func_sp            
ffffffff  __binit__               
ffffffff  __c_args__              
ffffffff  binit                   
UNDEFED   SHT$$INIT_ARRAY$$Base   
UNDEFED   SHT$$INIT_ARRAY$$Limit  

[50 symbols]
